lrdn0077:1502866:1503148 [3] NCCL INFO Channel 07/0 : 7[c8000] -> 3[c8000] [receive] via NET/IB/3/GDRDMA
lrdn0077:1502863:1502995 [0] NCCL INFO Channel 04/0 : 4[1d000] -> 0[1d000] [receive] via NET/IB/0/GDRDMA
lrdn0077:1502864:1503153 [1] NCCL INFO Channel 05/0 : 5[56000] -> 1[56000] [receive] via NET/IB/1/GDRDMA
lrdn0078:1780354:1780654 [0] NCCL INFO Channel 04/0 : 0[1d000] -> 4[1d000] [receive] via NET/IB/0/GDRDMA
lrdn0078:1780357:1780659 [3] NCCL INFO Channel 07/0 : 3[c8000] -> 7[c8000] [receive] via NET/IB/3/GDRDMA
lrdn0078:1780356:1780649 [2] NCCL INFO Channel 06/0 : 2[8f000] -> 6[8f000] [receive] via NET/IB/2/GDRDMA
lrdn0078:1780355:1780648 [1] NCCL INFO Channel 05/0 : 1[56000] -> 5[56000] [receive] via NET/IB/1/GDRDMA
lrdn0077:1502863:1502995 [0] NCCL INFO Channel 00/0 : 0[1d000] -> 4[1d000] [send] via NET/IB/0/GDRDMA
lrdn0077:1502864:1503153 [1] NCCL INFO Channel 01/0 : 1[56000] -> 5[56000] [send] via NET/IB/1/GDRDMA
lrdn0077:1502865:1503167 [2] NCCL INFO Channel 02/0 : 2[8f000] -> 6[8f000] [send] via NET/IB/2/GDRDMA
lrdn0077:1502866:1503148 [3] NCCL INFO Channel 03/0 : 3[c8000] -> 7[c8000] [send] via NET/IB/3/GDRDMA
lrdn0078:1780354:1780654 [0] NCCL INFO Channel 00/0 : 4[1d000] -> 0[1d000] [send] via NET/IB/0/GDRDMA
lrdn0078:1780356:1780649 [2] NCCL INFO Channel 02/0 : 6[8f000] -> 2[8f000] [send] via NET/IB/2/GDRDMA
lrdn0078:1780357:1780659 [3] NCCL INFO Channel 03/0 : 7[c8000] -> 3[c8000] [send] via NET/IB/3/GDRDMA
lrdn0078:1780355:1780648 [1] NCCL INFO Channel 01/0 : 5[56000] -> 1[56000] [send] via NET/IB/1/GDRDMA
lrdn0077:1502863:1502995 [0] NCCL INFO Channel 04/0 : 0[1d000] -> 4[1d000] [send] via NET/IB/0/GDRDMA
lrdn0077:1502864:1503153 [1] NCCL INFO Channel 05/0 : 1[56000] -> 5[56000] [send] via NET/IB/1/GDRDMA
lrdn0077:1502865:1503167 [2] NCCL INFO Channel 06/0 : 2[8f000] -> 6[8f000] [send] via NET/IB/2/GDRDMA
lrdn0077:1502866:1503148 [3] NCCL INFO Channel 07/0 : 3[c8000] -> 7[c8000] [send] via NET/IB/3/GDRDMA
lrdn0078:1780354:1780654 [0] NCCL INFO Channel 04/0 : 4[1d000] -> 0[1d000] [send] via NET/IB/0/GDRDMA
lrdn0078:1780356:1780649 [2] NCCL INFO Channel 06/0 : 6[8f000] -> 2[8f000] [send] via NET/IB/2/GDRDMA
lrdn0078:1780357:1780659 [3] NCCL INFO Channel 07/0 : 7[c8000] -> 3[c8000] [send] via NET/IB/3/GDRDMA
lrdn0078:1780355:1780648 [1] NCCL INFO Channel 05/0 : 5[56000] -> 1[56000] [send] via NET/IB/1/GDRDMA
lrdn0078:1780357:1780659 [3] NCCL INFO Channel 01 : 7[c8000] -> 4[1d000] via P2P/IPC/read
lrdn0078:1780357:1780659 [3] NCCL INFO Channel 02 : 7[c8000] -> 4[1d000] via P2P/IPC/read
lrdn0078:1780356:1780649 [2] NCCL INFO Channel 01 : 6[8f000] -> 4[1d000] via P2P/IPC/read
lrdn0077:1502866:1503148 [3] NCCL INFO Channel 01 : 3[c8000] -> 0[1d000] via P2P/IPC/read
lrdn0077:1502865:1503167 [2] NCCL INFO Channel 01 : 2[8f000] -> 0[1d000] via P2P/IPC/read
lrdn0077:1502866:1503148 [3] NCCL INFO Channel 02 : 3[c8000] -> 0[1d000] via P2P/IPC/read
lrdn0078:1780357:1780659 [3] NCCL INFO Channel 05 : 7[c8000] -> 4[1d000] via P2P/IPC/read
lrdn0078:1780356:1780649 [2] NCCL INFO Channel 02 : 6[8f000] -> 4[1d000] via P2P/IPC/read
lrdn0077:1502865:1503167 [2] NCCL INFO Channel 02 : 2[8f000] -> 0[1d000] via P2P/IPC/read
lrdn0077:1502865:1503167 [2] NCCL INFO Channel 05 : 2[8f000] -> 0[1d000] via P2P/IPC/read
lrdn0077:1502866:1503148 [3] NCCL INFO Channel 05 : 3[c8000] -> 0[1d000] via P2P/IPC/read
lrdn0077:1502866:1503148 [3] NCCL INFO Channel 06 : 3[c8000] -> 0[1d000] via P2P/IPC/read
lrdn0078:1780357:1780659 [3] NCCL INFO Channel 06 : 7[c8000] -> 4[1d000] via P2P/IPC/read
lrdn0078:1780356:1780649 [2] NCCL INFO Channel 05 : 6[8f000] -> 4[1d000] via P2P/IPC/read
lrdn0077:1502865:1503167 [2] NCCL INFO Channel 06 : 2[8f000] -> 0[1d000] via P2P/IPC/read
lrdn0078:1780356:1780649 [2] NCCL INFO Channel 06 : 6[8f000] -> 4[1d000] via P2P/IPC/read
lrdn0078:1780357:1780659 [3] NCCL INFO Channel 01 : 7[c8000] -> 5[56000] via P2P/IPC/read
lrdn0077:1502866:1503148 [3] NCCL INFO Channel 01 : 3[c8000] -> 1[56000] via P2P/IPC/read
lrdn0078:1780357:1780659 [3] NCCL INFO Channel 02 : 7[c8000] -> 5[56000] via P2P/IPC/read
lrdn0078:1780357:1780659 [3] NCCL INFO Channel 05 : 7[c8000] -> 5[56000] via P2P/IPC/read
lrdn0077:1502866:1503148 [3] NCCL INFO Channel 02 : 3[c8000] -> 1[56000] via P2P/IPC/read
lrdn0078:1780357:1780659 [3] NCCL INFO Channel 06 : 7[c8000] -> 5[56000] via P2P/IPC/read
lrdn0077:1502866:1503148 [3] NCCL INFO Channel 05 : 3[c8000] -> 1[56000] via P2P/IPC/read
lrdn0077:1502866:1503148 [3] NCCL INFO Channel 06 : 3[c8000] -> 1[56000] via P2P/IPC/read
lrdn0078:1780357:1780659 [3] NCCL INFO Channel 00 : 7[c8000] -> 6[8f000] via P2P/IPC/read
lrdn0077:1502866:1503148 [3] NCCL INFO Channel 00 : 3[c8000] -> 2[8f000] via P2P/IPC/read
lrdn0078:1780357:1780659 [3] NCCL INFO Channel 04 : 7[c8000] -> 6[8f000] via P2P/IPC/read
lrdn0077:1502866:1503148 [3] NCCL INFO Channel 04 : 3[c8000] -> 2[8f000] via P2P/IPC/read
lrdn0078:1780356:1780649 [2] NCCL INFO Channel 00 : 6[8f000] -> 5[56000] via P2P/IPC/read
lrdn0078:1780355:1780648 [1] NCCL INFO Channel 00 : 5[56000] -> 4[1d000] via P2P/IPC/read
lrdn0077:1502864:1503153 [1] NCCL INFO Channel 00 : 1[56000] -> 0[1d000] via P2P/IPC/read
lrdn0078:1780356:1780649 [2] NCCL INFO Channel 04 : 6[8f000] -> 5[56000] via P2P/IPC/read
lrdn0078:1780355:1780648 [1] NCCL INFO Channel 04 : 5[56000] -> 4[1d000] via P2P/IPC/read
lrdn0077:1502865:1503167 [2] NCCL INFO Channel 00 : 2[8f000] -> 1[56000] via P2P/IPC/read
lrdn0077:1502864:1503153 [1] NCCL INFO Channel 04 : 1[56000] -> 0[1d000] via P2P/IPC/read
lrdn0077:1502865:1503167 [2] NCCL INFO Channel 04 : 2[8f000] -> 1[56000] via P2P/IPC/read
lrdn0077:1502863:1502995 [0] NCCL INFO Connected all trees
lrdn0077:1502863:1502995 [0] NCCL INFO MSCCL_XML_FILES set by environment to test.xml
lrdn0077:1502863:1502995 [0] NCCL INFO MSCCL: Parsing algorithm test.xml
lrdn0078:1780357:1780659 [3] NCCL INFO Connected all trees
lrdn0078:1780357:1780659 [3] NCCL INFO MSCCL_XML_FILES set by environment to test.xml
lrdn0078:1780357:1780659 [3] NCCL INFO MSCCL: Parsing algorithm test.xml
lrdn0078:1780354:1780654 [0] NCCL INFO Connected all trees
lrdn0078:1780354:1780654 [0] NCCL INFO MSCCL_XML_FILES set by environment to test.xml
lrdn0078:1780354:1780654 [0] NCCL INFO MSCCL: Parsing algorithm test.xml
lrdn0077:1502866:1503148 [3] NCCL INFO Connected all trees
lrdn0077:1502866:1503148 [3] NCCL INFO MSCCL_XML_FILES set by environment to test.xml
lrdn0077:1502866:1503148 [3] NCCL INFO MSCCL: Parsing algorithm test.xml
lrdn0078:1780356:1780649 [2] NCCL INFO Connected all trees
lrdn0078:1780356:1780649 [2] NCCL INFO MSCCL_XML_FILES set by environment to test.xml
lrdn0078:1780356:1780649 [2] NCCL INFO MSCCL: Parsing algorithm test.xml
lrdn0078:1780355:1780648 [1] NCCL INFO Connected all trees
lrdn0078:1780355:1780648 [1] NCCL INFO MSCCL_XML_FILES set by environment to test.xml
lrdn0078:1780355:1780648 [1] NCCL INFO MSCCL: Parsing algorithm test.xml
lrdn0077:1502864:1503153 [1] NCCL INFO Connected all trees
lrdn0077:1502864:1503153 [1] NCCL INFO MSCCL_XML_FILES set by environment to test.xml
lrdn0077:1502864:1503153 [1] NCCL INFO MSCCL: Parsing algorithm test.xml
lrdn0077:1502865:1503167 [2] NCCL INFO Connected all trees
lrdn0077:1502865:1503167 [2] NCCL INFO MSCCL_XML_FILES set by environment to test.xml
lrdn0077:1502865:1503167 [2] NCCL INFO MSCCL: Parsing algorithm test.xml
lrdn0077:1502865:1503167 [2] NCCL INFO Parsed MSCCL Algorithm test.xml successfully.
lrdn0077:1502864:1503153 [1] NCCL INFO Parsed MSCCL Algorithm test.xml successfully.
lrdn0077:1502866:1503148 [3] NCCL INFO Parsed MSCCL Algorithm test.xml successfully.
lrdn0078:1780354:1780654 [0] NCCL INFO Parsed MSCCL Algorithm test.xml successfully.
lrdn0077:1502863:1502995 [0] NCCL INFO Parsed MSCCL Algorithm test.xml successfully.
lrdn0078:1780355:1780648 [1] NCCL INFO Parsed MSCCL Algorithm test.xml successfully.
lrdn0078:1780356:1780649 [2] NCCL INFO Parsed MSCCL Algorithm test.xml successfully.
lrdn0078:1780357:1780659 [3] NCCL INFO Parsed MSCCL Algorithm test.xml successfully.
lrdn0077:1502865:1503167 [2] NCCL INFO Channel 00/0 : 2[8f000] -> 5[56000] [send] via NET/IB/1(1)/GDRDMA
lrdn0077:1502863:1502995 [0] NCCL INFO Channel 00 : 0[1d000] -> 3[c8000] via P2P/IPC/read
lrdn0078:1780354:1780654 [0] NCCL INFO Channel 00 : 4[1d000] -> 7[c8000] via P2P/IPC/read
lrdn0078:1780356:1780649 [2] NCCL INFO Channel 00/0 : 6[8f000] -> 1[56000] [send] via NET/IB/1(5)/GDRDMA
lrdn0077:1502866:1503148 [3] NCCL INFO Channel 00 : 3[c8000] -> 0[1d000] via P2P/IPC/read
lrdn0078:1780357:1780659 [3] NCCL INFO Channel 00 : 7[c8000] -> 4[1d000] via P2P/IPC/read
lrdn0077:1502863:1502995 [0] NCCL INFO Channel 00/0 : 0[1d000] -> 7[c8000] [send] via NET/IB/3(3)/GDRDMA
lrdn0078:1780354:1780654 [0] NCCL INFO Channel 00/0 : 4[1d000] -> 3[c8000] [send] via NET/IB/3(7)/GDRDMA
lrdn0078:1780357:1780659 [3] NCCL INFO Channel 00/0 : 0[1d000] -> 7[c8000] [receive] via NET/IB/3/GDRDMA
lrdn0077:1502864:1503153 [1] NCCL INFO Channel 00/0 : 6[8f000] -> 1[56000] [receive] via NET/IB/1/GDRDMA
lrdn0078:1780355:1780648 [1] NCCL INFO Channel 00/0 : 2[8f000] -> 5[56000] [receive] via NET/IB/1/GDRDMA
lrdn0077:1502866:1503148 [3] NCCL INFO Channel 00/0 : 4[1d000] -> 3[c8000] [receive] via NET/IB/3/GDRDMA
lrdn0078:1780356:1780649 [2] NCCL INFO Channel 00/0 : 1[56000] -> 6[8f000] [receive] via NET/IB/2/GDRDMA
lrdn0077:1502864:1503153 [1] NCCL INFO Channel 00/0 : 1[56000] -> 6[8f000] [send] via NET/IB/2(2)/GDRDMA
lrdn0078:1780357:1780659 [3] NCCL INFO Connected 1 MSCCL algorithms
lrdn0078:1780357:1780659 [3] NCCL INFO NCCL_ALGO set by environment to MSCCL,RING,TREE
lrdn0078:1780357:1780659 [3] NCCL INFO threadThresholds 8/8/64 | 64/8/64 | 8/8/64 | 8/8/512
lrdn0078:1780357:1780659 [3] NCCL INFO 8 coll channels, 8 p2p channels, 2 p2p channels per peer
lrdn0077:1502863:1502995 [0] NCCL INFO Connected 1 MSCCL algorithms
lrdn0077:1502863:1502995 [0] NCCL INFO NCCL_ALGO set by environment to MSCCL,RING,TREE
lrdn0077:1502863:1502995 [0] NCCL INFO threadThresholds 8/8/64 | 64/8/64 | 8/8/64 | 8/8/512
lrdn0077:1502863:1502995 [0] NCCL INFO 8 coll channels, 8 p2p channels, 2 p2p channels per peer
lrdn0078:1780354:1780654 [0] NCCL INFO Connected 1 MSCCL algorithms
lrdn0078:1780354:1780654 [0] NCCL INFO NCCL_ALGO set by environment to MSCCL,RING,TREE
lrdn0078:1780354:1780654 [0] NCCL INFO threadThresholds 8/8/64 | 64/8/64 | 8/8/64 | 8/8/512
lrdn0078:1780354:1780654 [0] NCCL INFO 8 coll channels, 8 p2p channels, 2 p2p channels per peer
lrdn0077:1502865:1503167 [2] NCCL INFO Channel 00/0 : 5[56000] -> 2[8f000] [receive] via NET/IB/2/GDRDMA
lrdn0077:1502864:1503153 [1] NCCL INFO Connected 1 MSCCL algorithms
lrdn0077:1502864:1503153 [1] NCCL INFO NCCL_ALGO set by environment to MSCCL,RING,TREE
lrdn0077:1502864:1503153 [1] NCCL INFO threadThresholds 8/8/64 | 64/8/64 | 8/8/64 | 8/8/512
lrdn0077:1502864:1503153 [1] NCCL INFO 8 coll channels, 8 p2p channels, 2 p2p channels per peer
lrdn0077:1502866:1503148 [3] NCCL INFO Connected 1 MSCCL algorithms
lrdn0077:1502866:1503148 [3] NCCL INFO NCCL_ALGO set by environment to MSCCL,RING,TREE
lrdn0077:1502866:1503148 [3] NCCL INFO threadThresholds 8/8/64 | 64/8/64 | 8/8/64 | 8/8/512
lrdn0077:1502866:1503148 [3] NCCL INFO 8 coll channels, 8 p2p channels, 2 p2p channels per peer
lrdn0078:1780356:1780649 [2] NCCL INFO Connected 1 MSCCL algorithms
lrdn0078:1780356:1780649 [2] NCCL INFO NCCL_ALGO set by environment to MSCCL,RING,TREE
lrdn0078:1780355:1780648 [1] NCCL INFO Channel 00/0 : 5[56000] -> 2[8f000] [send] via NET/IB/2(6)/GDRDMA
lrdn0078:1780356:1780649 [2] NCCL INFO threadThresholds 8/8/64 | 64/8/64 | 8/8/64 | 8/8/512
lrdn0078:1780356:1780649 [2] NCCL INFO 8 coll channels, 8 p2p channels, 2 p2p channels per peer
lrdn0078:1780355:1780648 [1] NCCL INFO Connected 1 MSCCL algorithms
lrdn0078:1780355:1780648 [1] NCCL INFO NCCL_ALGO set by environment to MSCCL,RING,TREE
lrdn0078:1780355:1780648 [1] NCCL INFO threadThresholds 8/8/64 | 64/8/64 | 8/8/64 | 8/8/512
lrdn0078:1780355:1780648 [1] NCCL INFO 8 coll channels, 8 p2p channels, 2 p2p channels per peer
lrdn0077:1502865:1503167 [2] NCCL INFO Connected 1 MSCCL algorithms
lrdn0077:1502865:1503167 [2] NCCL INFO NCCL_ALGO set by environment to MSCCL,RING,TREE
lrdn0077:1502865:1503167 [2] NCCL INFO threadThresholds 8/8/64 | 64/8/64 | 8/8/64 | 8/8/512
lrdn0077:1502865:1503167 [2] NCCL INFO 8 coll channels, 8 p2p channels, 2 p2p channels per peer
lrdn0077:1502864:1503153 [1] NCCL INFO comm 0x14dc7645a010 rank 1 nranks 8 cudaDev 1 busId 56000 - Init COMPLETE
lrdn0077:1502866:1503148 [3] NCCL INFO comm 0x14d74a45a010 rank 3 nranks 8 cudaDev 3 busId c8000 - Init COMPLETE
lrdn0077:1502863:1502995 [0] NCCL INFO comm 0x14f78c45a010 rank 0 nranks 8 cudaDev 0 busId 1d000 - Init COMPLETE
#
#                                                              out-of-place                       in-place          
#       size         count      type   redop    root     time   algbw   busbw #wrong     time   algbw   busbw #wrong
#        (B)    (elements)                               (us)  (GB/s)  (GB/s)            (us)  (GB/s)  (GB/s)       
lrdn0077:1502865:1503167 [2] NCCL INFO comm 0x15250245a010 rank 2 nranks 8 cudaDev 2 busId 8f000 - Init COMPLETE
lrdn0078:1780355:1780648 [1] NCCL INFO comm 0x153c6645a010 rank 5 nranks 8 cudaDev 1 busId 56000 - Init COMPLETE
lrdn0078:1780356:1780649 [2] NCCL INFO comm 0x14fe9645a010 rank 6 nranks 8 cudaDev 2 busId 8f000 - Init COMPLETE
lrdn0078:1780357:1780659 [3] NCCL INFO comm 0x14923e45a010 rank 7 nranks 8 cudaDev 3 busId c8000 - Init COMPLETE
lrdn0078:1780354:1780654 [0] NCCL INFO comm 0x14a91045a010 rank 4 nranks 8 cudaDev 0 busId 1d000 - Init COMPLETE
lrdn0077:1502863:1502863 [0] NCCL INFO Launch mode Parallel
         128            32     float     sum      -1    15.07    0.01    0.01      0    51.14    0.00    0.00      0
         256            64     float     sum      -1    14.84    0.02    0.03      0    51.07    0.01    0.01      0
         512           128     float     sum      -1    16.37    0.03    0.05      0    50.87    0.01    0.02      0
        1024           256     float     sum      -1    16.91    0.06    0.11      0    51.13    0.02    0.04      0
        2048           512     float     sum      -1    18.65    0.11    0.19      0    51.71    0.04    0.07      0
        4096          1024     float     sum      -1    20.67    0.20    0.35      0    54.20    0.08    0.13      0
        8192          2048     float     sum      -1    22.81    0.36    0.63      0    55.53    0.15    0.26      0
       16384          4096     float     sum      -1    24.13    0.68    1.19      0    59.09    0.28    0.49      0
       32768          8192     float     sum      -1    27.19    1.21    2.11      0    65.30    0.50    0.88      0
       65536         16384     float     sum      -1    33.37    1.96    3.44      0    79.60    0.82    1.44      0
      131072         32768     float     sum      -1    37.61    3.49    6.10      0    108.9    1.20    2.11      0
      262144         65536     float     sum      -1    51.12    5.13    8.97      0    152.6    1.72    3.01      0
      524288        131072     float     sum      -1    78.19    6.70   11.73      0    233.8    2.24    3.92      0
     1048576        262144     float     sum      -1    132.1    7.94   13.89      0    396.4    2.65    4.63      0
     2097152        524288     float     sum      -1    232.9    9.00   15.76      0    723.0    2.90    5.08      0
     4194304       1048576     float     sum      -1    435.5    9.63   16.85      0   1271.0    3.30    5.78      0
     8388608       2097152     float     sum      -1    326.5   25.69   44.96      0   2377.0    3.53    6.18      0
    16777216       4194304     float     sum      -1    712.0   23.56   41.24      0   4593.3    3.65    6.39      0
    33554432       8388608     float     sum      -1   1354.2   24.78   43.36      0   9187.4    3.65    6.39      0
lrdn0077:1502863:1502863 [0] NCCL INFO comm 0x14f78c45a010 rank 0 nranks 8 cudaDev 0 busId 1d000 - Destroy COMPLETE
# Out of bounds values : 0 OK
# Avg bus bandwidth    : 6.7836 
#
lrdn0078:1780354:1780354 [0] NCCL INFO comm 0x14a91045a010 rank 4 nranks 8 cudaDev 0 busId 1d000 - Destroy COMPLETE
lrdn0077:1502866:1502866 [3] NCCL INFO comm 0x14d74a45a010 rank 3 nranks 8 cudaDev 3 busId c8000 - Destroy COMPLETE
lrdn0078:1780357:1780357 [3] NCCL INFO comm 0x14923e45a010 rank 7 nranks 8 cudaDev 3 busId c8000 - Destroy COMPLETE
lrdn0077:1502865:1502865 [2] NCCL INFO comm 0x15250245a010 rank 2 nranks 8 cudaDev 2 busId 8f000 - Destroy COMPLETE
lrdn0078:1780355:1780355 [1] NCCL INFO comm 0x153c6645a010 rank 5 nranks 8 cudaDev 1 busId 56000 - Destroy COMPLETE
lrdn0078:1780356:1780356 [2] NCCL INFO comm 0x14fe9645a010 rank 6 nranks 8 cudaDev 2 busId 8f000 - Destroy COMPLETE
lrdn0077:1502864:1502864 [1] NCCL INFO comm 0x14dc7645a010 rank 1 nranks 8 cudaDev 1 busId 56000 - Destroy COMPLETE

(my_venv) [aolivie1@login02 ~]$ exit
exit
salloc: Relinquishing job allocation 8037004
salloc: Job allocation 8037004 has been revoked.
[aolivie1@login02 ~]$ salloc -p boost_usr_prod -N 1 -n 4 --gres=gpu:4 --time=02:00:00 --exclusive --account=IscrC_SHARP_0
salloc: Pending job allocation 8037082
salloc: job 8037082 queued and waiting for resources
salloc: job 8037082 has been allocated resources
salloc: Granted job allocation 8037082
salloc: Waiting for resource configuration
salloc: Nodes lrdn0984 are ready for job
[aolivie1@login02 ~]$ python msccl-tools/examples/mscclang/allreduce_swing_latency_sync.py 4 1 > test.xml
bash: python: command not found
[aolivie1@login02 ~]$ source msccl-tools/my_venv/bin/activate
(my_venv) [aolivie1@login02 ~]$ python msccl-tools/examples/mscclang/allreduce_swing_latency_sync.py 4 1 > test.xml
2024-10-05 20:02:14,439 - DEBUG - Starting step 0
2024-10-05 20:02:14,439 - DEBUG - copying input buffer of 0 into scratch of 0
2024-10-05 20:02:14,440 - DEBUG - copying input buffer of 1 into scratch of 1
2024-10-05 20:02:14,440 - DEBUG - reducing scratch buffer of 0 into the input buffer of 0
2024-10-05 20:02:14,440 - DEBUG - reducing scratch buffer of 1 into the input buffer of 1
2024-10-05 20:02:14,440 - DEBUG - copying input buffer of 2 into scratch of 2
2024-10-05 20:02:14,440 - DEBUG - copying input buffer of 3 into scratch of 3
2024-10-05 20:02:14,440 - DEBUG - reducing scratch buffer of 2 into the input buffer of 2
2024-10-05 20:02:14,440 - DEBUG - reducing scratch buffer of 3 into the input buffer of 3
2024-10-05 20:02:14,440 - DEBUG - Starting step 1
2024-10-05 20:02:14,440 - DEBUG - copying input buffer of 0 into scratch of 0
2024-10-05 20:02:14,440 - DEBUG - copying input buffer of 1 into scratch of 1
2024-10-05 20:02:14,440 - DEBUG - copying input buffer of 2 into scratch of 2
2024-10-05 20:02:14,440 - DEBUG - reducing scratch buffer of 1 into the input buffer of 1
2024-10-05 20:02:14,440 - DEBUG - reducing scratch buffer of 2 into the input buffer of 2
2024-10-05 20:02:14,440 - DEBUG - copying input buffer of 3 into scratch of 3
2024-10-05 20:02:14,440 - DEBUG - reducing scratch buffer of 0 into the input buffer of 0
2024-10-05 20:02:14,440 - DEBUG - reducing scratch buffer of 3 into the input buffer of 3
(my_venv) [aolivie1@login02 ~]$ srun -n 4 -N 1 nccl-tests/build/all_reduce_perf --minbytes 128 --maxbytes 32MB --stepfactor 2 --ngpus 1 --check 1 --iters 100 --warmup_iters 100 --cudagraph 100 
/leonardo/home/userexternal/aolivie1/nccl-tests/build/all_reduce_perf: error while loading shared libraries: libmpi.so.40: cannot open shared object file: No such file or directory
/leonardo/home/userexternal/aolivie1/nccl-tests/build/all_reduce_perf: error while loading shared libraries: libmpi.so.40: cannot open shared object file: No such file or directory
/leonardo/home/userexternal/aolivie1/nccl-tests/build/all_reduce_perf: error while loading shared libraries: libmpi.so.40: cannot open shared object file: No such file or directory
/leonardo/home/userexternal/aolivie1/nccl-tests/build/all_reduce_perf: error while loading shared libraries: libmpi.so.40: cannot open shared object file: No such file or directory
srun: error: lrdn0984: tasks 0-3: Exited with exit code 127
(my_venv) [aolivie1@login02 ~]$ export LD_LIBRARY_PATH=msccl/build/lib/:$LD_LIBRARY_PATH
(my_venv) [aolivie1@login02 ~]$ export NCCL_DEBUG=INFO
(my_venv) [aolivie1@login02 ~]$ export NCCL_DEBUG_SUBSYS=INIT,ENV
(my_venv) [aolivie1@login02 ~]$ export MSCCL_XML_FILES=test.xml
(my_venv) [aolivie1@login02 ~]$ export NCCL_ALGO=MSCCL,RING,TREE
(my_venv) [aolivie1@login02 ~]$ module load openmpi
Loading openmpi/4.1.6--gcc--12.2.0
  Loading requirement: gcc/12.2.0
(my_venv) [aolivie1@login02 ~]$ ls
msccl  msccl-tools  nccl-tests  test.xml
(my_venv) [aolivie1@login02 ~]$ module load nccl
(my_venv) [aolivie1@login02 ~]$ srun -n 4 -N 1 nccl-tests/build/all_reduce_perf --minbytes 128 --maxbytes 32MB --stepfactor 2 --ngpus 1 --check 1 --iters 100 --warmup_iters 100 --cudagraph 100 
# nThread 1 nGpus 1 minBytes 128 maxBytes 33554432 step: 2(factor) warmup iters: 100 iters: 100 agg iters: 1 validation: 1 graph: 100
#
# Using devices
#  Rank  0 Group  0 Pid 952545 on   lrdn0984 device  0 [0x1d] NVIDIA A100-SXM-64GB
#  Rank  1 Group  0 Pid 952546 on   lrdn0984 device  1 [0x56] NVIDIA A100-SXM-64GB
#  Rank  2 Group  0 Pid 952547 on   lrdn0984 device  2 [0x8f] NVIDIA A100-SXM-64GB
#  Rank  3 Group  0 Pid 952548 on   lrdn0984 device  3 [0xc8] NVIDIA A100-SXM-64GB
lrdn0984:952545:952545 [0] NCCL INFO Bootstrap : Using ib0:10.128.21.129<0>
lrdn0984:952545:952545 [0] NCCL INFO NET/Plugin : dlerror=libnccl-net.so: cannot open shared object file: No such file or directory No plugin found (libnccl-net.so), using internal implementation
lrdn0984:952545:952545 [0] NCCL INFO cudaDriverVersion 12010
NCCL version 2.19.1+cuda12.1
lrdn0984:952545:952596 [0] NCCL INFO NET/IB : Using [0]mlx5_0:1/IB [1]mlx5_1:1/IB [2]mlx5_2:1/IB [3]mlx5_3:1/IB [RO]; OOB ib0:10.128.21.129<0>
lrdn0984:952545:952596 [0] NCCL INFO Using non-device net plugin version 0
lrdn0984:952545:952596 [0] NCCL INFO Using network IB
lrdn0984:952546:952546 [1] NCCL INFO cudaDriverVersion 12010
lrdn0984:952547:952547 [2] NCCL INFO cudaDriverVersion 12010
lrdn0984:952548:952548 [3] NCCL INFO cudaDriverVersion 12010
lrdn0984:952547:952547 [2] NCCL INFO Bootstrap : Using ib0:10.128.21.129<0>
lrdn0984:952548:952548 [3] NCCL INFO Bootstrap : Using ib0:10.128.21.129<0>
lrdn0984:952546:952546 [1] NCCL INFO Bootstrap : Using ib0:10.128.21.129<0>
lrdn0984:952548:952548 [3] NCCL INFO NET/Plugin : dlerror=libnccl-net.so: cannot open shared object file: No such file or directory No plugin found (libnccl-net.so), using internal implementation
lrdn0984:952547:952547 [2] NCCL INFO NET/Plugin : dlerror=libnccl-net.so: cannot open shared object file: No such file or directory No plugin found (libnccl-net.so), using internal implementation
lrdn0984:952546:952546 [1] NCCL INFO NET/Plugin : dlerror=libnccl-net.so: cannot open shared object file: No such file or directory No plugin found (libnccl-net.so), using internal implementation
lrdn0984:952548:952601 [3] NCCL INFO NET/IB : Using [0]mlx5_0:1/IB [1]mlx5_1:1/IB [2]mlx5_2:1/IB [3]mlx5_3:1/IB [RO]; OOB ib0:10.128.21.129<0>
lrdn0984:952548:952601 [3] NCCL INFO Using non-device net plugin version 0
lrdn0984:952548:952601 [3] NCCL INFO Using network IB
lrdn0984:952546:952603 [1] NCCL INFO NET/IB : Using [0]mlx5_0:1/IB [1]mlx5_1:1/IB [2]mlx5_2:1/IB [3]mlx5_3:1/IB [RO]; OOB ib0:10.128.21.129<0>
lrdn0984:952546:952603 [1] NCCL INFO Using non-device net plugin version 0
lrdn0984:952546:952603 [1] NCCL INFO Using network IB
lrdn0984:952547:952602 [2] NCCL INFO NET/IB : Using [0]mlx5_0:1/IB [1]mlx5_1:1/IB [2]mlx5_2:1/IB [3]mlx5_3:1/IB [RO]; OOB ib0:10.128.21.129<0>
lrdn0984:952547:952602 [2] NCCL INFO Using non-device net plugin version 0
lrdn0984:952547:952602 [2] NCCL INFO Using network IB
lrdn0984:952545:952596 [0] NCCL INFO comm 0x4addb70 rank 0 nranks 4 cudaDev 0 nvmlDev 0 busId 1d000 commId 0xa71b8aed2896afa3 - Init START
lrdn0984:952546:952603 [1] NCCL INFO comm 0x322f310 rank 1 nranks 4 cudaDev 1 nvmlDev 1 busId 56000 commId 0xa71b8aed2896afa3 - Init START
lrdn0984:952547:952602 [2] NCCL INFO comm 0x40a6820 rank 2 nranks 4 cudaDev 2 nvmlDev 2 busId 8f000 commId 0xa71b8aed2896afa3 - Init START
lrdn0984:952548:952601 [3] NCCL INFO comm 0x2174380 rank 3 nranks 4 cudaDev 3 nvmlDev 3 busId c8000 commId 0xa71b8aed2896afa3 - Init START
lrdn0984:952548:952601 [3] NCCL INFO Setting affinity for GPU 3 to ffff
lrdn0984:952548:952601 [3] NCCL INFO NVLS multicast support is not available on dev 3
lrdn0984:952545:952596 [0] NCCL INFO Setting affinity for GPU 0 to ffff
lrdn0984:952545:952596 [0] NCCL INFO NVLS multicast support is not available on dev 0
lrdn0984:952546:952603 [1] NCCL INFO Setting affinity for GPU 1 to ffff
lrdn0984:952547:952602 [2] NCCL INFO Setting affinity for GPU 2 to ffff
lrdn0984:952547:952602 [2] NCCL INFO NVLS multicast support is not available on dev 2
lrdn0984:952546:952603 [1] NCCL INFO NVLS multicast support is not available on dev 1
lrdn0984:952545:952596 [0] NCCL INFO Channel 00/24 :    0   1   2   3
lrdn0984:952545:952596 [0] NCCL INFO Channel 01/24 :    0   1   3   2
lrdn0984:952545:952596 [0] NCCL INFO Channel 02/24 :    0   2   3   1
lrdn0984:952545:952596 [0] NCCL INFO Channel 03/24 :    0   2   1   3
lrdn0984:952545:952596 [0] NCCL INFO Channel 04/24 :    0   3   1   2
lrdn0984:952545:952596 [0] NCCL INFO Channel 05/24 :    0   3   2   1
lrdn0984:952545:952596 [0] NCCL INFO Channel 06/24 :    0   1   2   3
lrdn0984:952545:952596 [0] NCCL INFO Channel 07/24 :    0   1   3   2
lrdn0984:952545:952596 [0] NCCL INFO Channel 08/24 :    0   2   3   1
lrdn0984:952545:952596 [0] NCCL INFO Channel 09/24 :    0   2   1   3
lrdn0984:952545:952596 [0] NCCL INFO Channel 10/24 :    0   3   1   2
lrdn0984:952545:952596 [0] NCCL INFO Channel 11/24 :    0   3   2   1
lrdn0984:952545:952596 [0] NCCL INFO Channel 12/24 :    0   1   2   3
lrdn0984:952545:952596 [0] NCCL INFO Channel 13/24 :    0   1   3   2
lrdn0984:952546:952603 [1] NCCL INFO Trees [0] 2/-1/-1->1->0 [1] 2/-1/-1->1->0 [2] 2/-1/-1->1->0 [3] 2/-1/-1->1->0 [4] 3/-1/-1->1->2 [5] 3/-1/-1->1->2 [6] 3/-1/-1->1->2 [7] 3/-1/-1->1->2 [8] 0/-1/-1->1->-1 [9] 0/-1/-1->1->-1 [10] 0/-1/-1->1->-1 [11] 0/-1/-1->1->-1 [12] 2/-1/-1->1->0 [13] 2/-1/-1->1->0 [14] 2/-1/-1->1->0 [15] 2/-1/-1->1->0 [16] 3/-1/-1->1->2 [17] 3/-1/-1->1->2 [18] 3/-1/-1->1->2 [19] 3/-1/-1->1->2 [20] 0/-1/-1->1->-1 [21] 0/-1/-1->1->-1 [22] 0/-1/-1->1->-1 [23] 0/-1/-1->1->-1
lrdn0984:952546:952603 [1] NCCL INFO P2P Chunksize set to 524288
lrdn0984:952545:952596 [0] NCCL INFO Channel 14/24 :    0   2   3   1
lrdn0984:952545:952596 [0] NCCL INFO Channel 15/24 :    0   2   1   3
lrdn0984:952545:952596 [0] NCCL INFO Channel 16/24 :    0   3   1   2
lrdn0984:952545:952596 [0] NCCL INFO Channel 17/24 :    0   3   2   1
lrdn0984:952545:952596 [0] NCCL INFO Channel 18/24 :    0   1   2   3
lrdn0984:952545:952596 [0] NCCL INFO Channel 19/24 :    0   1   3   2
lrdn0984:952545:952596 [0] NCCL INFO Channel 20/24 :    0   2   3   1
lrdn0984:952545:952596 [0] NCCL INFO Channel 21/24 :    0   2   1   3
lrdn0984:952545:952596 [0] NCCL INFO Channel 22/24 :    0   3   1   2
lrdn0984:952545:952596 [0] NCCL INFO Channel 23/24 :    0   3   2   1
lrdn0984:952547:952602 [2] NCCL INFO Trees [0] 3/-1/-1->2->1 [1] 3/-1/-1->2->1 [2] 3/-1/-1->2->1 [3] 3/-1/-1->2->1 [4] 1/-1/-1->2->0 [5] 1/-1/-1->2->0 [6] 1/-1/-1->2->0 [7] 1/-1/-1->2->0 [8] -1/-1/-1->2->3 [9] -1/-1/-1->2->3 [10] -1/-1/-1->2->3 [11] -1/-1/-1->2->3 [12] 3/-1/-1->2->1 [13] 3/-1/-1->2->1 [14] 3/-1/-1->2->1 [15] 3/-1/-1->2->1 [16] 1/-1/-1->2->0 [17] 1/-1/-1->2->0 [18] 1/-1/-1->2->0 [19] 1/-1/-1->2->0 [20] -1/-1/-1->2->3 [21] -1/-1/-1->2->3 [22] -1/-1/-1->2->3 [23] -1/-1/-1->2->3
lrdn0984:952547:952602 [2] NCCL INFO P2P Chunksize set to 524288
lrdn0984:952548:952601 [3] NCCL INFO Trees [0] -1/-1/-1->3->2 [1] -1/-1/-1->3->2 [2] -1/-1/-1->3->2 [3] -1/-1/-1->3->2 [4] -1/-1/-1->3->1 [5] -1/-1/-1->3->1 [6] -1/-1/-1->3->1 [7] -1/-1/-1->3->1 [8] 2/-1/-1->3->0 [9] 2/-1/-1->3->0 [10] 2/-1/-1->3->0 [11] 2/-1/-1->3->0 [12] -1/-1/-1->3->2 [13] -1/-1/-1->3->2 [14] -1/-1/-1->3->2 [15] -1/-1/-1->3->2 [16] -1/-1/-1->3->1 [17] -1/-1/-1->3->1 [18] -1/-1/-1->3->1 [19] -1/-1/-1->3->1 [20] 2/-1/-1->3->0 [21] 2/-1/-1->3->0 [22] 2/-1/-1->3->0 [23] 2/-1/-1->3->0
lrdn0984:952548:952601 [3] NCCL INFO P2P Chunksize set to 524288
lrdn0984:952545:952596 [0] NCCL INFO Trees [0] 1/-1/-1->0->-1 [1] 1/-1/-1->0->-1 [2] 1/-1/-1->0->-1 [3] 1/-1/-1->0->-1 [4] 2/-1/-1->0->-1 [5] 2/-1/-1->0->-1 [6] 2/-1/-1->0->-1 [7] 2/-1/-1->0->-1 [8] 3/-1/-1->0->1 [9] 3/-1/-1->0->1 [10] 3/-1/-1->0->1 [11] 3/-1/-1->0->1 [12] 1/-1/-1->0->-1 [13] 1/-1/-1->0->-1 [14] 1/-1/-1->0->-1 [15] 1/-1/-1->0->-1 [16] 2/-1/-1->0->-1 [17] 2/-1/-1->0->-1 [18] 2/-1/-1->0->-1 [19] 2/-1/-1->0->-1 [20] 3/-1/-1->0->1 [21] 3/-1/-1->0->1 [22] 3/-1/-1->0->1 [23] 3/-1/-1->0->1
lrdn0984:952545:952596 [0] NCCL INFO P2P Chunksize set to 524288
lrdn0984:952546:952603 [1] NCCL INFO Channel 00/0 : 1[1] -> 2[2] via P2P/CUMEM/read
lrdn0984:952548:952601 [3] NCCL INFO Channel 00/0 : 3[3] -> 0[0] via P2P/CUMEM/read
lrdn0984:952545:952596 [0] NCCL INFO Channel 00/0 : 0[0] -> 1[1] via P2P/CUMEM/read
lrdn0984:952547:952602 [2] NCCL INFO Channel 00/0 : 2[2] -> 3[3] via P2P/CUMEM/read
lrdn0984:952548:952601 [3] NCCL INFO Channel 03/0 : 3[3] -> 0[0] via P2P/CUMEM/read
lrdn0984:952546:952603 [1] NCCL INFO Channel 04/0 : 1[1] -> 2[2] via P2P/CUMEM/read
lrdn0984:952545:952596 [0] NCCL INFO Channel 01/0 : 0[0] -> 1[1] via P2P/CUMEM/read
lrdn0984:952547:952602 [2] NCCL INFO Channel 02/0 : 2[2] -> 3[3] via P2P/CUMEM/read
lrdn0984:952548:952601 [3] NCCL INFO Channel 06/0 : 3[3] -> 0[0] via P2P/CUMEM/read
lrdn0984:952546:952603 [1] NCCL INFO Channel 06/0 : 1[1] -> 2[2] via P2P/CUMEM/read
lrdn0984:952545:952596 [0] NCCL INFO Channel 06/0 : 0[0] -> 1[1] via P2P/CUMEM/read
lrdn0984:952547:952602 [2] NCCL INFO Channel 06/0 : 2[2] -> 3[3] via P2P/CUMEM/read
lrdn0984:952548:952601 [3] NCCL INFO Channel 09/0 : 3[3] -> 0[0] via P2P/CUMEM/read
lrdn0984:952546:952603 [1] NCCL INFO Channel 10/0 : 1[1] -> 2[2] via P2P/CUMEM/read
lrdn0984:952545:952596 [0] NCCL INFO Channel 07/0 : 0[0] -> 1[1] via P2P/CUMEM/read
lrdn0984:952547:952602 [2] NCCL INFO Channel 08/0 : 2[2] -> 3[3] via P2P/CUMEM/read
lrdn0984:952548:952601 [3] NCCL INFO Channel 12/0 : 3[3] -> 0[0] via P2P/CUMEM/read
lrdn0984:952546:952603 [1] NCCL INFO Channel 12/0 : 1[1] -> 2[2] via P2P/CUMEM/read
lrdn0984:952545:952596 [0] NCCL INFO Channel 12/0 : 0[0] -> 1[1] via P2P/CUMEM/read
lrdn0984:952547:952602 [2] NCCL INFO Channel 12/0 : 2[2] -> 3[3] via P2P/CUMEM/read
lrdn0984:952548:952601 [3] NCCL INFO Channel 15/0 : 3[3] -> 0[0] via P2P/CUMEM/read
lrdn0984:952546:952603 [1] NCCL INFO Channel 16/0 : 1[1] -> 2[2] via P2P/CUMEM/read
lrdn0984:952545:952596 [0] NCCL INFO Channel 13/0 : 0[0] -> 1[1] via P2P/CUMEM/read
lrdn0984:952547:952602 [2] NCCL INFO Channel 14/0 : 2[2] -> 3[3] via P2P/CUMEM/read
lrdn0984:952548:952601 [3] NCCL INFO Channel 18/0 : 3[3] -> 0[0] via P2P/CUMEM/read
lrdn0984:952546:952603 [1] NCCL INFO Channel 18/0 : 1[1] -> 2[2] via P2P/CUMEM/read
lrdn0984:952545:952596 [0] NCCL INFO Channel 18/0 : 0[0] -> 1[1] via P2P/CUMEM/read
lrdn0984:952547:952602 [2] NCCL INFO Channel 18/0 : 2[2] -> 3[3] via P2P/CUMEM/read
lrdn0984:952548:952601 [3] NCCL INFO Channel 21/0 : 3[3] -> 0[0] via P2P/CUMEM/read
lrdn0984:952546:952603 [1] NCCL INFO Channel 22/0 : 1[1] -> 2[2] via P2P/CUMEM/read
lrdn0984:952545:952596 [0] NCCL INFO Channel 19/0 : 0[0] -> 1[1] via P2P/CUMEM/read
lrdn0984:952547:952602 [2] NCCL INFO Channel 20/0 : 2[2] -> 3[3] via P2P/CUMEM/read
lrdn0984:952545:952596 [0] NCCL INFO Channel 02/0 : 0[0] -> 2[2] via P2P/CUMEM/read
lrdn0984:952546:952603 [1] NCCL INFO Channel 01/0 : 1[1] -> 3[3] via P2P/CUMEM/read
lrdn0984:952548:952601 [3] NCCL INFO Channel 02/0 : 3[3] -> 1[1] via P2P/CUMEM/read
lrdn0984:952547:952602 [2] NCCL INFO Channel 01/0 : 2[2] -> 0[0] via P2P/CUMEM/read
lrdn0984:952545:952596 [0] NCCL INFO Channel 03/0 : 0[0] -> 2[2] via P2P/CUMEM/read
lrdn0984:952546:952603 [1] NCCL INFO Channel 03/0 : 1[1] -> 3[3] via P2P/CUMEM/read
lrdn0984:952548:952601 [3] NCCL INFO Channel 04/0 : 3[3] -> 1[1] via P2P/CUMEM/read
lrdn0984:952547:952602 [2] NCCL INFO Channel 04/0 : 2[2] -> 0[0] via P2P/CUMEM/read
lrdn0984:952545:952596 [0] NCCL INFO Channel 08/0 : 0[0] -> 2[2] via P2P/CUMEM/read
lrdn0984:952546:952603 [1] NCCL INFO Channel 07/0 : 1[1] -> 3[3] via P2P/CUMEM/read
lrdn0984:952548:952601 [3] NCCL INFO Channel 08/0 : 3[3] -> 1[1] via P2P/CUMEM/read
lrdn0984:952547:952602 [2] NCCL INFO Channel 07/0 : 2[2] -> 0[0] via P2P/CUMEM/read
lrdn0984:952545:952596 [0] NCCL INFO Channel 09/0 : 0[0] -> 2[2] via P2P/CUMEM/read
lrdn0984:952546:952603 [1] NCCL INFO Channel 09/0 : 1[1] -> 3[3] via P2P/CUMEM/read
lrdn0984:952548:952601 [3] NCCL INFO Channel 10/0 : 3[3] -> 1[1] via P2P/CUMEM/read
lrdn0984:952547:952602 [2] NCCL INFO Channel 10/0 : 2[2] -> 0[0] via P2P/CUMEM/read
lrdn0984:952545:952596 [0] NCCL INFO Channel 14/0 : 0[0] -> 2[2] via P2P/CUMEM/read
lrdn0984:952546:952603 [1] NCCL INFO Channel 13/0 : 1[1] -> 3[3] via P2P/CUMEM/read
lrdn0984:952548:952601 [3] NCCL INFO Channel 14/0 : 3[3] -> 1[1] via P2P/CUMEM/read
lrdn0984:952547:952602 [2] NCCL INFO Channel 13/0 : 2[2] -> 0[0] via P2P/CUMEM/read
lrdn0984:952545:952596 [0] NCCL INFO Channel 15/0 : 0[0] -> 2[2] via P2P/CUMEM/read
lrdn0984:952546:952603 [1] NCCL INFO Channel 15/0 : 1[1] -> 3[3] via P2P/CUMEM/read
lrdn0984:952548:952601 [3] NCCL INFO Channel 16/0 : 3[3] -> 1[1] via P2P/CUMEM/read
lrdn0984:952547:952602 [2] NCCL INFO Channel 16/0 : 2[2] -> 0[0] via P2P/CUMEM/read
lrdn0984:952545:952596 [0] NCCL INFO Channel 20/0 : 0[0] -> 2[2] via P2P/CUMEM/read
lrdn0984:952546:952603 [1] NCCL INFO Channel 19/0 : 1[1] -> 3[3] via P2P/CUMEM/read
lrdn0984:952548:952601 [3] NCCL INFO Channel 20/0 : 3[3] -> 1[1] via P2P/CUMEM/read
lrdn0984:952547:952602 [2] NCCL INFO Channel 19/0 : 2[2] -> 0[0] via P2P/CUMEM/read
lrdn0984:952545:952596 [0] NCCL INFO Channel 21/0 : 0[0] -> 2[2] via P2P/CUMEM/read
lrdn0984:952546:952603 [1] NCCL INFO Channel 21/0 : 1[1] -> 3[3] via P2P/CUMEM/read
lrdn0984:952548:952601 [3] NCCL INFO Channel 22/0 : 3[3] -> 1[1] via P2P/CUMEM/read
lrdn0984:952547:952602 [2] NCCL INFO Channel 22/0 : 2[2] -> 0[0] via P2P/CUMEM/read
lrdn0984:952546:952603 [1] NCCL INFO Channel 02/0 : 1[1] -> 0[0] via P2P/CUMEM/read
lrdn0984:952545:952596 [0] NCCL INFO Channel 04/0 : 0[0] -> 3[3] via P2P/CUMEM/read
lrdn0984:952548:952601 [3] NCCL INFO Channel 01/0 : 3[3] -> 2[2] via P2P/CUMEM/read
lrdn0984:952547:952602 [2] NCCL INFO Channel 03/0 : 2[2] -> 1[1] via P2P/CUMEM/read
lrdn0984:952546:952603 [1] NCCL INFO Channel 05/0 : 1[1] -> 0[0] via P2P/CUMEM/read
lrdn0984:952545:952596 [0] NCCL INFO Channel 05/0 : 0[0] -> 3[3] via P2P/CUMEM/read
lrdn0984:952548:952601 [3] NCCL INFO Channel 05/0 : 3[3] -> 2[2] via P2P/CUMEM/read
lrdn0984:952547:952602 [2] NCCL INFO Channel 05/0 : 2[2] -> 1[1] via P2P/CUMEM/read
lrdn0984:952546:952603 [1] NCCL INFO Channel 08/0 : 1[1] -> 0[0] via P2P/CUMEM/read
lrdn0984:952545:952596 [0] NCCL INFO Channel 10/0 : 0[0] -> 3[3] via P2P/CUMEM/read
lrdn0984:952548:952601 [3] NCCL INFO Channel 07/0 : 3[3] -> 2[2] via P2P/CUMEM/read
lrdn0984:952547:952602 [2] NCCL INFO Channel 09/0 : 2[2] -> 1[1] via P2P/CUMEM/read
lrdn0984:952546:952603 [1] NCCL INFO Channel 11/0 : 1[1] -> 0[0] via P2P/CUMEM/read
lrdn0984:952545:952596 [0] NCCL INFO Channel 11/0 : 0[0] -> 3[3] via P2P/CUMEM/read
lrdn0984:952548:952601 [3] NCCL INFO Channel 11/0 : 3[3] -> 2[2] via P2P/CUMEM/read
lrdn0984:952547:952602 [2] NCCL INFO Channel 11/0 : 2[2] -> 1[1] via P2P/CUMEM/read
lrdn0984:952546:952603 [1] NCCL INFO Channel 14/0 : 1[1] -> 0[0] via P2P/CUMEM/read
lrdn0984:952545:952596 [0] NCCL INFO Channel 16/0 : 0[0] -> 3[3] via P2P/CUMEM/read
lrdn0984:952548:952601 [3] NCCL INFO Channel 13/0 : 3[3] -> 2[2] via P2P/CUMEM/read
lrdn0984:952547:952602 [2] NCCL INFO Channel 15/0 : 2[2] -> 1[1] via P2P/CUMEM/read
lrdn0984:952546:952603 [1] NCCL INFO Channel 17/0 : 1[1] -> 0[0] via P2P/CUMEM/read
lrdn0984:952545:952596 [0] NCCL INFO Channel 17/0 : 0[0] -> 3[3] via P2P/CUMEM/read
lrdn0984:952548:952601 [3] NCCL INFO Channel 17/0 : 3[3] -> 2[2] via P2P/CUMEM/read
lrdn0984:952547:952602 [2] NCCL INFO Channel 17/0 : 2[2] -> 1[1] via P2P/CUMEM/read
lrdn0984:952546:952603 [1] NCCL INFO Channel 20/0 : 1[1] -> 0[0] via P2P/CUMEM/read
lrdn0984:952545:952596 [0] NCCL INFO Channel 22/0 : 0[0] -> 3[3] via P2P/CUMEM/read
lrdn0984:952548:952601 [3] NCCL INFO Channel 19/0 : 3[3] -> 2[2] via P2P/CUMEM/read
lrdn0984:952547:952602 [2] NCCL INFO Channel 21/0 : 2[2] -> 1[1] via P2P/CUMEM/read
lrdn0984:952546:952603 [1] NCCL INFO Channel 23/0 : 1[1] -> 0[0] via P2P/CUMEM/read
lrdn0984:952545:952596 [0] NCCL INFO Channel 23/0 : 0[0] -> 3[3] via P2P/CUMEM/read
lrdn0984:952548:952601 [3] NCCL INFO Channel 23/0 : 3[3] -> 2[2] via P2P/CUMEM/read
lrdn0984:952547:952602 [2] NCCL INFO Channel 23/0 : 2[2] -> 1[1] via P2P/CUMEM/read
lrdn0984:952545:952596 [0] NCCL INFO Connected all rings
lrdn0984:952546:952603 [1] NCCL INFO Connected all rings
lrdn0984:952547:952602 [2] NCCL INFO Connected all rings
lrdn0984:952548:952601 [3] NCCL INFO Connected all rings
lrdn0984:952545:952596 [0] NCCL INFO Channel 02/0 : 0[0] -> 1[1] via P2P/CUMEM/read
lrdn0984:952545:952596 [0] NCCL INFO Channel 03/0 : 0[0] -> 1[1] via P2P/CUMEM/read
lrdn0984:952545:952596 [0] NCCL INFO Channel 08/0 : 0[0] -> 1[1] via P2P/CUMEM/read
lrdn0984:952545:952596 [0] NCCL INFO Channel 09/0 : 0[0] -> 1[1] via P2P/CUMEM/read
lrdn0984:952545:952596 [0] NCCL INFO Channel 10/0 : 0[0] -> 1[1] via P2P/CUMEM/read
lrdn0984:952547:952602 [2] NCCL INFO Channel 01/0 : 2[2] -> 3[3] via P2P/CUMEM/read
lrdn0984:952548:952601 [3] NCCL INFO Channel 08/0 : 3[3] -> 0[0] via P2P/CUMEM/read
lrdn0984:952545:952596 [0] NCCL INFO Channel 11/0 : 0[0] -> 1[1] via P2P/CUMEM/read
lrdn0984:952547:952602 [2] NCCL INFO Channel 03/0 : 2[2] -> 3[3] via P2P/CUMEM/read
lrdn0984:952548:952601 [3] NCCL INFO Channel 10/0 : 3[3] -> 0[0] via P2P/CUMEM/read
lrdn0984:952545:952596 [0] NCCL INFO Channel 14/0 : 0[0] -> 1[1] via P2P/CUMEM/read
lrdn0984:952547:952602 [2] NCCL INFO Channel 09/0 : 2[2] -> 3[3] via P2P/CUMEM/read
lrdn0984:952548:952601 [3] NCCL INFO Channel 11/0 : 3[3] -> 0[0] via P2P/CUMEM/read
lrdn0984:952545:952596 [0] NCCL INFO Channel 15/0 : 0[0] -> 1[1] via P2P/CUMEM/read
lrdn0984:952547:952602 [2] NCCL INFO Channel 10/0 : 2[2] -> 3[3] via P2P/CUMEM/read
lrdn0984:952548:952601 [3] NCCL INFO Channel 20/0 : 3[3] -> 0[0] via P2P/CUMEM/read
lrdn0984:952546:952603 [1] NCCL INFO Channel 01/0 : 1[1] -> 2[2] via P2P/CUMEM/read
lrdn0984:952545:952596 [0] NCCL INFO Channel 20/0 : 0[0] -> 1[1] via P2P/CUMEM/read
lrdn0984:952547:952602 [2] NCCL INFO Channel 11/0 : 2[2] -> 3[3] via P2P/CUMEM/read
lrdn0984:952548:952601 [3] NCCL INFO Channel 22/0 : 3[3] -> 0[0] via P2P/CUMEM/read
lrdn0984:952546:952603 [1] NCCL INFO Channel 02/0 : 1[1] -> 2[2] via P2P/CUMEM/read
lrdn0984:952545:952596 [0] NCCL INFO Channel 21/0 : 0[0] -> 1[1] via P2P/CUMEM/read
lrdn0984:952547:952602 [2] NCCL INFO Channel 13/0 : 2[2] -> 3[3] via P2P/CUMEM/read
lrdn0984:952548:952601 [3] NCCL INFO Channel 23/0 : 3[3] -> 0[0] via P2P/CUMEM/read
lrdn0984:952546:952603 [1] NCCL INFO Channel 03/0 : 1[1] -> 2[2] via P2P/CUMEM/read
lrdn0984:952545:952596 [0] NCCL INFO Channel 22/0 : 0[0] -> 1[1] via P2P/CUMEM/read
lrdn0984:952547:952602 [2] NCCL INFO Channel 15/0 : 2[2] -> 3[3] via P2P/CUMEM/read
lrdn0984:952546:952603 [1] NCCL INFO Channel 05/0 : 1[1] -> 2[2] via P2P/CUMEM/read
lrdn0984:952545:952596 [0] NCCL INFO Channel 23/0 : 0[0] -> 1[1] via P2P/CUMEM/read
lrdn0984:952547:952602 [2] NCCL INFO Channel 21/0 : 2[2] -> 3[3] via P2P/CUMEM/read
lrdn0984:952546:952603 [1] NCCL INFO Channel 07/0 : 1[1] -> 2[2] via P2P/CUMEM/read
lrdn0984:952547:952602 [2] NCCL INFO Channel 22/0 : 2[2] -> 3[3] via P2P/CUMEM/read
lrdn0984:952546:952603 [1] NCCL INFO Channel 13/0 : 1[1] -> 2[2] via P2P/CUMEM/read
lrdn0984:952547:952602 [2] NCCL INFO Channel 23/0 : 2[2] -> 3[3] via P2P/CUMEM/read
lrdn0984:952546:952603 [1] NCCL INFO Channel 14/0 : 1[1] -> 2[2] via P2P/CUMEM/read
lrdn0984:952546:952603 [1] NCCL INFO Channel 15/0 : 1[1] -> 2[2] via P2P/CUMEM/read
lrdn0984:952546:952603 [1] NCCL INFO Channel 17/0 : 1[1] -> 2[2] via P2P/CUMEM/read
lrdn0984:952546:952603 [1] NCCL INFO Channel 19/0 : 1[1] -> 2[2] via P2P/CUMEM/read
lrdn0984:952548:952601 [3] NCCL INFO Channel 05/0 : 3[3] -> 1[1] via P2P/CUMEM/read
lrdn0984:952548:952601 [3] NCCL INFO Channel 06/0 : 3[3] -> 1[1] via P2P/CUMEM/read
lrdn0984:952545:952596 [0] NCCL INFO Channel 04/0 : 0[0] -> 2[2] via P2P/CUMEM/read
lrdn0984:952548:952601 [3] NCCL INFO Channel 07/0 : 3[3] -> 1[1] via P2P/CUMEM/read
lrdn0984:952545:952596 [0] NCCL INFO Channel 05/0 : 0[0] -> 2[2] via P2P/CUMEM/read
lrdn0984:952548:952601 [3] NCCL INFO Channel 17/0 : 3[3] -> 1[1] via P2P/CUMEM/read
lrdn0984:952545:952596 [0] NCCL INFO Channel 06/0 : 0[0] -> 2[2] via P2P/CUMEM/read
lrdn0984:952546:952603 [1] NCCL INFO Channel 04/0 : 1[1] -> 3[3] via P2P/CUMEM/read
lrdn0984:952548:952601 [3] NCCL INFO Channel 18/0 : 3[3] -> 1[1] via P2P/CUMEM/read
lrdn0984:952545:952596 [0] NCCL INFO Channel 07/0 : 0[0] -> 2[2] via P2P/CUMEM/read
lrdn0984:952546:952603 [1] NCCL INFO Channel 05/0 : 1[1] -> 3[3] via P2P/CUMEM/read
lrdn0984:952548:952601 [3] NCCL INFO Channel 19/0 : 3[3] -> 1[1] via P2P/CUMEM/read
lrdn0984:952545:952596 [0] NCCL INFO Channel 16/0 : 0[0] -> 2[2] via P2P/CUMEM/read
lrdn0984:952547:952602 [2] NCCL INFO Channel 05/0 : 2[2] -> 0[0] via P2P/CUMEM/read
lrdn0984:952546:952603 [1] NCCL INFO Channel 06/0 : 1[1] -> 3[3] via P2P/CUMEM/read
lrdn0984:952545:952596 [0] NCCL INFO Channel 17/0 : 0[0] -> 2[2] via P2P/CUMEM/read
lrdn0984:952547:952602 [2] NCCL INFO Channel 06/0 : 2[2] -> 0[0] via P2P/CUMEM/read
lrdn0984:952546:952603 [1] NCCL INFO Channel 16/0 : 1[1] -> 3[3] via P2P/CUMEM/read
lrdn0984:952545:952596 [0] NCCL INFO Channel 18/0 : 0[0] -> 2[2] via P2P/CUMEM/read
lrdn0984:952547:952602 [2] NCCL INFO Channel 17/0 : 2[2] -> 0[0] via P2P/CUMEM/read
lrdn0984:952546:952603 [1] NCCL INFO Channel 17/0 : 1[1] -> 3[3] via P2P/CUMEM/read
lrdn0984:952545:952596 [0] NCCL INFO Channel 19/0 : 0[0] -> 2[2] via P2P/CUMEM/read
lrdn0984:952547:952602 [2] NCCL INFO Channel 18/0 : 2[2] -> 0[0] via P2P/CUMEM/read
lrdn0984:952546:952603 [1] NCCL INFO Channel 18/0 : 1[1] -> 3[3] via P2P/CUMEM/read
lrdn0984:952548:952601 [3] NCCL INFO Channel 00/0 : 3[3] -> 2[2] via P2P/CUMEM/read
lrdn0984:952548:952601 [3] NCCL INFO Channel 02/0 : 3[3] -> 2[2] via P2P/CUMEM/read
lrdn0984:952548:952601 [3] NCCL INFO Channel 03/0 : 3[3] -> 2[2] via P2P/CUMEM/read
lrdn0984:952548:952601 [3] NCCL INFO Channel 08/0 : 3[3] -> 2[2] via P2P/CUMEM/read
lrdn0984:952548:952601 [3] NCCL INFO Channel 09/0 : 3[3] -> 2[2] via P2P/CUMEM/read
lrdn0984:952548:952601 [3] NCCL INFO Channel 10/0 : 3[3] -> 2[2] via P2P/CUMEM/read
lrdn0984:952545:952596 [0] NCCL INFO Channel 08/0 : 0[0] -> 3[3] via P2P/CUMEM/read
lrdn0984:952548:952601 [3] NCCL INFO Channel 12/0 : 3[3] -> 2[2] via P2P/CUMEM/read
lrdn0984:952545:952596 [0] NCCL INFO Channel 09/0 : 0[0] -> 3[3] via P2P/CUMEM/read
lrdn0984:952548:952601 [3] NCCL INFO Channel 14/0 : 3[3] -> 2[2] via P2P/CUMEM/read
lrdn0984:952545:952596 [0] NCCL INFO Channel 20/0 : 0[0] -> 3[3] via P2P/CUMEM/read
lrdn0984:952547:952602 [2] NCCL INFO Channel 00/0 : 2[2] -> 1[1] via P2P/CUMEM/read
lrdn0984:952548:952601 [3] NCCL INFO Channel 15/0 : 3[3] -> 2[2] via P2P/CUMEM/read
lrdn0984:952546:952603 [1] NCCL INFO Channel 00/0 : 1[1] -> 0[0] via P2P/CUMEM/read
lrdn0984:952545:952596 [0] NCCL INFO Channel 21/0 : 0[0] -> 3[3] via P2P/CUMEM/read
lrdn0984:952547:952602 [2] NCCL INFO Channel 01/0 : 2[2] -> 1[1] via P2P/CUMEM/read
lrdn0984:952548:952601 [3] NCCL INFO Channel 20/0 : 3[3] -> 2[2] via P2P/CUMEM/read
lrdn0984:952546:952603 [1] NCCL INFO Channel 01/0 : 1[1] -> 0[0] via P2P/CUMEM/read
lrdn0984:952547:952602 [2] NCCL INFO Channel 02/0 : 2[2] -> 1[1] via P2P/CUMEM/read
lrdn0984:952546:952603 [1] NCCL INFO Channel 03/0 : 1[1] -> 0[0] via P2P/CUMEM/read
lrdn0984:952548:952601 [3] NCCL INFO Channel 21/0 : 3[3] -> 2[2] via P2P/CUMEM/read
lrdn0984:952547:952602 [2] NCCL INFO Channel 04/0 : 2[2] -> 1[1] via P2P/CUMEM/read
lrdn0984:952546:952603 [1] NCCL INFO Channel 09/0 : 1[1] -> 0[0] via P2P/CUMEM/read
lrdn0984:952548:952601 [3] NCCL INFO Channel 22/0 : 3[3] -> 2[2] via P2P/CUMEM/read
lrdn0984:952547:952602 [2] NCCL INFO Channel 06/0 : 2[2] -> 1[1] via P2P/CUMEM/read
lrdn0984:952546:952603 [1] NCCL INFO Channel 10/0 : 1[1] -> 0[0] via P2P/CUMEM/read
lrdn0984:952547:952602 [2] NCCL INFO Channel 07/0 : 2[2] -> 1[1] via P2P/CUMEM/read
lrdn0984:952546:952603 [1] NCCL INFO Channel 12/0 : 1[1] -> 0[0] via P2P/CUMEM/read
lrdn0984:952547:952602 [2] NCCL INFO Channel 12/0 : 2[2] -> 1[1] via P2P/CUMEM/read
lrdn0984:952546:952603 [1] NCCL INFO Channel 13/0 : 1[1] -> 0[0] via P2P/CUMEM/read
lrdn0984:952547:952602 [2] NCCL INFO Channel 13/0 : 2[2] -> 1[1] via P2P/CUMEM/read
lrdn0984:952546:952603 [1] NCCL INFO Channel 15/0 : 1[1] -> 0[0] via P2P/CUMEM/read
lrdn0984:952547:952602 [2] NCCL INFO Channel 14/0 : 2[2] -> 1[1] via P2P/CUMEM/read
lrdn0984:952546:952603 [1] NCCL INFO Channel 21/0 : 1[1] -> 0[0] via P2P/CUMEM/read
lrdn0984:952547:952602 [2] NCCL INFO Channel 16/0 : 2[2] -> 1[1] via P2P/CUMEM/read
lrdn0984:952546:952603 [1] NCCL INFO Channel 22/0 : 1[1] -> 0[0] via P2P/CUMEM/read
lrdn0984:952547:952602 [2] NCCL INFO Channel 18/0 : 2[2] -> 1[1] via P2P/CUMEM/read
lrdn0984:952547:952602 [2] NCCL INFO Channel 19/0 : 2[2] -> 1[1] via P2P/CUMEM/read
lrdn0984:952545:952596 [0] NCCL INFO Connected all trees
lrdn0984:952545:952596 [0] NCCL INFO NCCL_ALGO set by environment to MSCCL,RING,TREE
lrdn0984:952545:952596 [0] NCCL INFO threadThresholds 8/8/64 | 32/8/64 | 512 | 512
lrdn0984:952545:952596 [0] NCCL INFO 24 coll channels, 0 nvls channels, 32 p2p channels, 8 p2p channels per peer
lrdn0984:952546:952603 [1] NCCL INFO Connected all trees
lrdn0984:952546:952603 [1] NCCL INFO NCCL_ALGO set by environment to MSCCL,RING,TREE
lrdn0984:952546:952603 [1] NCCL INFO threadThresholds 8/8/64 | 32/8/64 | 512 | 512
lrdn0984:952546:952603 [1] NCCL INFO 24 coll channels, 0 nvls channels, 32 p2p channels, 8 p2p channels per peer
lrdn0984:952547:952602 [2] NCCL INFO Connected all trees
lrdn0984:952547:952602 [2] NCCL INFO NCCL_ALGO set by environment to MSCCL,RING,TREE
lrdn0984:952547:952602 [2] NCCL INFO threadThresholds 8/8/64 | 32/8/64 | 512 | 512
lrdn0984:952547:952602 [2] NCCL INFO 24 coll channels, 0 nvls channels, 32 p2p channels, 8 p2p channels per peer
lrdn0984:952548:952601 [3] NCCL INFO Connected all trees
lrdn0984:952548:952601 [3] NCCL INFO NCCL_ALGO set by environment to MSCCL,RING,TREE
lrdn0984:952548:952601 [3] NCCL INFO threadThresholds 8/8/64 | 32/8/64 | 512 | 512
lrdn0984:952548:952601 [3] NCCL INFO 24 coll channels, 0 nvls channels, 32 p2p channels, 8 p2p channels per peer
lrdn0984:952545:952596 [0] NCCL INFO comm 0x4addb70 rank 0 nranks 4 cudaDev 0 nvmlDev 0 busId 1d000 commId 0xa71b8aed2896afa3 - Init COMPLETE
#
#                                                              out-of-place                       in-place          
#       size         count      type   redop    root     time   algbw   busbw #wrong     time   algbw   busbw #wrong
#        (B)    (elements)                               (us)  (GB/s)  (GB/s)            (us)  (GB/s)  (GB/s)       
lrdn0984:952546:952603 [1] NCCL INFO comm 0x322f310 rank 1 nranks 4 cudaDev 1 nvmlDev 1 busId 56000 commId 0xa71b8aed2896afa3 - Init COMPLETE
lrdn0984:952547:952602 [2] NCCL INFO comm 0x40a6820 rank 2 nranks 4 cudaDev 2 nvmlDev 2 busId 8f000 commId 0xa71b8aed2896afa3 - Init COMPLETE
lrdn0984:952548:952601 [3] NCCL INFO comm 0x2174380 rank 3 nranks 4 cudaDev 3 nvmlDev 3 busId c8000 commId 0xa71b8aed2896afa3 - Init COMPLETE
         128            32     float     sum      -1    10.30    0.01    0.02      0    10.09    0.01    0.02      0
         256            64     float     sum      -1     9.39    0.03    0.04      0     9.39    0.03    0.04      0
         512           128     float     sum      -1     9.44    0.05    0.08      0     9.45    0.05    0.08      0
        1024           256     float     sum      -1    10.01    0.10    0.15      0    10.00    0.10    0.15      0
        2048           512     float     sum      -1    10.41    0.20    0.30      0    10.40    0.20    0.30      0
        4096          1024     float     sum      -1    11.02    0.37    0.56      0    11.02    0.37    0.56      0
        8192          2048     float     sum      -1    11.53    0.71    1.07      0    11.46    0.71    1.07      0
       16384          4096     float     sum      -1    13.06    1.25    1.88      0    13.03    1.26    1.89      0
       32768          8192     float     sum      -1    14.07    2.33    3.49      0    14.03    2.33    3.50      0
       65536         16384     float     sum      -1    14.10    4.65    6.97      0    14.03    4.67    7.00      0
      131072         32768     float     sum      -1    15.18    8.63   12.95      0    14.17    9.25   13.87      0
      262144         65536     float     sum      -1    16.05   16.33   24.49      0    15.99   16.39   24.59      0
      524288        131072     float     sum      -1    19.89   26.36   39.54      0    19.64   26.70   40.04      0
     1048576        262144     float     sum      -1    40.06   26.17   39.26      0    39.91   26.27   39.41      0
     2097152        524288     float     sum      -1    50.53   41.50   62.26      0    49.97   41.97   62.96      0
     4194304       1048576     float     sum      -1    73.74   56.88   85.32      0    72.35   57.97   86.96      0
     8388608       2097152     float     sum      -1    111.8   75.00  112.50      0    110.1   76.20  114.29      0
