Loading openmpi/4.1.6--gcc--12.2.0
  Loading requirement: gcc/12.2.0
[aolivie1@login02 ~]$ srun -n 8 -N 2 nccl-tests/build/all_reduce_perf --minbytes 128 --maxbytes 32MB --stepfactor 2 --ngpus 1 --check 1 --iters 100 --warmup_iters 100 --cudagraph 100 
# nThread 1 nGpus 1 minBytes 128 maxBytes 33554432 step: 2(factor) warmup iters: 100 iters: 100 agg iters: 1 validation: 1 graph: 100
#
# Using devices
#  Rank  0 Group  0 Pid 1500811 on   lrdn0077 device  0 [0x1d] NVIDIA A100-SXM-64GB
#  Rank  1 Group  0 Pid 1500812 on   lrdn0077 device  1 [0x56] NVIDIA A100-SXM-64GB
#  Rank  2 Group  0 Pid 1500813 on   lrdn0077 device  2 [0x8f] NVIDIA A100-SXM-64GB
#  Rank  3 Group  0 Pid 1500814 on   lrdn0077 device  3 [0xc8] NVIDIA A100-SXM-64GB
#  Rank  4 Group  0 Pid 1778612 on   lrdn0078 device  0 [0x1d] NVIDIA A100-SXM-64GB
#  Rank  5 Group  0 Pid 1778613 on   lrdn0078 device  1 [0x56] NVIDIA A100-SXM-64GB
#  Rank  6 Group  0 Pid 1778614 on   lrdn0078 device  2 [0x8f] NVIDIA A100-SXM-64GB
#  Rank  7 Group  0 Pid 1778615 on   lrdn0078 device  3 [0xc8] NVIDIA A100-SXM-64GB
#
#                                                              out-of-place                       in-place          
#       size         count      type   redop    root     time   algbw   busbw #wrong     time   algbw   busbw #wrong
#        (B)    (elements)                               (us)  (GB/s)  (GB/s)            (us)  (GB/s)  (GB/s)       
         128            32     float     sum      -1    17.16    0.01    0.01      0    16.43    0.01    0.01      0
         256            64     float     sum      -1    16.51    0.02    0.03      0    16.49    0.02    0.03      0
         512           128     float     sum      -1    17.28    0.03    0.05      0    17.27    0.03    0.05      0
        1024           256     float     sum      -1    18.35    0.06    0.10      0    18.33    0.06    0.10      0
        2048           512     float     sum      -1    20.16    0.10    0.18      0    20.12    0.10    0.18      0
        4096          1024     float     sum      -1    21.71    0.19    0.33      0    21.68    0.19    0.33      0
        8192          2048     float     sum      -1    23.07    0.36    0.62      0    23.00    0.36    0.62      0
       16384          4096     float     sum      -1    23.96    0.68    1.20      0    23.75    0.69    1.21      0
       32768          8192     float     sum      -1    24.94    1.31    2.30      0    24.55    1.33    2.34      0
       65536         16384     float     sum      -1    29.66    2.21    3.87      0    29.60    2.21    3.87      0
      131072         32768     float     sum      -1    42.13    3.11    5.44      0    39.46    3.32    5.81      0
      262144         65536     float     sum      -1    46.60    5.63    9.84      0    46.48    5.64    9.87      0
      524288        131072     float     sum      -1    74.75    7.01   12.27      0    74.89    7.00   12.25      0
     1048576        262144     float     sum      -1    156.7    6.69   11.71      0    156.7    6.69   11.71      0
     2097152        524288     float     sum      -1    198.2   10.58   18.51      0    198.2   10.58   18.51      0
     4194304       1048576     float     sum      -1    250.6   16.74   29.29      0    250.1   16.77   29.35      0
     8388608       2097152     float     sum      -1    403.6   20.78   36.37      0    402.4   20.85   36.48      0
    16777216       4194304     float     sum      -1    718.6   23.35   40.86      0    717.9   23.37   40.90      0
    33554432       8388608     float     sum      -1    919.0   36.51   63.89      0    918.4   36.54   63.94      0
# Out of bounds values : 0 OK
# Avg bus bandwidth    : 12.4856 
#

[aolivie1@login02 ~]$ export LD_LIBRARY_PATH=msccl/build/lib/:$LD_LIBRARY_PATH
[aolivie1@login02 ~]$ export NCCL_DEBUG=INFO
[aolivie1@login02 ~]$ export NCCL_DEBUG_SUBSYS=INIT,ENV
[aolivie1@login02 ~]$ export MSCCL_XML_FILES=test.xml
[aolivie1@login02 ~]$ export NCCL_ALGO=MSCCL,RING,TREE
[aolivie1@login02 ~]$ source msccl-tools/my_venv/bin/activate
(my_venv) [aolivie1@login02 ~]$ python msccl-tools/examples/mscclang/allreduce_swing_bandwidth_all_sends.py 8 1 > test.xml
(my_venv) [aolivie1@login02 ~]$ srun -n 8 -N 2 nccl-tests/build/all_reduce_perf --minbytes 128 --maxbytes 32MB --stepfactor 2 --ngpus 1 --check 1 --iters 100 --warmup_iters 100 --cudagraph 100 
# nThread 1 nGpus 1 minBytes 128 maxBytes 33554432 step: 2(factor) warmup iters: 100 iters: 100 agg iters: 1 validation: 1 graph: 100
#
# Using devices
#  Rank  0 Group  0 Pid 1501149 on   lrdn0077 device  0 [0x1d] NVIDIA A100-SXM-64GB
#  Rank  1 Group  0 Pid 1501150 on   lrdn0077 device  1 [0x56] NVIDIA A100-SXM-64GB
#  Rank  2 Group  0 Pid 1501151 on   lrdn0077 device  2 [0x8f] NVIDIA A100-SXM-64GB
#  Rank  3 Group  0 Pid 1501152 on   lrdn0077 device  3 [0xc8] NVIDIA A100-SXM-64GB
#  Rank  4 Group  0 Pid 1778950 on   lrdn0078 device  0 [0x1d] NVIDIA A100-SXM-64GB
#  Rank  5 Group  0 Pid 1778951 on   lrdn0078 device  1 [0x56] NVIDIA A100-SXM-64GB
#  Rank  6 Group  0 Pid 1778952 on   lrdn0078 device  2 [0x8f] NVIDIA A100-SXM-64GB
#  Rank  7 Group  0 Pid 1778953 on   lrdn0078 device  3 [0xc8] NVIDIA A100-SXM-64GB
lrdn0077:1501149:1501149 [0] NCCL INFO Bootstrap : Using ib0:10.128.7.85<0>
lrdn0077:1501149:1501149 [0] NCCL INFO NET/Plugin : No plugin found (libnccl-net.so), using internal implementation
lrdn0077:1501149:1501149 [0] NCCL INFO NET/IB : Using [0]mlx5_0:1/IB [1]mlx5_1:1/IB [2]mlx5_2:1/IB [3]mlx5_3:1/IB [RO]; OOB ib0:10.128.7.85<0>
lrdn0077:1501149:1501149 [0] NCCL INFO Using network IB
NCCL version 2.12.12.MSCCL.0.7.4+cuda12.1
lrdn0077:1501151:1501151 [2] NCCL INFO Bootstrap : Using ib0:10.128.7.85<0>
lrdn0077:1501151:1501151 [2] NCCL INFO NET/Plugin : No plugin found (libnccl-net.so), using internal implementation
lrdn0077:1501152:1501152 [3] NCCL INFO Bootstrap : Using ib0:10.128.7.85<0>
lrdn0077:1501152:1501152 [3] NCCL INFO NET/Plugin : No plugin found (libnccl-net.so), using internal implementation
lrdn0077:1501152:1501152 [3] NCCL INFO NET/IB : Using [0]mlx5_0:1/IB [1]mlx5_1:1/IB [2]mlx5_2:1/IB [3]mlx5_3:1/IB [RO]; OOB ib0:10.128.7.85<0>
lrdn0077:1501152:1501152 [3] NCCL INFO Using network IB
lrdn0077:1501150:1501150 [1] NCCL INFO Bootstrap : Using ib0:10.128.7.85<0>
lrdn0077:1501150:1501150 [1] NCCL INFO NET/Plugin : No plugin found (libnccl-net.so), using internal implementation
lrdn0077:1501151:1501151 [2] NCCL INFO NET/IB : Using [0]mlx5_0:1/IB [1]mlx5_1:1/IB [2]mlx5_2:1/IB [3]mlx5_3:1/IB [RO]; OOB ib0:10.128.7.85<0>
lrdn0077:1501151:1501151 [2] NCCL INFO Using network IB
lrdn0077:1501150:1501150 [1] NCCL INFO NET/IB : Using [0]mlx5_0:1/IB [1]mlx5_1:1/IB [2]mlx5_2:1/IB [3]mlx5_3:1/IB [RO]; OOB ib0:10.128.7.85<0>
lrdn0077:1501150:1501150 [1] NCCL INFO Using network IB
lrdn0078:1778952:1778952 [2] NCCL INFO Bootstrap : Using ib0:10.128.7.89<0>
lrdn0078:1778952:1778952 [2] NCCL INFO NET/Plugin : No plugin found (libnccl-net.so), using internal implementation
lrdn0078:1778950:1778950 [0] NCCL INFO Bootstrap : Using ib0:10.128.7.89<0>
lrdn0078:1778950:1778950 [0] NCCL INFO NET/Plugin : No plugin found (libnccl-net.so), using internal implementation
lrdn0078:1778952:1778952 [2] NCCL INFO NET/IB : Using [0]mlx5_0:1/IB [1]mlx5_1:1/IB [2]mlx5_2:1/IB [3]mlx5_3:1/IB [RO]; OOB ib0:10.128.7.89<0>
lrdn0078:1778952:1778952 [2] NCCL INFO Using network IB
lrdn0078:1778950:1778950 [0] NCCL INFO NET/IB : Using [0]mlx5_0:1/IB [1]mlx5_1:1/IB [2]mlx5_2:1/IB [3]mlx5_3:1/IB [RO]; OOB ib0:10.128.7.89<0>
lrdn0078:1778950:1778950 [0] NCCL INFO Using network IB
lrdn0078:1778953:1778953 [3] NCCL INFO Bootstrap : Using ib0:10.128.7.89<0>
lrdn0078:1778953:1778953 [3] NCCL INFO NET/Plugin : No plugin found (libnccl-net.so), using internal implementation
lrdn0078:1778953:1778953 [3] NCCL INFO NET/IB : Using [0]mlx5_0:1/IB [1]mlx5_1:1/IB [2]mlx5_2:1/IB [3]mlx5_3:1/IB [RO]; OOB ib0:10.128.7.89<0>
lrdn0078:1778953:1778953 [3] NCCL INFO Using network IB
lrdn0078:1778951:1778951 [1] NCCL INFO Bootstrap : Using ib0:10.128.7.89<0>
lrdn0078:1778951:1778951 [1] NCCL INFO NET/Plugin : No plugin found (libnccl-net.so), using internal implementation
lrdn0078:1778951:1778951 [1] NCCL INFO NET/IB : Using [0]mlx5_0:1/IB [1]mlx5_1:1/IB [2]mlx5_2:1/IB [3]mlx5_3:1/IB [RO]; OOB ib0:10.128.7.89<0>
lrdn0078:1778951:1778951 [1] NCCL INFO Using network IB
lrdn0077:1501150:1501219 [1] NCCL INFO Setting affinity for GPU 1 to ffff
lrdn0078:1778951:1779021 [1] NCCL INFO Setting affinity for GPU 1 to ffff
lrdn0078:1778950:1779011 [0] NCCL INFO Setting affinity for GPU 0 to ffff
lrdn0078:1778952:1779008 [2] NCCL INFO Setting affinity for GPU 2 to ffff
lrdn0077:1501149:1501204 [0] NCCL INFO Setting affinity for GPU 0 to ffff
lrdn0077:1501152:1501211 [3] NCCL INFO Setting affinity for GPU 3 to ffff
lrdn0078:1778953:1779016 [3] NCCL INFO Setting affinity for GPU 3 to ffff
lrdn0077:1501151:1501216 [2] NCCL INFO Setting affinity for GPU 2 to ffff
lrdn0077:1501151:1501216 [2] NCCL INFO Trees [0] 3/-1/-1->2->1 [1] -1/-1/-1->2->0 [2] 0/6/-1->2->-1 [3] 1/-1/-1->2->3 [4] 3/-1/-1->2->1 [5] -1/-1/-1->2->0 [6] 0/-1/-1->2->6 [7] 1/-1/-1->2->3
lrdn0077:1501152:1501211 [3] NCCL INFO Trees [0] -1/-1/-1->3->2 [1] 0/-1/-1->3->1 [2] 1/-1/-1->3->0 [3] 2/7/-1->3->-1 [4] -1/-1/-1->3->2 [5] 0/-1/-1->3->1 [6] 1/-1/-1->3->0 [7] 2/-1/-1->3->7
lrdn0077:1501150:1501219 [1] NCCL INFO Trees [0] 2/-1/-1->1->0 [1] 3/5/-1->1->-1 [2] -1/-1/-1->1->3 [3] 0/-1/-1->1->2 [4] 2/-1/-1->1->0 [5] 3/-1/-1->1->5 [6] -1/-1/-1->1->3 [7] 0/-1/-1->1->2
lrdn0077:1501149:1501204 [0] NCCL INFO Channel 00/08 :    0   1   2   3   4   5   6   7
lrdn0077:1501149:1501204 [0] NCCL INFO Channel 01/08 :    0   3   2   5   4   7   6   1
lrdn0077:1501149:1501204 [0] NCCL INFO Channel 02/08 :    0   3   6   5   4   7   2   1
lrdn0077:1501149:1501204 [0] NCCL INFO Channel 03/08 :    0   7   6   5   4   3   2   1
lrdn0077:1501149:1501204 [0] NCCL INFO Channel 04/08 :    0   1   2   3   4   5   6   7
lrdn0077:1501149:1501204 [0] NCCL INFO Channel 05/08 :    0   3   2   5   4   7   6   1
lrdn0077:1501149:1501204 [0] NCCL INFO Channel 06/08 :    0   3   6   5   4   7   2   1
lrdn0077:1501149:1501204 [0] NCCL INFO Channel 07/08 :    0   7   6   5   4   3   2   1
lrdn0077:1501149:1501204 [0] NCCL INFO Trees [0] 1/4/-1->0->-1 [1] 2/-1/-1->0->3 [2] 3/-1/-1->0->2 [3] -1/-1/-1->0->1 [4] 1/-1/-1->0->4 [5] 2/-1/-1->0->3 [6] 3/-1/-1->0->2 [7] -1/-1/-1->0->1
lrdn0078:1778950:1779011 [0] NCCL INFO Trees [0] 5/-1/-1->4->0 [1] 6/-1/-1->4->7 [2] 7/-1/-1->4->6 [3] -1/-1/-1->4->5 [4] 5/0/-1->4->-1 [5] 6/-1/-1->4->7 [6] 7/-1/-1->4->6 [7] -1/-1/-1->4->5
lrdn0078:1778951:1779021 [1] NCCL INFO Trees [0] 6/-1/-1->5->4 [1] 7/-1/-1->5->1 [2] -1/-1/-1->5->7 [3] 4/-1/-1->5->6 [4] 6/-1/-1->5->4 [5] 7/1/-1->5->-1 [6] -1/-1/-1->5->7 [7] 4/-1/-1->5->6
lrdn0078:1778952:1779008 [2] NCCL INFO Trees [0] 7/-1/-1->6->5 [1] -1/-1/-1->6->4 [2] 4/-1/-1->6->2 [3] 5/-1/-1->6->7 [4] 7/-1/-1->6->5 [5] -1/-1/-1->6->4 [6] 4/2/-1->6->-1 [7] 5/-1/-1->6->7
lrdn0078:1778953:1779016 [3] NCCL INFO Trees [0] -1/-1/-1->7->6 [1] 4/-1/-1->7->5 [2] 5/-1/-1->7->4 [3] 6/-1/-1->7->3 [4] -1/-1/-1->7->6 [5] 4/-1/-1->7->5 [6] 5/-1/-1->7->4 [7] 6/3/-1->7->-1
lrdn0077:1501151:1501216 [2] NCCL INFO Channel 00 : 2[8f000] -> 3[c8000] via P2P/IPC/read
lrdn0077:1501151:1501216 [2] NCCL INFO Channel 04 : 2[8f000] -> 3[c8000] via P2P/IPC/read
lrdn0077:1501150:1501219 [1] NCCL INFO Channel 00 : 1[56000] -> 2[8f000] via P2P/IPC/read
lrdn0077:1501150:1501219 [1] NCCL INFO Channel 04 : 1[56000] -> 2[8f000] via P2P/IPC/read
lrdn0078:1778951:1779021 [1] NCCL INFO Channel 00 : 5[56000] -> 6[8f000] via P2P/IPC/read
lrdn0078:1778952:1779008 [2] NCCL INFO Channel 00 : 6[8f000] -> 7[c8000] via P2P/IPC/read
lrdn0078:1778951:1779021 [1] NCCL INFO Channel 04 : 5[56000] -> 6[8f000] via P2P/IPC/read
lrdn0078:1778952:1779008 [2] NCCL INFO Channel 04 : 6[8f000] -> 7[c8000] via P2P/IPC/read
lrdn0077:1501152:1501211 [3] NCCL INFO Channel 00/0 : 3[c8000] -> 4[1d000] [send] via NET/IB/0(0)/GDRDMA
lrdn0077:1501149:1501204 [0] NCCL INFO Channel 00/0 : 7[c8000] -> 0[1d000] [receive] via NET/IB/0/GDRDMA
lrdn0078:1778953:1779016 [3] NCCL INFO Channel 00/0 : 7[c8000] -> 0[1d000] [send] via NET/IB/0(4)/GDRDMA
lrdn0078:1778950:1779011 [0] NCCL INFO Channel 00/0 : 3[c8000] -> 4[1d000] [receive] via NET/IB/0/GDRDMA
lrdn0077:1501152:1501211 [3] NCCL INFO Channel 04/0 : 3[c8000] -> 4[1d000] [send] via NET/IB/0(0)/GDRDMA
lrdn0077:1501149:1501204 [0] NCCL INFO Channel 04/0 : 7[c8000] -> 0[1d000] [receive] via NET/IB/0/GDRDMA
lrdn0077:1501149:1501204 [0] NCCL INFO Channel 00 : 0[1d000] -> 1[56000] via P2P/IPC/read
lrdn0078:1778950:1779011 [0] NCCL INFO Channel 04/0 : 3[c8000] -> 4[1d000] [receive] via NET/IB/0/GDRDMA
lrdn0078:1778950:1779011 [0] NCCL INFO Channel 00 : 4[1d000] -> 5[56000] via P2P/IPC/read
lrdn0078:1778953:1779016 [3] NCCL INFO Channel 04/0 : 7[c8000] -> 0[1d000] [send] via NET/IB/0(4)/GDRDMA
lrdn0077:1501149:1501204 [0] NCCL INFO Channel 04 : 0[1d000] -> 1[56000] via P2P/IPC/read
lrdn0078:1778950:1779011 [0] NCCL INFO Channel 04 : 4[1d000] -> 5[56000] via P2P/IPC/read
lrdn0077:1501151:1501216 [2] NCCL INFO Channel 02/0 : 7[c8000] -> 2[8f000] [receive] via NET/IB/2/GDRDMA
lrdn0078:1778952:1779008 [2] NCCL INFO Channel 02/0 : 3[c8000] -> 6[8f000] [receive] via NET/IB/2/GDRDMA
lrdn0077:1501150:1501219 [1] NCCL INFO Channel 01/0 : 6[8f000] -> 1[56000] [receive] via NET/IB/1/GDRDMA
lrdn0078:1778951:1779021 [1] NCCL INFO Channel 01/0 : 2[8f000] -> 5[56000] [receive] via NET/IB/1/GDRDMA
lrdn0078:1778953:1779016 [3] NCCL INFO Channel 02/0 : 7[c8000] -> 2[8f000] [send] via NET/IB/2(6)/GDRDMA
lrdn0077:1501149:1501204 [0] NCCL INFO Channel 01 : 0[1d000] -> 3[c8000] via P2P/IPC/read
lrdn0077:1501149:1501204 [0] NCCL INFO Channel 02 : 0[1d000] -> 3[c8000] via P2P/IPC/read
lrdn0077:1501149:1501204 [0] NCCL INFO Channel 05 : 0[1d000] -> 3[c8000] via P2P/IPC/read
lrdn0078:1778950:1779011 [0] NCCL INFO Channel 01 : 4[1d000] -> 7[c8000] via P2P/IPC/read
lrdn0077:1501149:1501204 [0] NCCL INFO Channel 06 : 0[1d000] -> 3[c8000] via P2P/IPC/read
lrdn0078:1778950:1779011 [0] NCCL INFO Channel 02 : 4[1d000] -> 7[c8000] via P2P/IPC/read
lrdn0078:1778950:1779011 [0] NCCL INFO Channel 05 : 4[1d000] -> 7[c8000] via P2P/IPC/read
lrdn0078:1778950:1779011 [0] NCCL INFO Channel 06 : 4[1d000] -> 7[c8000] via P2P/IPC/read
lrdn0077:1501152:1501211 [3] NCCL INFO Channel 02/0 : 3[c8000] -> 6[8f000] [send] via NET/IB/2(2)/GDRDMA
lrdn0077:1501151:1501216 [2] NCCL INFO Channel 06/0 : 7[c8000] -> 2[8f000] [receive] via NET/IB/2/GDRDMA
lrdn0077:1501151:1501216 [2] NCCL INFO Channel 01/0 : 2[8f000] -> 5[56000] [send] via NET/IB/1(1)/GDRDMA
lrdn0078:1778952:1779008 [2] NCCL INFO Channel 06/0 : 3[c8000] -> 6[8f000] [receive] via NET/IB/2/GDRDMA
lrdn0078:1778952:1779008 [2] NCCL INFO Channel 01/0 : 6[8f000] -> 1[56000] [send] via NET/IB/1(5)/GDRDMA
lrdn0077:1501150:1501219 [1] NCCL INFO Channel 05/0 : 6[8f000] -> 1[56000] [receive] via NET/IB/1/GDRDMA
lrdn0078:1778951:1779021 [1] NCCL INFO Channel 05/0 : 2[8f000] -> 5[56000] [receive] via NET/IB/1/GDRDMA
lrdn0078:1778953:1779016 [3] NCCL INFO Channel 06/0 : 7[c8000] -> 2[8f000] [send] via NET/IB/2(6)/GDRDMA
lrdn0078:1778950:1779011 [0] NCCL INFO Channel 03/0 : 4[1d000] -> 3[c8000] [send] via NET/IB/3(7)/GDRDMA
lrdn0077:1501152:1501211 [3] NCCL INFO Channel 06/0 : 3[c8000] -> 6[8f000] [send] via NET/IB/2(2)/GDRDMA
lrdn0077:1501149:1501204 [0] NCCL INFO Channel 03/0 : 0[1d000] -> 7[c8000] [send] via NET/IB/3(3)/GDRDMA
lrdn0077:1501151:1501216 [2] NCCL INFO Channel 05/0 : 2[8f000] -> 5[56000] [send] via NET/IB/1(1)/GDRDMA
lrdn0078:1778952:1779008 [2] NCCL INFO Channel 05/0 : 6[8f000] -> 1[56000] [send] via NET/IB/1(5)/GDRDMA
lrdn0078:1778953:1779016 [3] NCCL INFO Channel 03/0 : 0[1d000] -> 7[c8000] [receive] via NET/IB/3/GDRDMA
lrdn0077:1501152:1501211 [3] NCCL INFO Channel 03/0 : 4[1d000] -> 3[c8000] [receive] via NET/IB/3/GDRDMA
lrdn0078:1778950:1779011 [0] NCCL INFO Channel 07/0 : 4[1d000] -> 3[c8000] [send] via NET/IB/3(7)/GDRDMA
lrdn0077:1501150:1501219 [1] NCCL INFO Channel 01 : 1[56000] -> 0[1d000] via P2P/IPC/read
lrdn0077:1501150:1501219 [1] NCCL INFO Channel 02 : 1[56000] -> 0[1d000] via P2P/IPC/read
lrdn0077:1501150:1501219 [1] NCCL INFO Channel 03 : 1[56000] -> 0[1d000] via P2P/IPC/read
lrdn0077:1501150:1501219 [1] NCCL INFO Channel 05 : 1[56000] -> 0[1d000] via P2P/IPC/read
lrdn0077:1501150:1501219 [1] NCCL INFO Channel 06 : 1[56000] -> 0[1d000] via P2P/IPC/read
lrdn0077:1501150:1501219 [1] NCCL INFO Channel 07 : 1[56000] -> 0[1d000] via P2P/IPC/read
lrdn0078:1778951:1779021 [1] NCCL INFO Channel 01 : 5[56000] -> 4[1d000] via P2P/IPC/read
lrdn0078:1778951:1779021 [1] NCCL INFO Channel 02 : 5[56000] -> 4[1d000] via P2P/IPC/read
lrdn0078:1778951:1779021 [1] NCCL INFO Channel 03 : 5[56000] -> 4[1d000] via P2P/IPC/read
lrdn0078:1778951:1779021 [1] NCCL INFO Channel 05 : 5[56000] -> 4[1d000] via P2P/IPC/read
lrdn0078:1778951:1779021 [1] NCCL INFO Channel 06 : 5[56000] -> 4[1d000] via P2P/IPC/read
lrdn0078:1778951:1779021 [1] NCCL INFO Channel 07 : 5[56000] -> 4[1d000] via P2P/IPC/read
lrdn0077:1501151:1501216 [2] NCCL INFO Channel 02 : 2[8f000] -> 1[56000] via P2P/IPC/read
lrdn0077:1501151:1501216 [2] NCCL INFO Channel 03 : 2[8f000] -> 1[56000] via P2P/IPC/read
lrdn0077:1501151:1501216 [2] NCCL INFO Channel 06 : 2[8f000] -> 1[56000] via P2P/IPC/read
lrdn0077:1501151:1501216 [2] NCCL INFO Channel 07 : 2[8f000] -> 1[56000] via P2P/IPC/read
lrdn0078:1778952:1779008 [2] NCCL INFO Channel 02 : 6[8f000] -> 5[56000] via P2P/IPC/read
lrdn0078:1778952:1779008 [2] NCCL INFO Channel 03 : 6[8f000] -> 5[56000] via P2P/IPC/read
lrdn0078:1778952:1779008 [2] NCCL INFO Channel 06 : 6[8f000] -> 5[56000] via P2P/IPC/read
lrdn0078:1778952:1779008 [2] NCCL INFO Channel 07 : 6[8f000] -> 5[56000] via P2P/IPC/read
lrdn0077:1501149:1501204 [0] NCCL INFO Channel 07/0 : 0[1d000] -> 7[c8000] [send] via NET/IB/3(3)/GDRDMA
lrdn0078:1778951:1779021 [1] NCCL INFO Connected all rings
lrdn0078:1778951:1779021 [1] NCCL INFO Channel 03 : 5[56000] -> 6[8f000] via P2P/IPC/read
lrdn0078:1778951:1779021 [1] NCCL INFO Channel 07 : 5[56000] -> 6[8f000] via P2P/IPC/read
lrdn0077:1501150:1501219 [1] NCCL INFO Connected all rings
lrdn0077:1501150:1501219 [1] NCCL INFO Channel 03 : 1[56000] -> 2[8f000] via P2P/IPC/read
lrdn0077:1501150:1501219 [1] NCCL INFO Channel 07 : 1[56000] -> 2[8f000] via P2P/IPC/read
lrdn0078:1778953:1779016 [3] NCCL INFO Channel 07/0 : 0[1d000] -> 7[c8000] [receive] via NET/IB/3/GDRDMA
lrdn0078:1778953:1779016 [3] NCCL INFO Channel 01 : 7[c8000] -> 6[8f000] via P2P/IPC/read
lrdn0078:1778953:1779016 [3] NCCL INFO Channel 03 : 7[c8000] -> 6[8f000] via P2P/IPC/read
lrdn0078:1778953:1779016 [3] NCCL INFO Channel 05 : 7[c8000] -> 6[8f000] via P2P/IPC/read
lrdn0078:1778953:1779016 [3] NCCL INFO Channel 07 : 7[c8000] -> 6[8f000] via P2P/IPC/read
lrdn0078:1778952:1779008 [2] NCCL INFO Connected all rings
lrdn0078:1778952:1779008 [2] NCCL INFO Channel 03 : 6[8f000] -> 7[c8000] via P2P/IPC/read
lrdn0078:1778952:1779008 [2] NCCL INFO Channel 07 : 6[8f000] -> 7[c8000] via P2P/IPC/read
lrdn0077:1501152:1501211 [3] NCCL INFO Channel 07/0 : 4[1d000] -> 3[c8000] [receive] via NET/IB/3/GDRDMA
lrdn0077:1501152:1501211 [3] NCCL INFO Channel 01 : 3[c8000] -> 2[8f000] via P2P/IPC/read
lrdn0077:1501152:1501211 [3] NCCL INFO Channel 03 : 3[c8000] -> 2[8f000] via P2P/IPC/read
lrdn0077:1501152:1501211 [3] NCCL INFO Channel 05 : 3[c8000] -> 2[8f000] via P2P/IPC/read
lrdn0077:1501152:1501211 [3] NCCL INFO Channel 07 : 3[c8000] -> 2[8f000] via P2P/IPC/read
lrdn0077:1501149:1501204 [0] NCCL INFO Connected all rings
lrdn0077:1501149:1501204 [0] NCCL INFO Channel 03 : 0[1d000] -> 1[56000] via P2P/IPC/read
lrdn0077:1501151:1501216 [2] NCCL INFO Connected all rings
lrdn0077:1501149:1501204 [0] NCCL INFO Channel 07 : 0[1d000] -> 1[56000] via P2P/IPC/read
lrdn0078:1778953:1779016 [3] NCCL INFO Connected all rings
lrdn0077:1501151:1501216 [2] NCCL INFO Channel 03 : 2[8f000] -> 3[c8000] via P2P/IPC/read
lrdn0077:1501149:1501204 [0] NCCL INFO Channel 01 : 0[1d000] -> 2[8f000] via P2P/IPC/read
lrdn0077:1501151:1501216 [2] NCCL INFO Channel 07 : 2[8f000] -> 3[c8000] via P2P/IPC/read
lrdn0077:1501149:1501204 [0] NCCL INFO Channel 02 : 0[1d000] -> 2[8f000] via P2P/IPC/read
lrdn0077:1501149:1501204 [0] NCCL INFO Channel 05 : 0[1d000] -> 2[8f000] via P2P/IPC/read
lrdn0077:1501149:1501204 [0] NCCL INFO Channel 06 : 0[1d000] -> 2[8f000] via P2P/IPC/read
lrdn0077:1501150:1501219 [1] NCCL INFO Channel 01 : 1[56000] -> 3[c8000] via P2P/IPC/read
lrdn0077:1501150:1501219 [1] NCCL INFO Channel 02 : 1[56000] -> 3[c8000] via P2P/IPC/read
lrdn0077:1501150:1501219 [1] NCCL INFO Channel 05 : 1[56000] -> 3[c8000] via P2P/IPC/read
lrdn0077:1501150:1501219 [1] NCCL INFO Channel 06 : 1[56000] -> 3[c8000] via P2P/IPC/read
lrdn0078:1778950:1779011 [0] NCCL INFO Connected all rings
lrdn0078:1778950:1779011 [0] NCCL INFO Channel 03 : 4[1d000] -> 5[56000] via P2P/IPC/read
lrdn0078:1778950:1779011 [0] NCCL INFO Channel 07 : 4[1d000] -> 5[56000] via P2P/IPC/read
lrdn0077:1501152:1501211 [3] NCCL INFO Connected all rings
lrdn0078:1778950:1779011 [0] NCCL INFO Channel 01 : 4[1d000] -> 6[8f000] via P2P/IPC/read
lrdn0078:1778950:1779011 [0] NCCL INFO Channel 02 : 4[1d000] -> 6[8f000] via P2P/IPC/read
lrdn0078:1778951:1779021 [1] NCCL INFO Channel 01 : 5[56000] -> 7[c8000] via P2P/IPC/read
lrdn0078:1778950:1779011 [0] NCCL INFO Channel 05 : 4[1d000] -> 6[8f000] via P2P/IPC/read
lrdn0078:1778951:1779021 [1] NCCL INFO Channel 02 : 5[56000] -> 7[c8000] via P2P/IPC/read
lrdn0078:1778950:1779011 [0] NCCL INFO Channel 06 : 4[1d000] -> 6[8f000] via P2P/IPC/read
lrdn0078:1778951:1779021 [1] NCCL INFO Channel 05 : 5[56000] -> 7[c8000] via P2P/IPC/read
lrdn0078:1778951:1779021 [1] NCCL INFO Channel 06 : 5[56000] -> 7[c8000] via P2P/IPC/read
lrdn0078:1778951:1779021 [1] NCCL INFO Channel 01/0 : 1[56000] -> 5[56000] [receive] via NET/IB/1/GDRDMA
lrdn0078:1778953:1779016 [3] NCCL INFO Channel 03/0 : 3[c8000] -> 7[c8000] [receive] via NET/IB/3/GDRDMA
lrdn0078:1778952:1779008 [2] NCCL INFO Channel 02/0 : 2[8f000] -> 6[8f000] [receive] via NET/IB/2/GDRDMA
lrdn0078:1778950:1779011 [0] NCCL INFO Channel 00/0 : 0[1d000] -> 4[1d000] [receive] via NET/IB/0/GDRDMA
lrdn0077:1501150:1501219 [1] NCCL INFO Channel 01/0 : 5[56000] -> 1[56000] [receive] via NET/IB/1/GDRDMA
lrdn0077:1501151:1501216 [2] NCCL INFO Channel 02/0 : 6[8f000] -> 2[8f000] [receive] via NET/IB/2/GDRDMA
lrdn0077:1501152:1501211 [3] NCCL INFO Channel 03/0 : 7[c8000] -> 3[c8000] [receive] via NET/IB/3/GDRDMA
lrdn0077:1501149:1501204 [0] NCCL INFO Channel 00/0 : 4[1d000] -> 0[1d000] [receive] via NET/IB/0/GDRDMA
lrdn0077:1501150:1501219 [1] NCCL INFO Channel 05/0 : 5[56000] -> 1[56000] [receive] via NET/IB/1/GDRDMA
lrdn0078:1778951:1779021 [1] NCCL INFO Channel 05/0 : 1[56000] -> 5[56000] [receive] via NET/IB/1/GDRDMA
lrdn0078:1778952:1779008 [2] NCCL INFO Channel 06/0 : 2[8f000] -> 6[8f000] [receive] via NET/IB/2/GDRDMA
lrdn0078:1778953:1779016 [3] NCCL INFO Channel 07/0 : 3[c8000] -> 7[c8000] [receive] via NET/IB/3/GDRDMA
lrdn0078:1778950:1779011 [0] NCCL INFO Channel 04/0 : 0[1d000] -> 4[1d000] [receive] via NET/IB/0/GDRDMA
lrdn0077:1501151:1501216 [2] NCCL INFO Channel 06/0 : 6[8f000] -> 2[8f000] [receive] via NET/IB/2/GDRDMA
lrdn0077:1501152:1501211 [3] NCCL INFO Channel 07/0 : 7[c8000] -> 3[c8000] [receive] via NET/IB/3/GDRDMA
lrdn0077:1501149:1501204 [0] NCCL INFO Channel 04/0 : 4[1d000] -> 0[1d000] [receive] via NET/IB/0/GDRDMA
lrdn0078:1778950:1779011 [0] NCCL INFO Channel 00/0 : 4[1d000] -> 0[1d000] [send] via NET/IB/0/GDRDMA
lrdn0078:1778953:1779016 [3] NCCL INFO Channel 03/0 : 7[c8000] -> 3[c8000] [send] via NET/IB/3/GDRDMA
lrdn0077:1501150:1501219 [1] NCCL INFO Channel 01/0 : 1[56000] -> 5[56000] [send] via NET/IB/1/GDRDMA
lrdn0078:1778951:1779021 [1] NCCL INFO Channel 01/0 : 5[56000] -> 1[56000] [send] via NET/IB/1/GDRDMA
lrdn0078:1778952:1779008 [2] NCCL INFO Channel 02/0 : 6[8f000] -> 2[8f000] [send] via NET/IB/2/GDRDMA
lrdn0077:1501151:1501216 [2] NCCL INFO Channel 02/0 : 2[8f000] -> 6[8f000] [send] via NET/IB/2/GDRDMA
lrdn0077:1501152:1501211 [3] NCCL INFO Channel 03/0 : 3[c8000] -> 7[c8000] [send] via NET/IB/3/GDRDMA
lrdn0077:1501149:1501204 [0] NCCL INFO Channel 00/0 : 0[1d000] -> 4[1d000] [send] via NET/IB/0/GDRDMA
lrdn0078:1778950:1779011 [0] NCCL INFO Channel 04/0 : 4[1d000] -> 0[1d000] [send] via NET/IB/0/GDRDMA
lrdn0078:1778953:1779016 [3] NCCL INFO Channel 07/0 : 7[c8000] -> 3[c8000] [send] via NET/IB/3/GDRDMA
lrdn0078:1778951:1779021 [1] NCCL INFO Channel 05/0 : 5[56000] -> 1[56000] [send] via NET/IB/1/GDRDMA
lrdn0078:1778952:1779008 [2] NCCL INFO Channel 06/0 : 6[8f000] -> 2[8f000] [send] via NET/IB/2/GDRDMA
lrdn0077:1501150:1501219 [1] NCCL INFO Channel 05/0 : 1[56000] -> 5[56000] [send] via NET/IB/1/GDRDMA
lrdn0077:1501151:1501216 [2] NCCL INFO Channel 06/0 : 2[8f000] -> 6[8f000] [send] via NET/IB/2/GDRDMA
lrdn0077:1501152:1501211 [3] NCCL INFO Channel 07/0 : 3[c8000] -> 7[c8000] [send] via NET/IB/3/GDRDMA
lrdn0077:1501149:1501204 [0] NCCL INFO Channel 04/0 : 0[1d000] -> 4[1d000] [send] via NET/IB/0/GDRDMA
lrdn0078:1778953:1779016 [3] NCCL INFO Channel 01 : 7[c8000] -> 4[1d000] via P2P/IPC/read
lrdn0078:1778953:1779016 [3] NCCL INFO Channel 02 : 7[c8000] -> 4[1d000] via P2P/IPC/read
lrdn0077:1501152:1501211 [3] NCCL INFO Channel 01 : 3[c8000] -> 0[1d000] via P2P/IPC/read
lrdn0078:1778952:1779008 [2] NCCL INFO Channel 01 : 6[8f000] -> 4[1d000] via P2P/IPC/read
lrdn0078:1778953:1779016 [3] NCCL INFO Channel 05 : 7[c8000] -> 4[1d000] via P2P/IPC/read
lrdn0078:1778952:1779008 [2] NCCL INFO Channel 02 : 6[8f000] -> 4[1d000] via P2P/IPC/read
lrdn0078:1778953:1779016 [3] NCCL INFO Channel 06 : 7[c8000] -> 4[1d000] via P2P/IPC/read
lrdn0077:1501152:1501211 [3] NCCL INFO Channel 02 : 3[c8000] -> 0[1d000] via P2P/IPC/read
lrdn0078:1778952:1779008 [2] NCCL INFO Channel 05 : 6[8f000] -> 4[1d000] via P2P/IPC/read
lrdn0077:1501152:1501211 [3] NCCL INFO Channel 05 : 3[c8000] -> 0[1d000] via P2P/IPC/read
lrdn0077:1501151:1501216 [2] NCCL INFO Channel 01 : 2[8f000] -> 0[1d000] via P2P/IPC/read
lrdn0078:1778952:1779008 [2] NCCL INFO Channel 06 : 6[8f000] -> 4[1d000] via P2P/IPC/read
lrdn0077:1501152:1501211 [3] NCCL INFO Channel 06 : 3[c8000] -> 0[1d000] via P2P/IPC/read
lrdn0077:1501151:1501216 [2] NCCL INFO Channel 02 : 2[8f000] -> 0[1d000] via P2P/IPC/read
lrdn0077:1501151:1501216 [2] NCCL INFO Channel 05 : 2[8f000] -> 0[1d000] via P2P/IPC/read
lrdn0077:1501151:1501216 [2] NCCL INFO Channel 06 : 2[8f000] -> 0[1d000] via P2P/IPC/read
lrdn0078:1778953:1779016 [3] NCCL INFO Channel 01 : 7[c8000] -> 5[56000] via P2P/IPC/read
lrdn0077:1501152:1501211 [3] NCCL INFO Channel 01 : 3[c8000] -> 1[56000] via P2P/IPC/read
lrdn0077:1501152:1501211 [3] NCCL INFO Channel 02 : 3[c8000] -> 1[56000] via P2P/IPC/read
lrdn0078:1778953:1779016 [3] NCCL INFO Channel 02 : 7[c8000] -> 5[56000] via P2P/IPC/read
lrdn0077:1501152:1501211 [3] NCCL INFO Channel 05 : 3[c8000] -> 1[56000] via P2P/IPC/read
lrdn0078:1778953:1779016 [3] NCCL INFO Channel 05 : 7[c8000] -> 5[56000] via P2P/IPC/read
lrdn0077:1501152:1501211 [3] NCCL INFO Channel 06 : 3[c8000] -> 1[56000] via P2P/IPC/read
lrdn0078:1778953:1779016 [3] NCCL INFO Channel 06 : 7[c8000] -> 5[56000] via P2P/IPC/read
lrdn0078:1778953:1779016 [3] NCCL INFO Channel 00 : 7[c8000] -> 6[8f000] via P2P/IPC/read
lrdn0078:1778953:1779016 [3] NCCL INFO Channel 04 : 7[c8000] -> 6[8f000] via P2P/IPC/read
lrdn0077:1501152:1501211 [3] NCCL INFO Channel 00 : 3[c8000] -> 2[8f000] via P2P/IPC/read
lrdn0077:1501152:1501211 [3] NCCL INFO Channel 04 : 3[c8000] -> 2[8f000] via P2P/IPC/read
lrdn0078:1778951:1779021 [1] NCCL INFO Channel 00 : 5[56000] -> 4[1d000] via P2P/IPC/read
lrdn0077:1501151:1501216 [2] NCCL INFO Channel 00 : 2[8f000] -> 1[56000] via P2P/IPC/read
lrdn0077:1501150:1501219 [1] NCCL INFO Channel 00 : 1[56000] -> 0[1d000] via P2P/IPC/read
lrdn0077:1501151:1501216 [2] NCCL INFO Channel 04 : 2[8f000] -> 1[56000] via P2P/IPC/read
lrdn0077:1501150:1501219 [1] NCCL INFO Channel 04 : 1[56000] -> 0[1d000] via P2P/IPC/read
lrdn0078:1778951:1779021 [1] NCCL INFO Channel 04 : 5[56000] -> 4[1d000] via P2P/IPC/read
lrdn0078:1778952:1779008 [2] NCCL INFO Channel 00 : 6[8f000] -> 5[56000] via P2P/IPC/read
lrdn0078:1778952:1779008 [2] NCCL INFO Channel 04 : 6[8f000] -> 5[56000] via P2P/IPC/read
lrdn0078:1778950:1779011 [0] NCCL INFO Connected all trees
lrdn0078:1778950:1779011 [0] NCCL INFO MSCCL_XML_FILES set by environment to test.xml
lrdn0078:1778950:1779011 [0] NCCL INFO MSCCL: Parsing algorithm test.xml
lrdn0077:1501152:1501211 [3] NCCL INFO Connected all trees
lrdn0077:1501152:1501211 [3] NCCL INFO MSCCL_XML_FILES set by environment to test.xml
lrdn0077:1501152:1501211 [3] NCCL INFO MSCCL: Parsing algorithm test.xml
lrdn0077:1501149:1501204 [0] NCCL INFO Connected all trees
lrdn0077:1501149:1501204 [0] NCCL INFO MSCCL_XML_FILES set by environment to test.xml
lrdn0077:1501149:1501204 [0] NCCL INFO MSCCL: Parsing algorithm test.xml
lrdn0077:1501151:1501216 [2] NCCL INFO Connected all trees
lrdn0078:1778953:1779016 [3] NCCL INFO Connected all trees
lrdn0077:1501151:1501216 [2] NCCL INFO MSCCL_XML_FILES set by environment to test.xml
lrdn0078:1778953:1779016 [3] NCCL INFO MSCCL_XML_FILES set by environment to test.xml
lrdn0078:1778953:1779016 [3] NCCL INFO MSCCL: Parsing algorithm test.xml
lrdn0077:1501151:1501216 [2] NCCL INFO MSCCL: Parsing algorithm test.xml
lrdn0077:1501150:1501219 [1] NCCL INFO Connected all trees
lrdn0077:1501150:1501219 [1] NCCL INFO MSCCL_XML_FILES set by environment to test.xml
lrdn0077:1501150:1501219 [1] NCCL INFO MSCCL: Parsing algorithm test.xml
lrdn0078:1778951:1779021 [1] NCCL INFO Connected all trees
lrdn0078:1778951:1779021 [1] NCCL INFO MSCCL_XML_FILES set by environment to test.xml
lrdn0078:1778951:1779021 [1] NCCL INFO MSCCL: Parsing algorithm test.xml
lrdn0078:1778952:1779008 [2] NCCL INFO Connected all trees
lrdn0078:1778952:1779008 [2] NCCL INFO MSCCL_XML_FILES set by environment to test.xml
lrdn0078:1778952:1779008 [2] NCCL INFO MSCCL: Parsing algorithm test.xml
lrdn0077:1501149:1501204 [0] NCCL INFO Parsed MSCCL Algorithm test.xml successfully.
lrdn0077:1501150:1501219 [1] NCCL INFO Parsed MSCCL Algorithm test.xml successfully.
lrdn0077:1501151:1501216 [2] NCCL INFO Parsed MSCCL Algorithm test.xml successfully.
lrdn0077:1501152:1501211 [3] NCCL INFO Parsed MSCCL Algorithm test.xml successfully.
lrdn0077:1501149:1501204 [0] NCCL INFO Channel 00 : 0[1d000] -> 3[c8000] via P2P/IPC/read
lrdn0077:1501151:1501216 [2] NCCL INFO Channel 00/0 : 2[8f000] -> 5[56000] [send] via NET/IB/1(1)/GDRDMA
lrdn0078:1778950:1779011 [0] NCCL INFO Parsed MSCCL Algorithm test.xml successfully.
lrdn0078:1778952:1779008 [2] NCCL INFO Parsed MSCCL Algorithm test.xml successfully.
lrdn0078:1778953:1779016 [3] NCCL INFO Parsed MSCCL Algorithm test.xml successfully.
lrdn0078:1778951:1779021 [1] NCCL INFO Parsed MSCCL Algorithm test.xml successfully.
lrdn0078:1778950:1779011 [0] NCCL INFO Channel 00 : 4[1d000] -> 7[c8000] via P2P/IPC/read
lrdn0077:1501152:1501211 [3] NCCL INFO Channel 00 : 3[c8000] -> 0[1d000] via P2P/IPC/read
lrdn0077:1501149:1501204 [0] NCCL INFO Channel 00/0 : 0[1d000] -> 7[c8000] [send] via NET/IB/3(3)/GDRDMA
lrdn0078:1778952:1779008 [2] NCCL INFO Channel 00/0 : 6[8f000] -> 1[56000] [send] via NET/IB/1(5)/GDRDMA
lrdn0078:1778953:1779016 [3] NCCL INFO Channel 00 : 7[c8000] -> 4[1d000] via P2P/IPC/read
lrdn0078:1778950:1779011 [0] NCCL INFO Channel 00/0 : 4[1d000] -> 3[c8000] [send] via NET/IB/3(7)/GDRDMA
lrdn0077:1501150:1501219 [1] NCCL INFO Channel 00/0 : 6[8f000] -> 1[56000] [receive] via NET/IB/1/GDRDMA
lrdn0077:1501152:1501211 [3] NCCL INFO Channel 00/0 : 4[1d000] -> 3[c8000] [receive] via NET/IB/3/GDRDMA
lrdn0078:1778951:1779021 [1] NCCL INFO Channel 00/0 : 2[8f000] -> 5[56000] [receive] via NET/IB/1/GDRDMA
lrdn0078:1778952:1779008 [2] NCCL INFO Channel 00/0 : 1[56000] -> 6[8f000] [receive] via NET/IB/2/GDRDMA
lrdn0078:1778953:1779016 [3] NCCL INFO Channel 00/0 : 0[1d000] -> 7[c8000] [receive] via NET/IB/3/GDRDMA
lrdn0078:1778950:1779011 [0] NCCL INFO Connected 1 MSCCL algorithms
lrdn0077:1501150:1501219 [1] NCCL INFO Channel 00/0 : 1[56000] -> 6[8f000] [send] via NET/IB/2(2)/GDRDMA
lrdn0078:1778950:1779011 [0] NCCL INFO NCCL_ALGO set by environment to MSCCL,RING,TREE
lrdn0078:1778950:1779011 [0] NCCL INFO threadThresholds 8/8/64 | 64/8/64 | 8/8/64 | 8/8/512
lrdn0078:1778950:1779011 [0] NCCL INFO 8 coll channels, 8 p2p channels, 2 p2p channels per peer
lrdn0077:1501152:1501211 [3] NCCL INFO Connected 1 MSCCL algorithms
lrdn0077:1501152:1501211 [3] NCCL INFO NCCL_ALGO set by environment to MSCCL,RING,TREE
lrdn0077:1501152:1501211 [3] NCCL INFO threadThresholds 8/8/64 | 64/8/64 | 8/8/64 | 8/8/512
lrdn0077:1501152:1501211 [3] NCCL INFO 8 coll channels, 8 p2p channels, 2 p2p channels per peer
lrdn0077:1501150:1501219 [1] NCCL INFO Connected 1 MSCCL algorithms
lrdn0077:1501150:1501219 [1] NCCL INFO NCCL_ALGO set by environment to MSCCL,RING,TREE
lrdn0077:1501150:1501219 [1] NCCL INFO threadThresholds 8/8/64 | 64/8/64 | 8/8/64 | 8/8/512
lrdn0077:1501150:1501219 [1] NCCL INFO 8 coll channels, 8 p2p channels, 2 p2p channels per peer
lrdn0078:1778952:1779008 [2] NCCL INFO Connected 1 MSCCL algorithms
lrdn0077:1501151:1501216 [2] NCCL INFO Channel 00/0 : 5[56000] -> 2[8f000] [receive] via NET/IB/2/GDRDMA
lrdn0078:1778952:1779008 [2] NCCL INFO NCCL_ALGO set by environment to MSCCL,RING,TREE
lrdn0078:1778951:1779021 [1] NCCL INFO Channel 00/0 : 5[56000] -> 2[8f000] [send] via NET/IB/2(6)/GDRDMA
lrdn0078:1778952:1779008 [2] NCCL INFO threadThresholds 8/8/64 | 64/8/64 | 8/8/64 | 8/8/512
lrdn0078:1778952:1779008 [2] NCCL INFO 8 coll channels, 8 p2p channels, 2 p2p channels per peer
lrdn0077:1501149:1501204 [0] NCCL INFO Connected 1 MSCCL algorithms
lrdn0077:1501149:1501204 [0] NCCL INFO NCCL_ALGO set by environment to MSCCL,RING,TREE
lrdn0077:1501149:1501204 [0] NCCL INFO threadThresholds 8/8/64 | 64/8/64 | 8/8/64 | 8/8/512
lrdn0077:1501149:1501204 [0] NCCL INFO 8 coll channels, 8 p2p channels, 2 p2p channels per peer
lrdn0078:1778953:1779016 [3] NCCL INFO Connected 1 MSCCL algorithms
lrdn0078:1778953:1779016 [3] NCCL INFO NCCL_ALGO set by environment to MSCCL,RING,TREE
lrdn0078:1778953:1779016 [3] NCCL INFO threadThresholds 8/8/64 | 64/8/64 | 8/8/64 | 8/8/512
lrdn0078:1778953:1779016 [3] NCCL INFO 8 coll channels, 8 p2p channels, 2 p2p channels per peer
lrdn0078:1778951:1779021 [1] NCCL INFO Connected 1 MSCCL algorithms
lrdn0078:1778951:1779021 [1] NCCL INFO NCCL_ALGO set by environment to MSCCL,RING,TREE
lrdn0078:1778951:1779021 [1] NCCL INFO threadThresholds 8/8/64 | 64/8/64 | 8/8/64 | 8/8/512
lrdn0078:1778951:1779021 [1] NCCL INFO 8 coll channels, 8 p2p channels, 2 p2p channels per peer
lrdn0077:1501151:1501216 [2] NCCL INFO Connected 1 MSCCL algorithms
lrdn0077:1501151:1501216 [2] NCCL INFO NCCL_ALGO set by environment to MSCCL,RING,TREE
lrdn0077:1501151:1501216 [2] NCCL INFO threadThresholds 8/8/64 | 64/8/64 | 8/8/64 | 8/8/512
lrdn0077:1501151:1501216 [2] NCCL INFO 8 coll channels, 8 p2p channels, 2 p2p channels per peer
lrdn0077:1501150:1501219 [1] NCCL INFO comm 0x14b9ac36a010 rank 1 nranks 8 cudaDev 1 busId 56000 - Init COMPLETE
lrdn0077:1501152:1501211 [3] NCCL INFO comm 0x146d8e45a010 rank 3 nranks 8 cudaDev 3 busId c8000 - Init COMPLETE
lrdn0077:1501151:1501216 [2] NCCL INFO comm 0x14709e45a010 rank 2 nranks 8 cudaDev 2 busId 8f000 - Init COMPLETE
lrdn0077:1501149:1501204 [0] NCCL INFO comm 0x1529651b8010 rank 0 nranks 8 cudaDev 0 busId 1d000 - Init COMPLETE
#
#                                                              out-of-place                       in-place          
#       size         count      type   redop    root     time   algbw   busbw #wrong     time   algbw   busbw #wrong
#        (B)    (elements)                               (us)  (GB/s)  (GB/s)            (us)  (GB/s)  (GB/s)       
lrdn0078:1778951:1779021 [1] NCCL INFO comm 0x15427845a010 rank 5 nranks 8 cudaDev 1 busId 56000 - Init COMPLETE
lrdn0078:1778952:1779008 [2] NCCL INFO comm 0x15101e45a010 rank 6 nranks 8 cudaDev 2 busId 8f000 - Init COMPLETE
lrdn0078:1778953:1779016 [3] NCCL INFO comm 0x148000287010 rank 7 nranks 8 cudaDev 3 busId c8000 - Init COMPLETE
lrdn0078:1778950:1779011 [0] NCCL INFO comm 0x14fab645a010 rank 4 nranks 8 cudaDev 0 busId 1d000 - Init COMPLETE
lrdn0077:1501149:1501149 [0] NCCL INFO Launch mode Parallel
         128            32     float     sum      -1    15.26    0.01    0.01      0    112.6    0.00    0.00      0
         256            64     float     sum      -1    14.91    0.02    0.03      0    112.5    0.00    0.00      0
         512           128     float     sum      -1    16.11    0.03    0.06      0    112.5    0.00    0.01      0
        1024           256     float     sum      -1    16.92    0.06    0.11      0    112.4    0.01    0.02      0
        2048           512     float     sum      -1    18.83    0.11    0.19      0    112.4    0.02    0.03      0
        4096          1024     float     sum      -1    20.70    0.20    0.35      0    112.1    0.04    0.06      0
        8192          2048     float     sum      -1    22.92    0.36    0.63      0    113.2    0.07    0.13      0
       16384          4096     float     sum      -1    24.11    0.68    1.19      0    113.5    0.14    0.25      0
       32768          8192     float     sum      -1    26.86    1.22    2.13      0    116.7    0.28    0.49      0
       65536         16384     float     sum      -1    33.18    1.97    3.46      0    119.4    0.55    0.96      0
      131072         32768     float     sum      -1    37.50    3.50    6.12      0    127.3    1.03    1.80      0
      262144         65536     float     sum      -1    51.05    5.13    8.99      0    142.0    1.85    3.23      0
      524288        131072     float     sum      -1    77.45    6.77   11.85      0    175.9    2.98    5.21      0
     1048576        262144     float     sum      -1    131.1    8.00   14.00      0    235.0    4.46    7.81      0
     2097152        524288     float     sum      -1    230.1    9.11   15.95      0    343.4    6.11   10.69      0
     4194304       1048576     float     sum      -1    434.5    9.65   16.89      0    547.1    7.67   13.42      0
     8388608       2097152     float     sum      -1    328.3   25.55   44.71      0    972.0    8.63   15.10      0
    16777216       4194304     float     sum      -1    712.7   23.54   41.20      0   1808.9    9.27   16.23      0
    33554432       8388608     float     sum      -1   1355.8   24.75   43.31      0   3540.8    9.48   16.58      0
lrdn0077:1501149:1501149 [0] NCCL INFO comm 0x1529651b8010 rank 0 nranks 8 cudaDev 0 busId 1d000 - Destroy COMPLETE
# Out of bounds values : 0 OK
# Avg bus bandwidth    : 7.97873 
#
lrdn0078:1778950:1778950 [0] NCCL INFO comm 0x14fab645a010 rank 4 nranks 8 cudaDev 0 busId 1d000 - Destroy COMPLETE
lrdn0078:1778952:1778952 [2] NCCL INFO comm 0x15101e45a010 rank 6 nranks 8 cudaDev 2 busId 8f000 - Destroy COMPLETE
lrdn0077:1501150:1501150 [1] NCCL INFO comm 0x14b9ac36a010 rank 1 nranks 8 cudaDev 1 busId 56000 - Destroy COMPLETE
lrdn0078:1778951:1778951 [1] NCCL INFO comm 0x15427845a010 rank 5 nranks 8 cudaDev 1 busId 56000 - Destroy COMPLETE
lrdn0078:1778953:1778953 [3] NCCL INFO comm 0x148000287010 rank 7 nranks 8 cudaDev 3 busId c8000 - Destroy COMPLETE
lrdn0077:1501151:1501151 [2] NCCL INFO comm 0x14709e45a010 rank 2 nranks 8 cudaDev 2 busId 8f000 - Destroy COMPLETE
lrdn0077:1501152:1501152 [3] NCCL INFO comm 0x146d8e45a010 rank 3 nranks 8 cudaDev 3 busId c8000 - Destroy COMPLETE

(my_venv) [aolivie1@login02 ~]$ python msccl-tools/examples/mscclang/allreduce_swing_bandwidth_at_once.py 8 1 > test.xml
(my_venv) [aolivie1@login02 ~]$ srun -n 8 -N 2 nccl-tests/build/all_reduce_perf --minbytes 128 --maxbytes 32MB --stepfactor 2 --ngpus 1 --check 1 --iters 100 --warmup_iters 100 --cudagraph 100 
# nThread 1 nGpus 1 minBytes 128 maxBytes 33554432 step: 2(factor) warmup iters: 100 iters: 100 agg iters: 1 validation: 1 graph: 100
#
# Using devices
#  Rank  0 Group  0 Pid 1501308 on   lrdn0077 device  0 [0x1d] NVIDIA A100-SXM-64GB
#  Rank  1 Group  0 Pid 1501309 on   lrdn0077 device  1 [0x56] NVIDIA A100-SXM-64GB
#  Rank  2 Group  0 Pid 1501310 on   lrdn0077 device  2 [0x8f] NVIDIA A100-SXM-64GB
#  Rank  3 Group  0 Pid 1501311 on   lrdn0077 device  3 [0xc8] NVIDIA A100-SXM-64GB
#  Rank  4 Group  0 Pid 1779059 on   lrdn0078 device  0 [0x1d] NVIDIA A100-SXM-64GB
#  Rank  5 Group  0 Pid 1779060 on   lrdn0078 device  1 [0x56] NVIDIA A100-SXM-64GB
#  Rank  6 Group  0 Pid 1779061 on   lrdn0078 device  2 [0x8f] NVIDIA A100-SXM-64GB
#  Rank  7 Group  0 Pid 1779062 on   lrdn0078 device  3 [0xc8] NVIDIA A100-SXM-64GB
lrdn0077:1501308:1501308 [0] NCCL INFO Bootstrap : Using ib0:10.128.7.85<0>
lrdn0077:1501308:1501308 [0] NCCL INFO NET/Plugin : No plugin found (libnccl-net.so), using internal implementation
lrdn0077:1501308:1501308 [0] NCCL INFO NET/IB : Using [0]mlx5_0:1/IB [1]mlx5_1:1/IB [2]mlx5_2:1/IB [3]mlx5_3:1/IB [RO]; OOB ib0:10.128.7.85<0>
lrdn0077:1501308:1501308 [0] NCCL INFO Using network IB
NCCL version 2.12.12.MSCCL.0.7.4+cuda12.1
lrdn0077:1501309:1501309 [1] NCCL INFO Bootstrap : Using ib0:10.128.7.85<0>
lrdn0077:1501309:1501309 [1] NCCL INFO NET/Plugin : No plugin found (libnccl-net.so), using internal implementation
lrdn0077:1501309:1501309 [1] NCCL INFO NET/IB : Using [0]mlx5_0:1/IB [1]mlx5_1:1/IB [2]mlx5_2:1/IB [3]mlx5_3:1/IB [RO]; OOB ib0:10.128.7.85<0>
lrdn0077:1501309:1501309 [1] NCCL INFO Using network IB
lrdn0077:1501310:1501310 [2] NCCL INFO Bootstrap : Using ib0:10.128.7.85<0>
lrdn0077:1501310:1501310 [2] NCCL INFO NET/Plugin : No plugin found (libnccl-net.so), using internal implementation
lrdn0077:1501310:1501310 [2] NCCL INFO NET/IB : Using [0]mlx5_0:1/IB [1]mlx5_1:1/IB [2]mlx5_2:1/IB [3]mlx5_3:1/IB [RO]; OOB ib0:10.128.7.85<0>
lrdn0077:1501310:1501310 [2] NCCL INFO Using network IB
lrdn0078:1779059:1779059 [0] NCCL INFO Bootstrap : Using ib0:10.128.7.89<0>
lrdn0078:1779059:1779059 [0] NCCL INFO NET/Plugin : No plugin found (libnccl-net.so), using internal implementation
lrdn0077:1501311:1501311 [3] NCCL INFO Bootstrap : Using ib0:10.128.7.85<0>
lrdn0077:1501311:1501311 [3] NCCL INFO NET/Plugin : No plugin found (libnccl-net.so), using internal implementation
lrdn0078:1779061:1779061 [2] NCCL INFO Bootstrap : Using ib0:10.128.7.89<0>
lrdn0078:1779061:1779061 [2] NCCL INFO NET/Plugin : No plugin found (libnccl-net.so), using internal implementation
lrdn0078:1779059:1779059 [0] NCCL INFO NET/IB : Using [0]mlx5_0:1/IB [1]mlx5_1:1/IB [2]mlx5_2:1/IB [3]mlx5_3:1/IB [RO]; OOB ib0:10.128.7.89<0>
lrdn0078:1779059:1779059 [0] NCCL INFO Using network IB
lrdn0078:1779062:1779062 [3] NCCL INFO Bootstrap : Using ib0:10.128.7.89<0>
lrdn0078:1779062:1779062 [3] NCCL INFO NET/Plugin : No plugin found (libnccl-net.so), using internal implementation
lrdn0078:1779061:1779061 [2] NCCL INFO NET/IB : Using [0]mlx5_0:1/IB [1]mlx5_1:1/IB [2]mlx5_2:1/IB [3]mlx5_3:1/IB [RO]; OOB ib0:10.128.7.89<0>
lrdn0078:1779061:1779061 [2] NCCL INFO Using network IB
lrdn0077:1501311:1501311 [3] NCCL INFO NET/IB : Using [0]mlx5_0:1/IB [1]mlx5_1:1/IB [2]mlx5_2:1/IB [3]mlx5_3:1/IB [RO]; OOB ib0:10.128.7.85<0>
lrdn0077:1501311:1501311 [3] NCCL INFO Using network IB
lrdn0078:1779062:1779062 [3] NCCL INFO NET/IB : Using [0]mlx5_0:1/IB [1]mlx5_1:1/IB [2]mlx5_2:1/IB [3]mlx5_3:1/IB [RO]; OOB ib0:10.128.7.89<0>
lrdn0078:1779062:1779062 [3] NCCL INFO Using network IB
lrdn0078:1779060:1779060 [1] NCCL INFO Bootstrap : Using ib0:10.128.7.89<0>
lrdn0078:1779060:1779060 [1] NCCL INFO NET/Plugin : No plugin found (libnccl-net.so), using internal implementation
lrdn0078:1779060:1779060 [1] NCCL INFO NET/IB : Using [0]mlx5_0:1/IB [1]mlx5_1:1/IB [2]mlx5_2:1/IB [3]mlx5_3:1/IB [RO]; OOB ib0:10.128.7.89<0>
lrdn0078:1779060:1779060 [1] NCCL INFO Using network IB
lrdn0077:1501310:1501375 [2] NCCL INFO Setting affinity for GPU 2 to ffff
lrdn0078:1779060:1779130 [1] NCCL INFO Setting affinity for GPU 1 to ffff
lrdn0077:1501309:1501370 [1] NCCL INFO Setting affinity for GPU 1 to ffff
lrdn0078:1779062:1779125 [3] NCCL INFO Setting affinity for GPU 3 to ffff
lrdn0078:1779059:1779117 [0] NCCL INFO Setting affinity for GPU 0 to ffff
lrdn0077:1501308:1501365 [0] NCCL INFO Setting affinity for GPU 0 to ffff
lrdn0077:1501311:1501380 [3] NCCL INFO Setting affinity for GPU 3 to ffff
lrdn0078:1779061:1779120 [2] NCCL INFO Setting affinity for GPU 2 to ffff
lrdn0078:1779061:1779120 [2] NCCL INFO Trees [0] 7/-1/-1->6->5 [1] -1/-1/-1->6->4 [2] 4/-1/-1->6->2 [3] 5/-1/-1->6->7 [4] 7/-1/-1->6->5 [5] -1/-1/-1->6->4 [6] 4/2/-1->6->-1 [7] 5/-1/-1->6->7
lrdn0078:1779062:1779125 [3] NCCL INFO Trees [0] -1/-1/-1->7->6 [1] 4/-1/-1->7->5 [2] 5/-1/-1->7->4 [3] 6/-1/-1->7->3 [4] -1/-1/-1->7->6 [5] 4/-1/-1->7->5 [6] 5/-1/-1->7->4 [7] 6/3/-1->7->-1
lrdn0078:1779059:1779117 [0] NCCL INFO Trees [0] 5/-1/-1->4->0 [1] 6/-1/-1->4->7 [2] 7/-1/-1->4->6 [3] -1/-1/-1->4->5 [4] 5/0/-1->4->-1 [5] 6/-1/-1->4->7 [6] 7/-1/-1->4->6 [7] -1/-1/-1->4->5
lrdn0078:1779060:1779130 [1] NCCL INFO Trees [0] 6/-1/-1->5->4 [1] 7/-1/-1->5->1 [2] -1/-1/-1->5->7 [3] 4/-1/-1->5->6 [4] 6/-1/-1->5->4 [5] 7/1/-1->5->-1 [6] -1/-1/-1->5->7 [7] 4/-1/-1->5->6
lrdn0077:1501308:1501365 [0] NCCL INFO Channel 00/08 :    0   1   2   3   4   5   6   7
lrdn0077:1501308:1501365 [0] NCCL INFO Channel 01/08 :    0   3   2   5   4   7   6   1
lrdn0077:1501308:1501365 [0] NCCL INFO Channel 02/08 :    0   3   6   5   4   7   2   1
lrdn0077:1501308:1501365 [0] NCCL INFO Channel 03/08 :    0   7   6   5   4   3   2   1
lrdn0077:1501308:1501365 [0] NCCL INFO Channel 04/08 :    0   1   2   3   4   5   6   7
lrdn0077:1501308:1501365 [0] NCCL INFO Channel 05/08 :    0   3   2   5   4   7   6   1
lrdn0077:1501308:1501365 [0] NCCL INFO Channel 06/08 :    0   3   6   5   4   7   2   1
lrdn0077:1501308:1501365 [0] NCCL INFO Channel 07/08 :    0   7   6   5   4   3   2   1
lrdn0077:1501308:1501365 [0] NCCL INFO Trees [0] 1/4/-1->0->-1 [1] 2/-1/-1->0->3 [2] 3/-1/-1->0->2 [3] -1/-1/-1->0->1 [4] 1/-1/-1->0->4 [5] 2/-1/-1->0->3 [6] 3/-1/-1->0->2 [7] -1/-1/-1->0->1
lrdn0077:1501309:1501370 [1] NCCL INFO Trees [0] 2/-1/-1->1->0 [1] 3/5/-1->1->-1 [2] -1/-1/-1->1->3 [3] 0/-1/-1->1->2 [4] 2/-1/-1->1->0 [5] 3/-1/-1->1->5 [6] -1/-1/-1->1->3 [7] 0/-1/-1->1->2
lrdn0077:1501310:1501375 [2] NCCL INFO Trees [0] 3/-1/-1->2->1 [1] -1/-1/-1->2->0 [2] 0/6/-1->2->-1 [3] 1/-1/-1->2->3 [4] 3/-1/-1->2->1 [5] -1/-1/-1->2->0 [6] 0/-1/-1->2->6 [7] 1/-1/-1->2->3
lrdn0077:1501311:1501380 [3] NCCL INFO Trees [0] -1/-1/-1->3->2 [1] 0/-1/-1->3->1 [2] 1/-1/-1->3->0 [3] 2/7/-1->3->-1 [4] -1/-1/-1->3->2 [5] 0/-1/-1->3->1 [6] 1/-1/-1->3->0 [7] 2/-1/-1->3->7
lrdn0077:1501310:1501375 [2] NCCL INFO Channel 00 : 2[8f000] -> 3[c8000] via P2P/IPC/read
lrdn0078:1779061:1779120 [2] NCCL INFO Channel 00 : 6[8f000] -> 7[c8000] via P2P/IPC/read
lrdn0077:1501310:1501375 [2] NCCL INFO Channel 04 : 2[8f000] -> 3[c8000] via P2P/IPC/read
lrdn0078:1779061:1779120 [2] NCCL INFO Channel 04 : 6[8f000] -> 7[c8000] via P2P/IPC/read
lrdn0078:1779060:1779130 [1] NCCL INFO Channel 00 : 5[56000] -> 6[8f000] via P2P/IPC/read
lrdn0077:1501309:1501370 [1] NCCL INFO Channel 00 : 1[56000] -> 2[8f000] via P2P/IPC/read
lrdn0077:1501309:1501370 [1] NCCL INFO Channel 04 : 1[56000] -> 2[8f000] via P2P/IPC/read
lrdn0078:1779060:1779130 [1] NCCL INFO Channel 04 : 5[56000] -> 6[8f000] via P2P/IPC/read
lrdn0077:1501311:1501380 [3] NCCL INFO Channel 00/0 : 3[c8000] -> 4[1d000] [send] via NET/IB/0(0)/GDRDMA
lrdn0077:1501308:1501365 [0] NCCL INFO Channel 00/0 : 7[c8000] -> 0[1d000] [receive] via NET/IB/0/GDRDMA
lrdn0078:1779062:1779125 [3] NCCL INFO Channel 00/0 : 7[c8000] -> 0[1d000] [send] via NET/IB/0(4)/GDRDMA
lrdn0078:1779059:1779117 [0] NCCL INFO Channel 00/0 : 3[c8000] -> 4[1d000] [receive] via NET/IB/0/GDRDMA
lrdn0078:1779062:1779125 [3] NCCL INFO Channel 04/0 : 7[c8000] -> 0[1d000] [send] via NET/IB/0(4)/GDRDMA
lrdn0077:1501308:1501365 [0] NCCL INFO Channel 04/0 : 7[c8000] -> 0[1d000] [receive] via NET/IB/0/GDRDMA
lrdn0077:1501308:1501365 [0] NCCL INFO Channel 00 : 0[1d000] -> 1[56000] via P2P/IPC/read
lrdn0078:1779059:1779117 [0] NCCL INFO Channel 04/0 : 3[c8000] -> 4[1d000] [receive] via NET/IB/0/GDRDMA
lrdn0078:1779059:1779117 [0] NCCL INFO Channel 00 : 4[1d000] -> 5[56000] via P2P/IPC/read
lrdn0078:1779059:1779117 [0] NCCL INFO Channel 04 : 4[1d000] -> 5[56000] via P2P/IPC/read
lrdn0077:1501311:1501380 [3] NCCL INFO Channel 04/0 : 3[c8000] -> 4[1d000] [send] via NET/IB/0(0)/GDRDMA
lrdn0077:1501308:1501365 [0] NCCL INFO Channel 04 : 0[1d000] -> 1[56000] via P2P/IPC/read
lrdn0078:1779061:1779120 [2] NCCL INFO Channel 02/0 : 3[c8000] -> 6[8f000] [receive] via NET/IB/2/GDRDMA
lrdn0078:1779060:1779130 [1] NCCL INFO Channel 01/0 : 2[8f000] -> 5[56000] [receive] via NET/IB/1/GDRDMA
lrdn0077:1501310:1501375 [2] NCCL INFO Channel 02/0 : 7[c8000] -> 2[8f000] [receive] via NET/IB/2/GDRDMA
lrdn0077:1501309:1501370 [1] NCCL INFO Channel 01/0 : 6[8f000] -> 1[56000] [receive] via NET/IB/1/GDRDMA
lrdn0078:1779062:1779125 [3] NCCL INFO Channel 02/0 : 7[c8000] -> 2[8f000] [send] via NET/IB/2(6)/GDRDMA
lrdn0077:1501311:1501380 [3] NCCL INFO Channel 02/0 : 3[c8000] -> 6[8f000] [send] via NET/IB/2(2)/GDRDMA
lrdn0078:1779059:1779117 [0] NCCL INFO Channel 01 : 4[1d000] -> 7[c8000] via P2P/IPC/read
lrdn0078:1779059:1779117 [0] NCCL INFO Channel 02 : 4[1d000] -> 7[c8000] via P2P/IPC/read
lrdn0078:1779059:1779117 [0] NCCL INFO Channel 05 : 4[1d000] -> 7[c8000] via P2P/IPC/read
lrdn0077:1501308:1501365 [0] NCCL INFO Channel 01 : 0[1d000] -> 3[c8000] via P2P/IPC/read
lrdn0078:1779059:1779117 [0] NCCL INFO Channel 06 : 4[1d000] -> 7[c8000] via P2P/IPC/read
lrdn0077:1501308:1501365 [0] NCCL INFO Channel 02 : 0[1d000] -> 3[c8000] via P2P/IPC/read
