lrdn0078:1779407:1779475 [3] NCCL INFO MSCCL: Parsing algorithm test.xml
lrdn0078:1779404:1779470 [0] NCCL INFO Connected all trees
lrdn0078:1779404:1779470 [0] NCCL INFO MSCCL_XML_FILES set by environment to test.xml
lrdn0078:1779404:1779470 [0] NCCL INFO MSCCL: Parsing algorithm test.xml
lrdn0077:1501658:1501720 [3] NCCL INFO Connected all trees
lrdn0077:1501658:1501720 [3] NCCL INFO MSCCL_XML_FILES set by environment to test.xml
lrdn0077:1501658:1501720 [3] NCCL INFO MSCCL: Parsing algorithm test.xml
lrdn0077:1501655:1501710 [0] NCCL INFO Connected all trees
lrdn0077:1501655:1501710 [0] NCCL INFO MSCCL_XML_FILES set by environment to test.xml
lrdn0077:1501655:1501710 [0] NCCL INFO MSCCL: Parsing algorithm test.xml
lrdn0078:1779405:1779465 [1] NCCL INFO Connected all trees
lrdn0078:1779405:1779465 [1] NCCL INFO MSCCL_XML_FILES set by environment to test.xml
lrdn0078:1779405:1779465 [1] NCCL INFO MSCCL: Parsing algorithm test.xml
lrdn0078:1779406:1779467 [2] NCCL INFO Connected all trees
lrdn0078:1779406:1779467 [2] NCCL INFO MSCCL_XML_FILES set by environment to test.xml
lrdn0078:1779406:1779467 [2] NCCL INFO MSCCL: Parsing algorithm test.xml
lrdn0077:1501656:1501725 [1] NCCL INFO Connected all trees
lrdn0077:1501656:1501725 [1] NCCL INFO MSCCL_XML_FILES set by environment to test.xml
lrdn0077:1501656:1501725 [1] NCCL INFO MSCCL: Parsing algorithm test.xml
lrdn0077:1501657:1501715 [2] NCCL INFO Connected all trees
lrdn0077:1501657:1501715 [2] NCCL INFO MSCCL_XML_FILES set by environment to test.xml
lrdn0077:1501657:1501715 [2] NCCL INFO MSCCL: Parsing algorithm test.xml
lrdn0077:1501655:1501710 [0] NCCL INFO Parsed MSCCL Algorithm test.xml successfully.
lrdn0077:1501657:1501715 [2] NCCL INFO Parsed MSCCL Algorithm test.xml successfully.
lrdn0077:1501658:1501720 [3] NCCL INFO Parsed MSCCL Algorithm test.xml successfully.
lrdn0077:1501656:1501725 [1] NCCL INFO Parsed MSCCL Algorithm test.xml successfully.
lrdn0077:1501655:1501710 [0] NCCL INFO Channel 00 : 0[1d000] -> 3[c8000] via P2P/IPC/read
lrdn0077:1501657:1501715 [2] NCCL INFO Channel 00/0 : 2[8f000] -> 5[56000] [send] via NET/IB/1(1)/GDRDMA
lrdn0078:1779407:1779475 [3] NCCL INFO Parsed MSCCL Algorithm test.xml successfully.
lrdn0078:1779405:1779465 [1] NCCL INFO Parsed MSCCL Algorithm test.xml successfully.
lrdn0078:1779404:1779470 [0] NCCL INFO Parsed MSCCL Algorithm test.xml successfully.
lrdn0078:1779406:1779467 [2] NCCL INFO Parsed MSCCL Algorithm test.xml successfully.
lrdn0078:1779404:1779470 [0] NCCL INFO Channel 00 : 4[1d000] -> 7[c8000] via P2P/IPC/read
lrdn0077:1501658:1501720 [3] NCCL INFO Channel 00 : 3[c8000] -> 0[1d000] via P2P/IPC/read
lrdn0078:1779406:1779467 [2] NCCL INFO Channel 00/0 : 6[8f000] -> 1[56000] [send] via NET/IB/1(5)/GDRDMA
lrdn0078:1779407:1779475 [3] NCCL INFO Channel 00 : 7[c8000] -> 4[1d000] via P2P/IPC/read
lrdn0077:1501655:1501710 [0] NCCL INFO Channel 00/0 : 0[1d000] -> 7[c8000] [send] via NET/IB/3(3)/GDRDMA
lrdn0078:1779404:1779470 [0] NCCL INFO Channel 00/0 : 4[1d000] -> 3[c8000] [send] via NET/IB/3(7)/GDRDMA
lrdn0077:1501656:1501725 [1] NCCL INFO Channel 00/0 : 6[8f000] -> 1[56000] [receive] via NET/IB/1/GDRDMA
lrdn0078:1779405:1779465 [1] NCCL INFO Channel 00/0 : 2[8f000] -> 5[56000] [receive] via NET/IB/1/GDRDMA
lrdn0077:1501658:1501720 [3] NCCL INFO Channel 00/0 : 4[1d000] -> 3[c8000] [receive] via NET/IB/3/GDRDMA
lrdn0078:1779407:1779475 [3] NCCL INFO Channel 00/0 : 0[1d000] -> 7[c8000] [receive] via NET/IB/3/GDRDMA
lrdn0078:1779406:1779467 [2] NCCL INFO Channel 00/0 : 1[56000] -> 6[8f000] [receive] via NET/IB/2/GDRDMA
lrdn0077:1501657:1501715 [2] NCCL INFO Channel 00/0 : 5[56000] -> 2[8f000] [receive] via NET/IB/2/GDRDMA
lrdn0078:1779404:1779470 [0] NCCL INFO Connected 1 MSCCL algorithms
lrdn0078:1779404:1779470 [0] NCCL INFO NCCL_ALGO set by environment to MSCCL,RING,TREE
lrdn0077:1501655:1501710 [0] NCCL INFO Connected 1 MSCCL algorithms
lrdn0078:1779404:1779470 [0] NCCL INFO threadThresholds 8/8/64 | 64/8/64 | 8/8/64 | 8/8/512
lrdn0078:1779404:1779470 [0] NCCL INFO 8 coll channels, 8 p2p channels, 2 p2p channels per peer
lrdn0077:1501655:1501710 [0] NCCL INFO NCCL_ALGO set by environment to MSCCL,RING,TREE
lrdn0077:1501655:1501710 [0] NCCL INFO threadThresholds 8/8/64 | 64/8/64 | 8/8/64 | 8/8/512
lrdn0077:1501655:1501710 [0] NCCL INFO 8 coll channels, 8 p2p channels, 2 p2p channels per peer
lrdn0078:1779405:1779465 [1] NCCL INFO Channel 00/0 : 5[56000] -> 2[8f000] [send] via NET/IB/2(6)/GDRDMA
lrdn0077:1501656:1501725 [1] NCCL INFO Channel 00/0 : 1[56000] -> 6[8f000] [send] via NET/IB/2(2)/GDRDMA
lrdn0078:1779407:1779475 [3] NCCL INFO Connected 1 MSCCL algorithms
lrdn0078:1779407:1779475 [3] NCCL INFO NCCL_ALGO set by environment to MSCCL,RING,TREE
lrdn0078:1779407:1779475 [3] NCCL INFO threadThresholds 8/8/64 | 64/8/64 | 8/8/64 | 8/8/512
lrdn0078:1779407:1779475 [3] NCCL INFO 8 coll channels, 8 p2p channels, 2 p2p channels per peer
lrdn0077:1501658:1501720 [3] NCCL INFO Connected 1 MSCCL algorithms
lrdn0077:1501658:1501720 [3] NCCL INFO NCCL_ALGO set by environment to MSCCL,RING,TREE
lrdn0077:1501658:1501720 [3] NCCL INFO threadThresholds 8/8/64 | 64/8/64 | 8/8/64 | 8/8/512
lrdn0077:1501658:1501720 [3] NCCL INFO 8 coll channels, 8 p2p channels, 2 p2p channels per peer
lrdn0078:1779405:1779465 [1] NCCL INFO Connected 1 MSCCL algorithms
lrdn0078:1779405:1779465 [1] NCCL INFO NCCL_ALGO set by environment to MSCCL,RING,TREE
lrdn0078:1779405:1779465 [1] NCCL INFO threadThresholds 8/8/64 | 64/8/64 | 8/8/64 | 8/8/512
lrdn0078:1779405:1779465 [1] NCCL INFO 8 coll channels, 8 p2p channels, 2 p2p channels per peer
lrdn0077:1501656:1501725 [1] NCCL INFO Connected 1 MSCCL algorithms
lrdn0077:1501656:1501725 [1] NCCL INFO NCCL_ALGO set by environment to MSCCL,RING,TREE
lrdn0077:1501656:1501725 [1] NCCL INFO threadThresholds 8/8/64 | 64/8/64 | 8/8/64 | 8/8/512
lrdn0077:1501656:1501725 [1] NCCL INFO 8 coll channels, 8 p2p channels, 2 p2p channels per peer
lrdn0078:1779406:1779467 [2] NCCL INFO Connected 1 MSCCL algorithms
lrdn0078:1779406:1779467 [2] NCCL INFO NCCL_ALGO set by environment to MSCCL,RING,TREE
lrdn0078:1779406:1779467 [2] NCCL INFO threadThresholds 8/8/64 | 64/8/64 | 8/8/64 | 8/8/512
lrdn0078:1779406:1779467 [2] NCCL INFO 8 coll channels, 8 p2p channels, 2 p2p channels per peer
lrdn0077:1501657:1501715 [2] NCCL INFO Connected 1 MSCCL algorithms
lrdn0077:1501657:1501715 [2] NCCL INFO NCCL_ALGO set by environment to MSCCL,RING,TREE
lrdn0077:1501657:1501715 [2] NCCL INFO threadThresholds 8/8/64 | 64/8/64 | 8/8/64 | 8/8/512
lrdn0077:1501657:1501715 [2] NCCL INFO 8 coll channels, 8 p2p channels, 2 p2p channels per peer
lrdn0078:1779405:1779465 [1] NCCL INFO comm 0x14e6c645a010 rank 5 nranks 8 cudaDev 1 busId 56000 - Init COMPLETE
lrdn0077:1501656:1501725 [1] NCCL INFO comm 0x14935845a010 rank 1 nranks 8 cudaDev 1 busId 56000 - Init COMPLETE
lrdn0078:1779406:1779467 [2] NCCL INFO comm 0x14966e45a010 rank 6 nranks 8 cudaDev 2 busId 8f000 - Init COMPLETE
lrdn0078:1779404:1779470 [0] NCCL INFO comm 0x14bfae45a010 rank 4 nranks 8 cudaDev 0 busId 1d000 - Init COMPLETE
lrdn0078:1779407:1779475 [3] NCCL INFO comm 0x15385a45a010 rank 7 nranks 8 cudaDev 3 busId c8000 - Init COMPLETE
lrdn0077:1501658:1501720 [3] NCCL INFO comm 0x148afa058010 rank 3 nranks 8 cudaDev 3 busId c8000 - Init COMPLETE
lrdn0077:1501657:1501715 [2] NCCL INFO comm 0x14f2d439e010 rank 2 nranks 8 cudaDev 2 busId 8f000 - Init COMPLETE
lrdn0077:1501655:1501710 [0] NCCL INFO comm 0x14cd9c45a010 rank 0 nranks 8 cudaDev 0 busId 1d000 - Init COMPLETE
#
#                                                              out-of-place                       in-place          
#       size         count      type   redop    root     time   algbw   busbw #wrong     time   algbw   busbw #wrong
#        (B)    (elements)                               (us)  (GB/s)  (GB/s)            (us)  (GB/s)  (GB/s)       
lrdn0077:1501655:1501655 [0] NCCL INFO Launch mode Parallel
         128            32     float     sum      -1    117.9    0.00    0.00      0    14.86    0.01    0.02      0
         256            64     float     sum      -1    116.7    0.00    0.00      0    15.09    0.02    0.03      0
         512           128     float     sum      -1    116.9    0.00    0.01      0    16.29    0.03    0.06      0
        1024           256     float     sum      -1    116.7    0.01    0.02      0    17.14    0.06    0.10      0
        2048           512     float     sum      -1    116.7    0.02    0.03      0    18.88    0.11    0.19      0
        4096          1024     float     sum      -1    116.5    0.04    0.06      0    20.75    0.20    0.35      0
        8192          2048     float     sum      -1    117.1    0.07    0.12      0    23.15    0.35    0.62      0
       16384          4096     float     sum      -1    118.7    0.14    0.24      0    24.45    0.67    1.17      0
       32768          8192     float     sum      -1    124.1    0.26    0.46      0    27.05    1.21    2.12      0
       65536         16384     float     sum      -1    133.0    0.49    0.86      0    33.19    1.97    3.46      0
      131072         32768     float     sum      -1    147.2    0.89    1.56      0    37.09    3.53    6.18      0
      262144         65536     float     sum      -1    177.7    1.48    2.58      0    51.36    5.10    8.93      0
      524288        131072     float     sum      -1    240.5    2.18    3.82      0    78.02    6.72   11.76      0
     1048576        262144     float     sum      -1    355.4    2.95    5.16      0    131.3    7.98   13.97      0
     2097152        524288     float     sum      -1    566.9    3.70    6.47      0    231.9    9.04   15.83      0
     4194304       1048576     float     sum      -1    996.5    4.21    7.37      0    435.6    9.63   16.85      0
     8388608       2097152     float     sum      -1   1819.0    4.61    8.07      0    326.1   25.73   45.02      0
    16777216       4194304     float     sum      -1   3315.2    5.06    8.86      0    711.9   23.57   41.24      0
    33554432       8388608     float     sum      -1   6634.4    5.06    8.85      0   1354.0   24.78   43.37      0
lrdn0077:1501655:1501655 [0] NCCL INFO comm 0x14cd9c45a010 rank 0 nranks 8 cudaDev 0 busId 1d000 - Destroy COMPLETE
# Out of bounds values : 0 OK
# Avg bus bandwidth    : 6.99492 
#
lrdn0078:1779404:1779404 [0] NCCL INFO comm 0x14bfae45a010 rank 4 nranks 8 cudaDev 0 busId 1d000 - Destroy COMPLETE
lrdn0077:1501658:1501658 [3] NCCL INFO comm 0x148afa058010 rank 3 nranks 8 cudaDev 3 busId c8000 - Destroy COMPLETE
lrdn0077:1501656:1501656 [1] NCCL INFO comm 0x14935845a010 rank 1 nranks 8 cudaDev 1 busId 56000 - Destroy COMPLETE
lrdn0078:1779407:1779407 [3] NCCL INFO comm 0x15385a45a010 rank 7 nranks 8 cudaDev 3 busId c8000 - Destroy COMPLETE
lrdn0078:1779406:1779406 [2] NCCL INFO comm 0x14966e45a010 rank 6 nranks 8 cudaDev 2 busId 8f000 - Destroy COMPLETE
lrdn0078:1779405:1779405 [1] NCCL INFO comm 0x14e6c645a010 rank 5 nranks 8 cudaDev 1 busId 56000 - Destroy COMPLETE
lrdn0077:1501657:1501657 [2] NCCL INFO comm 0x14f2d439e010 rank 2 nranks 8 cudaDev 2 busId 8f000 - Destroy COMPLETE

(my_venv) [aolivie1@login02 ~]$ cd msccl-tools/
(my_venv) [aolivie1@login02 msccl-tools]$ git pull
Already up to date.
(my_venv) [aolivie1@login02 msccl-tools]$ git pull
remote: Enumerating objects: 5, done.
remote: Counting objects: 100% (5/5), done.
remote: Compressing objects: 100% (2/2), done.
remote: Total 5 (delta 3), reused 5 (delta 3), pack-reused 0 (from 0)
Unpacking objects: 100% (5/5), 1.48 KiB | 63.00 KiB/s, done.
From https://github.com/Alessio-Olivieri/msccl-tools
   167e190..b1f4293  main       -> origin/main
Updating 167e190..b1f4293
Fast-forward
 examples/mscclang/allreduce_swing_latency_sync.py | 78 ++++++++++++++++++++++++++++++++++++++++++++++++++++++++++++++++++
 1 file changed, 78 insertions(+)
 create mode 100644 examples/mscclang/allreduce_swing_latency_sync.py
(my_venv) [aolivie1@login02 msccl-tools]$ cd ..
(my_venv) [aolivie1@login02 ~]$ ls
msccl  msccl-tools  nccl-tests  test.xml
(my_venv) [aolivie1@login02 ~]$ python msccl-tools/examples/mscclang/allreduce_swing_latency_sync.py 4 1 > test.xml
2024-10-05 19:53:30,383 - DEBUG - Starting step 0
2024-10-05 19:53:30,383 - DEBUG - copying input buffer of 0 into scratch of 0
2024-10-05 19:53:30,383 - DEBUG - copying input buffer of 1 into scratch of 1
2024-10-05 19:53:30,383 - DEBUG - reducing scratch buffer of 0 into the input buffer of 0
2024-10-05 19:53:30,383 - DEBUG - reducing scratch buffer of 1 into the input buffer of 1
2024-10-05 19:53:30,383 - DEBUG - copying input buffer of 2 into scratch of 2
2024-10-05 19:53:30,383 - DEBUG - copying input buffer of 3 into scratch of 3
2024-10-05 19:53:30,383 - DEBUG - reducing scratch buffer of 2 into the input buffer of 2
2024-10-05 19:53:30,383 - DEBUG - reducing scratch buffer of 3 into the input buffer of 3
2024-10-05 19:53:30,384 - DEBUG - Starting step 1
2024-10-05 19:53:30,384 - DEBUG - copying input buffer of 0 into scratch of 0
2024-10-05 19:53:30,384 - DEBUG - copying input buffer of 1 into scratch of 1
2024-10-05 19:53:30,384 - DEBUG - copying input buffer of 2 into scratch of 2
2024-10-05 19:53:30,384 - DEBUG - reducing scratch buffer of 1 into the input buffer of 1
2024-10-05 19:53:30,384 - DEBUG - reducing scratch buffer of 2 into the input buffer of 2
2024-10-05 19:53:30,384 - DEBUG - copying input buffer of 3 into scratch of 3
2024-10-05 19:53:30,384 - DEBUG - reducing scratch buffer of 0 into the input buffer of 0
2024-10-05 19:53:30,384 - DEBUG - reducing scratch buffer of 3 into the input buffer of 3
(my_venv) [aolivie1@login02 ~]$ srun -n 8 -N 2 nccl-tests/build/all_reduce_perf --minbytes 128 --maxbytes 32MB --stepfactor 2 --ngpus 1 --check 1 --iters 100 --warmup_iters 100 --cudagraph 100 
# nThread 1 nGpus 1 minBytes 128 maxBytes 33554432 step: 2(factor) warmup iters: 100 iters: 100 agg iters: 1 validation: 1 graph: 100
#
# Using devices
#  Rank  0 Group  0 Pid 1502647 on   lrdn0077 device  0 [0x1d] NVIDIA A100-SXM-64GB
#  Rank  1 Group  0 Pid 1502648 on   lrdn0077 device  1 [0x56] NVIDIA A100-SXM-64GB
#  Rank  2 Group  0 Pid 1502649 on   lrdn0077 device  2 [0x8f] NVIDIA A100-SXM-64GB
#  Rank  3 Group  0 Pid 1502650 on   lrdn0077 device  3 [0xc8] NVIDIA A100-SXM-64GB
#  Rank  4 Group  0 Pid 1780242 on   lrdn0078 device  0 [0x1d] NVIDIA A100-SXM-64GB
#  Rank  5 Group  0 Pid 1780243 on   lrdn0078 device  1 [0x56] NVIDIA A100-SXM-64GB
#  Rank  6 Group  0 Pid 1780244 on   lrdn0078 device  2 [0x8f] NVIDIA A100-SXM-64GB
#  Rank  7 Group  0 Pid 1780245 on   lrdn0078 device  3 [0xc8] NVIDIA A100-SXM-64GB
lrdn0077:1502647:1502647 [0] NCCL INFO Bootstrap : Using ib0:10.128.7.85<0>
lrdn0077:1502647:1502647 [0] NCCL INFO NET/Plugin : No plugin found (libnccl-net.so), using internal implementation
lrdn0077:1502647:1502647 [0] NCCL INFO NET/IB : Using [0]mlx5_0:1/IB [1]mlx5_1:1/IB [2]mlx5_2:1/IB [3]mlx5_3:1/IB [RO]; OOB ib0:10.128.7.85<0>
lrdn0077:1502647:1502647 [0] NCCL INFO Using network IB
NCCL version 2.12.12.MSCCL.0.7.4+cuda12.1
lrdn0077:1502650:1502650 [3] NCCL INFO Bootstrap : Using ib0:10.128.7.85<0>
lrdn0077:1502650:1502650 [3] NCCL INFO NET/Plugin : No plugin found (libnccl-net.so), using internal implementation
lrdn0077:1502648:1502648 [1] NCCL INFO Bootstrap : Using ib0:10.128.7.85<0>
lrdn0077:1502648:1502648 [1] NCCL INFO NET/Plugin : No plugin found (libnccl-net.so), using internal implementation
lrdn0077:1502649:1502649 [2] NCCL INFO Bootstrap : Using ib0:10.128.7.85<0>
lrdn0077:1502649:1502649 [2] NCCL INFO NET/Plugin : No plugin found (libnccl-net.so), using internal implementation
lrdn0077:1502650:1502650 [3] NCCL INFO NET/IB : Using [0]mlx5_0:1/IB [1]mlx5_1:1/IB [2]mlx5_2:1/IB [3]mlx5_3:1/IB [RO]; OOB ib0:10.128.7.85<0>
lrdn0077:1502650:1502650 [3] NCCL INFO Using network IB
lrdn0077:1502648:1502648 [1] NCCL INFO NET/IB : Using [0]mlx5_0:1/IB [1]mlx5_1:1/IB [2]mlx5_2:1/IB [3]mlx5_3:1/IB [RO]; OOB ib0:10.128.7.85<0>
lrdn0077:1502648:1502648 [1] NCCL INFO Using network IB
lrdn0077:1502649:1502649 [2] NCCL INFO NET/IB : Using [0]mlx5_0:1/IB [1]mlx5_1:1/IB [2]mlx5_2:1/IB [3]mlx5_3:1/IB [RO]; OOB ib0:10.128.7.85<0>
lrdn0077:1502649:1502649 [2] NCCL INFO Using network IB
lrdn0078:1780243:1780243 [1] NCCL INFO Bootstrap : Using ib0:10.128.7.89<0>
lrdn0078:1780243:1780243 [1] NCCL INFO NET/Plugin : No plugin found (libnccl-net.so), using internal implementation
lrdn0078:1780242:1780242 [0] NCCL INFO Bootstrap : Using ib0:10.128.7.89<0>
lrdn0078:1780242:1780242 [0] NCCL INFO NET/Plugin : No plugin found (libnccl-net.so), using internal implementation
lrdn0078:1780242:1780242 [0] NCCL INFO NET/IB : Using [0]mlx5_0:1/IB [1]mlx5_1:1/IB [2]mlx5_2:1/IB [3]mlx5_3:1/IB [RO]; OOB ib0:10.128.7.89<0>
lrdn0078:1780242:1780242 [0] NCCL INFO Using network IB
lrdn0078:1780243:1780243 [1] NCCL INFO NET/IB : Using [0]mlx5_0:1/IB [1]mlx5_1:1/IB [2]mlx5_2:1/IB [3]mlx5_3:1/IB [RO]; OOB ib0:10.128.7.89<0>
lrdn0078:1780243:1780243 [1] NCCL INFO Using network IB
lrdn0078:1780245:1780245 [3] NCCL INFO Bootstrap : Using ib0:10.128.7.89<0>
lrdn0078:1780245:1780245 [3] NCCL INFO NET/Plugin : No plugin found (libnccl-net.so), using internal implementation
lrdn0078:1780245:1780245 [3] NCCL INFO NET/IB : Using [0]mlx5_0:1/IB [1]mlx5_1:1/IB [2]mlx5_2:1/IB [3]mlx5_3:1/IB [RO]; OOB ib0:10.128.7.89<0>
lrdn0078:1780245:1780245 [3] NCCL INFO Using network IB
lrdn0078:1780244:1780244 [2] NCCL INFO Bootstrap : Using ib0:10.128.7.89<0>
lrdn0078:1780244:1780244 [2] NCCL INFO NET/Plugin : No plugin found (libnccl-net.so), using internal implementation
lrdn0078:1780244:1780244 [2] NCCL INFO NET/IB : Using [0]mlx5_0:1/IB [1]mlx5_1:1/IB [2]mlx5_2:1/IB [3]mlx5_3:1/IB [RO]; OOB ib0:10.128.7.89<0>
lrdn0078:1780244:1780244 [2] NCCL INFO Using network IB
lrdn0077:1502650:1502710 [3] NCCL INFO Setting affinity for GPU 3 to ffff
lrdn0078:1780244:1780315 [2] NCCL INFO Setting affinity for GPU 2 to ffff
lrdn0077:1502648:1502714 [1] NCCL INFO Setting affinity for GPU 1 to ffff
lrdn0077:1502649:1502717 [2] NCCL INFO Setting affinity for GPU 2 to ffff
lrdn0077:1502647:1502702 [0] NCCL INFO Setting affinity for GPU 0 to ffff
lrdn0078:1780245:1780310 [3] NCCL INFO Setting affinity for GPU 3 to ffff
lrdn0078:1780243:1780305 [1] NCCL INFO Setting affinity for GPU 1 to ffff
lrdn0078:1780242:1780302 [0] NCCL INFO Setting affinity for GPU 0 to ffff
lrdn0078:1780242:1780302 [0] NCCL INFO Trees [0] 5/-1/-1->4->0 [1] 6/-1/-1->4->7 [2] 7/-1/-1->4->6 [3] -1/-1/-1->4->5 [4] 5/0/-1->4->-1 [5] 6/-1/-1->4->7 [6] 7/-1/-1->4->6 [7] -1/-1/-1->4->5
lrdn0077:1502650:1502710 [3] NCCL INFO Trees [0] -1/-1/-1->3->2 [1] 0/-1/-1->3->1 [2] 1/-1/-1->3->0 [3] 2/7/-1->3->-1 [4] -1/-1/-1->3->2 [5] 0/-1/-1->3->1 [6] 1/-1/-1->3->0 [7] 2/-1/-1->3->7
lrdn0078:1780243:1780305 [1] NCCL INFO Trees [0] 6/-1/-1->5->4 [1] 7/-1/-1->5->1 [2] -1/-1/-1->5->7 [3] 4/-1/-1->5->6 [4] 6/-1/-1->5->4 [5] 7/1/-1->5->-1 [6] -1/-1/-1->5->7 [7] 4/-1/-1->5->6
lrdn0077:1502647:1502702 [0] NCCL INFO Channel 00/08 :    0   1   2   3   4   5   6   7
lrdn0078:1780244:1780315 [2] NCCL INFO Trees [0] 7/-1/-1->6->5 [1] -1/-1/-1->6->4 [2] 4/-1/-1->6->2 [3] 5/-1/-1->6->7 [4] 7/-1/-1->6->5 [5] -1/-1/-1->6->4 [6] 4/2/-1->6->-1 [7] 5/-1/-1->6->7
lrdn0077:1502647:1502702 [0] NCCL INFO Channel 01/08 :    0   3   2   5   4   7   6   1
lrdn0077:1502647:1502702 [0] NCCL INFO Channel 02/08 :    0   3   6   5   4   7   2   1
lrdn0077:1502647:1502702 [0] NCCL INFO Channel 03/08 :    0   7   6   5   4   3   2   1
lrdn0078:1780245:1780310 [3] NCCL INFO Trees [0] -1/-1/-1->7->6 [1] 4/-1/-1->7->5 [2] 5/-1/-1->7->4 [3] 6/-1/-1->7->3 [4] -1/-1/-1->7->6 [5] 4/-1/-1->7->5 [6] 5/-1/-1->7->4 [7] 6/3/-1->7->-1
lrdn0077:1502648:1502714 [1] NCCL INFO Trees [0] 2/-1/-1->1->0 [1] 3/5/-1->1->-1 [2] -1/-1/-1->1->3 [3] 0/-1/-1->1->2 [4] 2/-1/-1->1->0 [5] 3/-1/-1->1->5 [6] -1/-1/-1->1->3 [7] 0/-1/-1->1->2
lrdn0077:1502649:1502717 [2] NCCL INFO Trees [0] 3/-1/-1->2->1 [1] -1/-1/-1->2->0 [2] 0/6/-1->2->-1 [3] 1/-1/-1->2->3 [4] 3/-1/-1->2->1 [5] -1/-1/-1->2->0 [6] 0/-1/-1->2->6 [7] 1/-1/-1->2->3
lrdn0077:1502647:1502702 [0] NCCL INFO Channel 04/08 :    0   1   2   3   4   5   6   7
lrdn0077:1502647:1502702 [0] NCCL INFO Channel 05/08 :    0   3   2   5   4   7   6   1
lrdn0077:1502647:1502702 [0] NCCL INFO Channel 06/08 :    0   3   6   5   4   7   2   1
lrdn0077:1502647:1502702 [0] NCCL INFO Channel 07/08 :    0   7   6   5   4   3   2   1
lrdn0077:1502647:1502702 [0] NCCL INFO Trees [0] 1/4/-1->0->-1 [1] 2/-1/-1->0->3 [2] 3/-1/-1->0->2 [3] -1/-1/-1->0->1 [4] 1/-1/-1->0->4 [5] 2/-1/-1->0->3 [6] 3/-1/-1->0->2 [7] -1/-1/-1->0->1
lrdn0078:1780244:1780315 [2] NCCL INFO Channel 00 : 6[8f000] -> 7[c8000] via P2P/IPC/read
lrdn0078:1780244:1780315 [2] NCCL INFO Channel 04 : 6[8f000] -> 7[c8000] via P2P/IPC/read
lrdn0078:1780243:1780305 [1] NCCL INFO Channel 00 : 5[56000] -> 6[8f000] via P2P/IPC/read
lrdn0077:1502649:1502717 [2] NCCL INFO Channel 00 : 2[8f000] -> 3[c8000] via P2P/IPC/read
lrdn0078:1780243:1780305 [1] NCCL INFO Channel 04 : 5[56000] -> 6[8f000] via P2P/IPC/read
lrdn0077:1502648:1502714 [1] NCCL INFO Channel 00 : 1[56000] -> 2[8f000] via P2P/IPC/read
lrdn0077:1502649:1502717 [2] NCCL INFO Channel 04 : 2[8f000] -> 3[c8000] via P2P/IPC/read
lrdn0077:1502648:1502714 [1] NCCL INFO Channel 04 : 1[56000] -> 2[8f000] via P2P/IPC/read
lrdn0078:1780245:1780310 [3] NCCL INFO Channel 00/0 : 7[c8000] -> 0[1d000] [send] via NET/IB/0(4)/GDRDMA
lrdn0078:1780242:1780302 [0] NCCL INFO Channel 00/0 : 3[c8000] -> 4[1d000] [receive] via NET/IB/0/GDRDMA
lrdn0077:1502650:1502710 [3] NCCL INFO Channel 00/0 : 3[c8000] -> 4[1d000] [send] via NET/IB/0(0)/GDRDMA
lrdn0077:1502647:1502702 [0] NCCL INFO Channel 00/0 : 7[c8000] -> 0[1d000] [receive] via NET/IB/0/GDRDMA
lrdn0078:1780245:1780310 [3] NCCL INFO Channel 04/0 : 7[c8000] -> 0[1d000] [send] via NET/IB/0(4)/GDRDMA
lrdn0077:1502650:1502710 [3] NCCL INFO Channel 04/0 : 3[c8000] -> 4[1d000] [send] via NET/IB/0(0)/GDRDMA
lrdn0078:1780242:1780302 [0] NCCL INFO Channel 04/0 : 3[c8000] -> 4[1d000] [receive] via NET/IB/0/GDRDMA
lrdn0078:1780242:1780302 [0] NCCL INFO Channel 00 : 4[1d000] -> 5[56000] via P2P/IPC/read
lrdn0077:1502647:1502702 [0] NCCL INFO Channel 04/0 : 7[c8000] -> 0[1d000] [receive] via NET/IB/0/GDRDMA
lrdn0077:1502647:1502702 [0] NCCL INFO Channel 00 : 0[1d000] -> 1[56000] via P2P/IPC/read
lrdn0077:1502647:1502702 [0] NCCL INFO Channel 04 : 0[1d000] -> 1[56000] via P2P/IPC/read
lrdn0078:1780242:1780302 [0] NCCL INFO Channel 04 : 4[1d000] -> 5[56000] via P2P/IPC/read
lrdn0077:1502649:1502717 [2] NCCL INFO Channel 02/0 : 7[c8000] -> 2[8f000] [receive] via NET/IB/2/GDRDMA
lrdn0078:1780244:1780315 [2] NCCL INFO Channel 02/0 : 3[c8000] -> 6[8f000] [receive] via NET/IB/2/GDRDMA
lrdn0077:1502648:1502714 [1] NCCL INFO Channel 01/0 : 6[8f000] -> 1[56000] [receive] via NET/IB/1/GDRDMA
lrdn0078:1780243:1780305 [1] NCCL INFO Channel 01/0 : 2[8f000] -> 5[56000] [receive] via NET/IB/1/GDRDMA
lrdn0078:1780245:1780310 [3] NCCL INFO Channel 02/0 : 7[c8000] -> 2[8f000] [send] via NET/IB/2(6)/GDRDMA
lrdn0077:1502650:1502710 [3] NCCL INFO Channel 02/0 : 3[c8000] -> 6[8f000] [send] via NET/IB/2(2)/GDRDMA
lrdn0078:1780242:1780302 [0] NCCL INFO Channel 01 : 4[1d000] -> 7[c8000] via P2P/IPC/read
lrdn0077:1502647:1502702 [0] NCCL INFO Channel 01 : 0[1d000] -> 3[c8000] via P2P/IPC/read
lrdn0078:1780242:1780302 [0] NCCL INFO Channel 02 : 4[1d000] -> 7[c8000] via P2P/IPC/read
lrdn0077:1502647:1502702 [0] NCCL INFO Channel 02 : 0[1d000] -> 3[c8000] via P2P/IPC/read
lrdn0078:1780242:1780302 [0] NCCL INFO Channel 05 : 4[1d000] -> 7[c8000] via P2P/IPC/read
lrdn0077:1502647:1502702 [0] NCCL INFO Channel 05 : 0[1d000] -> 3[c8000] via P2P/IPC/read
lrdn0078:1780242:1780302 [0] NCCL INFO Channel 06 : 4[1d000] -> 7[c8000] via P2P/IPC/read
lrdn0077:1502647:1502702 [0] NCCL INFO Channel 06 : 0[1d000] -> 3[c8000] via P2P/IPC/read
lrdn0078:1780244:1780315 [2] NCCL INFO Channel 06/0 : 3[c8000] -> 6[8f000] [receive] via NET/IB/2/GDRDMA
lrdn0077:1502649:1502717 [2] NCCL INFO Channel 06/0 : 7[c8000] -> 2[8f000] [receive] via NET/IB/2/GDRDMA
lrdn0078:1780244:1780315 [2] NCCL INFO Channel 01/0 : 6[8f000] -> 1[56000] [send] via NET/IB/1(5)/GDRDMA
lrdn0077:1502649:1502717 [2] NCCL INFO Channel 01/0 : 2[8f000] -> 5[56000] [send] via NET/IB/1(1)/GDRDMA
lrdn0077:1502648:1502714 [1] NCCL INFO Channel 05/0 : 6[8f000] -> 1[56000] [receive] via NET/IB/1/GDRDMA
lrdn0078:1780243:1780305 [1] NCCL INFO Channel 05/0 : 2[8f000] -> 5[56000] [receive] via NET/IB/1/GDRDMA
lrdn0077:1502650:1502710 [3] NCCL INFO Channel 06/0 : 3[c8000] -> 6[8f000] [send] via NET/IB/2(2)/GDRDMA
lrdn0078:1780245:1780310 [3] NCCL INFO Channel 06/0 : 7[c8000] -> 2[8f000] [send] via NET/IB/2(6)/GDRDMA
lrdn0078:1780242:1780302 [0] NCCL INFO Channel 03/0 : 4[1d000] -> 3[c8000] [send] via NET/IB/3(7)/GDRDMA
lrdn0077:1502647:1502702 [0] NCCL INFO Channel 03/0 : 0[1d000] -> 7[c8000] [send] via NET/IB/3(3)/GDRDMA
lrdn0077:1502649:1502717 [2] NCCL INFO Channel 05/0 : 2[8f000] -> 5[56000] [send] via NET/IB/1(1)/GDRDMA
lrdn0078:1780244:1780315 [2] NCCL INFO Channel 05/0 : 6[8f000] -> 1[56000] [send] via NET/IB/1(5)/GDRDMA
lrdn0078:1780245:1780310 [3] NCCL INFO Channel 03/0 : 0[1d000] -> 7[c8000] [receive] via NET/IB/3/GDRDMA
lrdn0077:1502650:1502710 [3] NCCL INFO Channel 03/0 : 4[1d000] -> 3[c8000] [receive] via NET/IB/3/GDRDMA
lrdn0078:1780242:1780302 [0] NCCL INFO Channel 07/0 : 4[1d000] -> 3[c8000] [send] via NET/IB/3(7)/GDRDMA
lrdn0077:1502648:1502714 [1] NCCL INFO Channel 01 : 1[56000] -> 0[1d000] via P2P/IPC/read
lrdn0077:1502648:1502714 [1] NCCL INFO Channel 02 : 1[56000] -> 0[1d000] via P2P/IPC/read
lrdn0077:1502648:1502714 [1] NCCL INFO Channel 03 : 1[56000] -> 0[1d000] via P2P/IPC/read
lrdn0077:1502648:1502714 [1] NCCL INFO Channel 05 : 1[56000] -> 0[1d000] via P2P/IPC/read
lrdn0077:1502648:1502714 [1] NCCL INFO Channel 06 : 1[56000] -> 0[1d000] via P2P/IPC/read
lrdn0077:1502648:1502714 [1] NCCL INFO Channel 07 : 1[56000] -> 0[1d000] via P2P/IPC/read
lrdn0078:1780243:1780305 [1] NCCL INFO Channel 01 : 5[56000] -> 4[1d000] via P2P/IPC/read
lrdn0078:1780243:1780305 [1] NCCL INFO Channel 02 : 5[56000] -> 4[1d000] via P2P/IPC/read
lrdn0078:1780243:1780305 [1] NCCL INFO Channel 03 : 5[56000] -> 4[1d000] via P2P/IPC/read
lrdn0078:1780243:1780305 [1] NCCL INFO Channel 05 : 5[56000] -> 4[1d000] via P2P/IPC/read
lrdn0078:1780243:1780305 [1] NCCL INFO Channel 06 : 5[56000] -> 4[1d000] via P2P/IPC/read
lrdn0078:1780243:1780305 [1] NCCL INFO Channel 07 : 5[56000] -> 4[1d000] via P2P/IPC/read
lrdn0077:1502647:1502702 [0] NCCL INFO Channel 07/0 : 0[1d000] -> 7[c8000] [send] via NET/IB/3(3)/GDRDMA
lrdn0077:1502649:1502717 [2] NCCL INFO Channel 02 : 2[8f000] -> 1[56000] via P2P/IPC/read
lrdn0077:1502649:1502717 [2] NCCL INFO Channel 03 : 2[8f000] -> 1[56000] via P2P/IPC/read
lrdn0077:1502649:1502717 [2] NCCL INFO Channel 06 : 2[8f000] -> 1[56000] via P2P/IPC/read
lrdn0077:1502649:1502717 [2] NCCL INFO Channel 07 : 2[8f000] -> 1[56000] via P2P/IPC/read
lrdn0078:1780244:1780315 [2] NCCL INFO Channel 02 : 6[8f000] -> 5[56000] via P2P/IPC/read
lrdn0078:1780244:1780315 [2] NCCL INFO Channel 03 : 6[8f000] -> 5[56000] via P2P/IPC/read
lrdn0078:1780244:1780315 [2] NCCL INFO Channel 06 : 6[8f000] -> 5[56000] via P2P/IPC/read
lrdn0078:1780244:1780315 [2] NCCL INFO Channel 07 : 6[8f000] -> 5[56000] via P2P/IPC/read
lrdn0077:1502648:1502714 [1] NCCL INFO Connected all rings
lrdn0078:1780243:1780305 [1] NCCL INFO Connected all rings
lrdn0077:1502648:1502714 [1] NCCL INFO Channel 03 : 1[56000] -> 2[8f000] via P2P/IPC/read
lrdn0077:1502648:1502714 [1] NCCL INFO Channel 07 : 1[56000] -> 2[8f000] via P2P/IPC/read
lrdn0078:1780243:1780305 [1] NCCL INFO Channel 03 : 5[56000] -> 6[8f000] via P2P/IPC/read
lrdn0078:1780243:1780305 [1] NCCL INFO Channel 07 : 5[56000] -> 6[8f000] via P2P/IPC/read
lrdn0078:1780245:1780310 [3] NCCL INFO Channel 07/0 : 0[1d000] -> 7[c8000] [receive] via NET/IB/3/GDRDMA
lrdn0078:1780245:1780310 [3] NCCL INFO Channel 01 : 7[c8000] -> 6[8f000] via P2P/IPC/read
lrdn0078:1780245:1780310 [3] NCCL INFO Channel 03 : 7[c8000] -> 6[8f000] via P2P/IPC/read
lrdn0078:1780245:1780310 [3] NCCL INFO Channel 05 : 7[c8000] -> 6[8f000] via P2P/IPC/read
lrdn0078:1780245:1780310 [3] NCCL INFO Channel 07 : 7[c8000] -> 6[8f000] via P2P/IPC/read
lrdn0077:1502650:1502710 [3] NCCL INFO Channel 07/0 : 4[1d000] -> 3[c8000] [receive] via NET/IB/3/GDRDMA
lrdn0077:1502650:1502710 [3] NCCL INFO Channel 01 : 3[c8000] -> 2[8f000] via P2P/IPC/read
lrdn0077:1502650:1502710 [3] NCCL INFO Channel 03 : 3[c8000] -> 2[8f000] via P2P/IPC/read
lrdn0077:1502650:1502710 [3] NCCL INFO Channel 05 : 3[c8000] -> 2[8f000] via P2P/IPC/read
lrdn0077:1502650:1502710 [3] NCCL INFO Channel 07 : 3[c8000] -> 2[8f000] via P2P/IPC/read
lrdn0078:1780244:1780315 [2] NCCL INFO Connected all rings
lrdn0078:1780244:1780315 [2] NCCL INFO Channel 03 : 6[8f000] -> 7[c8000] via P2P/IPC/read
lrdn0078:1780244:1780315 [2] NCCL INFO Channel 07 : 6[8f000] -> 7[c8000] via P2P/IPC/read
lrdn0077:1502649:1502717 [2] NCCL INFO Connected all rings
lrdn0077:1502649:1502717 [2] NCCL INFO Channel 03 : 2[8f000] -> 3[c8000] via P2P/IPC/read
lrdn0077:1502649:1502717 [2] NCCL INFO Channel 07 : 2[8f000] -> 3[c8000] via P2P/IPC/read
lrdn0078:1780242:1780302 [0] NCCL INFO Connected all rings
lrdn0078:1780242:1780302 [0] NCCL INFO Channel 03 : 4[1d000] -> 5[56000] via P2P/IPC/read
lrdn0077:1502647:1502702 [0] NCCL INFO Connected all rings
lrdn0077:1502647:1502702 [0] NCCL INFO Channel 03 : 0[1d000] -> 1[56000] via P2P/IPC/read
lrdn0078:1780242:1780302 [0] NCCL INFO Channel 07 : 4[1d000] -> 5[56000] via P2P/IPC/read
lrdn0077:1502647:1502702 [0] NCCL INFO Channel 07 : 0[1d000] -> 1[56000] via P2P/IPC/read
lrdn0078:1780242:1780302 [0] NCCL INFO Channel 01 : 4[1d000] -> 6[8f000] via P2P/IPC/read
lrdn0078:1780242:1780302 [0] NCCL INFO Channel 02 : 4[1d000] -> 6[8f000] via P2P/IPC/read
lrdn0078:1780243:1780305 [1] NCCL INFO Channel 01 : 5[56000] -> 7[c8000] via P2P/IPC/read
lrdn0078:1780242:1780302 [0] NCCL INFO Channel 05 : 4[1d000] -> 6[8f000] via P2P/IPC/read
lrdn0078:1780243:1780305 [1] NCCL INFO Channel 02 : 5[56000] -> 7[c8000] via P2P/IPC/read
lrdn0077:1502647:1502702 [0] NCCL INFO Channel 01 : 0[1d000] -> 2[8f000] via P2P/IPC/read
lrdn0078:1780242:1780302 [0] NCCL INFO Channel 06 : 4[1d000] -> 6[8f000] via P2P/IPC/read
lrdn0078:1780243:1780305 [1] NCCL INFO Channel 05 : 5[56000] -> 7[c8000] via P2P/IPC/read
lrdn0077:1502648:1502714 [1] NCCL INFO Channel 01 : 1[56000] -> 3[c8000] via P2P/IPC/read
lrdn0077:1502647:1502702 [0] NCCL INFO Channel 02 : 0[1d000] -> 2[8f000] via P2P/IPC/read
lrdn0078:1780243:1780305 [1] NCCL INFO Channel 06 : 5[56000] -> 7[c8000] via P2P/IPC/read
lrdn0077:1502648:1502714 [1] NCCL INFO Channel 02 : 1[56000] -> 3[c8000] via P2P/IPC/read
lrdn0077:1502647:1502702 [0] NCCL INFO Channel 05 : 0[1d000] -> 2[8f000] via P2P/IPC/read
lrdn0077:1502650:1502710 [3] NCCL INFO Connected all rings
lrdn0077:1502648:1502714 [1] NCCL INFO Channel 05 : 1[56000] -> 3[c8000] via P2P/IPC/read
lrdn0077:1502647:1502702 [0] NCCL INFO Channel 06 : 0[1d000] -> 2[8f000] via P2P/IPC/read
lrdn0078:1780245:1780310 [3] NCCL INFO Connected all rings
lrdn0077:1502648:1502714 [1] NCCL INFO Channel 06 : 1[56000] -> 3[c8000] via P2P/IPC/read
lrdn0078:1780245:1780310 [3] NCCL INFO Channel 03/0 : 3[c8000] -> 7[c8000] [receive] via NET/IB/3/GDRDMA
lrdn0077:1502650:1502710 [3] NCCL INFO Channel 03/0 : 7[c8000] -> 3[c8000] [receive] via NET/IB/3/GDRDMA
lrdn0078:1780244:1780315 [2] NCCL INFO Channel 02/0 : 2[8f000] -> 6[8f000] [receive] via NET/IB/2/GDRDMA
lrdn0077:1502648:1502714 [1] NCCL INFO Channel 01/0 : 5[56000] -> 1[56000] [receive] via NET/IB/1/GDRDMA
lrdn0077:1502647:1502702 [0] NCCL INFO Channel 00/0 : 4[1d000] -> 0[1d000] [receive] via NET/IB/0/GDRDMA
lrdn0077:1502649:1502717 [2] NCCL INFO Channel 02/0 : 6[8f000] -> 2[8f000] [receive] via NET/IB/2/GDRDMA
lrdn0078:1780242:1780302 [0] NCCL INFO Channel 00/0 : 0[1d000] -> 4[1d000] [receive] via NET/IB/0/GDRDMA
lrdn0078:1780243:1780305 [1] NCCL INFO Channel 01/0 : 1[56000] -> 5[56000] [receive] via NET/IB/1/GDRDMA
lrdn0077:1502648:1502714 [1] NCCL INFO Channel 05/0 : 5[56000] -> 1[56000] [receive] via NET/IB/1/GDRDMA
lrdn0077:1502650:1502710 [3] NCCL INFO Channel 07/0 : 7[c8000] -> 3[c8000] [receive] via NET/IB/3/GDRDMA
lrdn0077:1502647:1502702 [0] NCCL INFO Channel 04/0 : 4[1d000] -> 0[1d000] [receive] via NET/IB/0/GDRDMA
lrdn0078:1780242:1780302 [0] NCCL INFO Channel 04/0 : 0[1d000] -> 4[1d000] [receive] via NET/IB/0/GDRDMA
lrdn0077:1502649:1502717 [2] NCCL INFO Channel 06/0 : 6[8f000] -> 2[8f000] [receive] via NET/IB/2/GDRDMA
lrdn0078:1780245:1780310 [3] NCCL INFO Channel 07/0 : 3[c8000] -> 7[c8000] [receive] via NET/IB/3/GDRDMA
lrdn0078:1780244:1780315 [2] NCCL INFO Channel 06/0 : 2[8f000] -> 6[8f000] [receive] via NET/IB/2/GDRDMA
lrdn0078:1780243:1780305 [1] NCCL INFO Channel 05/0 : 1[56000] -> 5[56000] [receive] via NET/IB/1/GDRDMA
lrdn0077:1502647:1502702 [0] NCCL INFO Channel 00/0 : 0[1d000] -> 4[1d000] [send] via NET/IB/0/GDRDMA
lrdn0077:1502648:1502714 [1] NCCL INFO Channel 01/0 : 1[56000] -> 5[56000] [send] via NET/IB/1/GDRDMA
lrdn0077:1502650:1502710 [3] NCCL INFO Channel 03/0 : 3[c8000] -> 7[c8000] [send] via NET/IB/3/GDRDMA
lrdn0077:1502649:1502717 [2] NCCL INFO Channel 02/0 : 2[8f000] -> 6[8f000] [send] via NET/IB/2/GDRDMA
lrdn0078:1780242:1780302 [0] NCCL INFO Channel 00/0 : 4[1d000] -> 0[1d000] [send] via NET/IB/0/GDRDMA
lrdn0078:1780244:1780315 [2] NCCL INFO Channel 02/0 : 6[8f000] -> 2[8f000] [send] via NET/IB/2/GDRDMA
lrdn0078:1780245:1780310 [3] NCCL INFO Channel 03/0 : 7[c8000] -> 3[c8000] [send] via NET/IB/3/GDRDMA
lrdn0078:1780243:1780305 [1] NCCL INFO Channel 01/0 : 5[56000] -> 1[56000] [send] via NET/IB/1/GDRDMA
lrdn0077:1502647:1502702 [0] NCCL INFO Channel 04/0 : 0[1d000] -> 4[1d000] [send] via NET/IB/0/GDRDMA
lrdn0077:1502648:1502714 [1] NCCL INFO Channel 05/0 : 1[56000] -> 5[56000] [send] via NET/IB/1/GDRDMA
lrdn0077:1502650:1502710 [3] NCCL INFO Channel 07/0 : 3[c8000] -> 7[c8000] [send] via NET/IB/3/GDRDMA
lrdn0077:1502649:1502717 [2] NCCL INFO Channel 06/0 : 2[8f000] -> 6[8f000] [send] via NET/IB/2/GDRDMA
lrdn0078:1780245:1780310 [3] NCCL INFO Channel 07/0 : 7[c8000] -> 3[c8000] [send] via NET/IB/3/GDRDMA
lrdn0078:1780242:1780302 [0] NCCL INFO Channel 04/0 : 4[1d000] -> 0[1d000] [send] via NET/IB/0/GDRDMA
lrdn0078:1780244:1780315 [2] NCCL INFO Channel 06/0 : 6[8f000] -> 2[8f000] [send] via NET/IB/2/GDRDMA
lrdn0078:1780243:1780305 [1] NCCL INFO Channel 05/0 : 5[56000] -> 1[56000] [send] via NET/IB/1/GDRDMA
lrdn0078:1780245:1780310 [3] NCCL INFO Channel 01 : 7[c8000] -> 4[1d000] via P2P/IPC/read
lrdn0077:1502650:1502710 [3] NCCL INFO Channel 01 : 3[c8000] -> 0[1d000] via P2P/IPC/read
lrdn0077:1502649:1502717 [2] NCCL INFO Channel 01 : 2[8f000] -> 0[1d000] via P2P/IPC/read
lrdn0078:1780244:1780315 [2] NCCL INFO Channel 01 : 6[8f000] -> 4[1d000] via P2P/IPC/read
lrdn0077:1502650:1502710 [3] NCCL INFO Channel 02 : 3[c8000] -> 0[1d000] via P2P/IPC/read
lrdn0078:1780245:1780310 [3] NCCL INFO Channel 02 : 7[c8000] -> 4[1d000] via P2P/IPC/read
lrdn0077:1502649:1502717 [2] NCCL INFO Channel 02 : 2[8f000] -> 0[1d000] via P2P/IPC/read
lrdn0078:1780244:1780315 [2] NCCL INFO Channel 02 : 6[8f000] -> 4[1d000] via P2P/IPC/read
lrdn0078:1780245:1780310 [3] NCCL INFO Channel 05 : 7[c8000] -> 4[1d000] via P2P/IPC/read
lrdn0077:1502650:1502710 [3] NCCL INFO Channel 05 : 3[c8000] -> 0[1d000] via P2P/IPC/read
lrdn0077:1502649:1502717 [2] NCCL INFO Channel 05 : 2[8f000] -> 0[1d000] via P2P/IPC/read
lrdn0077:1502650:1502710 [3] NCCL INFO Channel 06 : 3[c8000] -> 0[1d000] via P2P/IPC/read
lrdn0078:1780245:1780310 [3] NCCL INFO Channel 06 : 7[c8000] -> 4[1d000] via P2P/IPC/read
lrdn0078:1780244:1780315 [2] NCCL INFO Channel 05 : 6[8f000] -> 4[1d000] via P2P/IPC/read
lrdn0077:1502649:1502717 [2] NCCL INFO Channel 06 : 2[8f000] -> 0[1d000] via P2P/IPC/read
lrdn0078:1780244:1780315 [2] NCCL INFO Channel 06 : 6[8f000] -> 4[1d000] via P2P/IPC/read
lrdn0077:1502650:1502710 [3] NCCL INFO Channel 01 : 3[c8000] -> 1[56000] via P2P/IPC/read
lrdn0077:1502650:1502710 [3] NCCL INFO Channel 02 : 3[c8000] -> 1[56000] via P2P/IPC/read
lrdn0078:1780245:1780310 [3] NCCL INFO Channel 01 : 7[c8000] -> 5[56000] via P2P/IPC/read
lrdn0077:1502650:1502710 [3] NCCL INFO Channel 05 : 3[c8000] -> 1[56000] via P2P/IPC/read
lrdn0078:1780245:1780310 [3] NCCL INFO Channel 02 : 7[c8000] -> 5[56000] via P2P/IPC/read
lrdn0077:1502650:1502710 [3] NCCL INFO Channel 06 : 3[c8000] -> 1[56000] via P2P/IPC/read
lrdn0078:1780245:1780310 [3] NCCL INFO Channel 05 : 7[c8000] -> 5[56000] via P2P/IPC/read
lrdn0078:1780245:1780310 [3] NCCL INFO Channel 06 : 7[c8000] -> 5[56000] via P2P/IPC/read
lrdn0077:1502650:1502710 [3] NCCL INFO Channel 00 : 3[c8000] -> 2[8f000] via P2P/IPC/read
lrdn0078:1780245:1780310 [3] NCCL INFO Channel 00 : 7[c8000] -> 6[8f000] via P2P/IPC/read
lrdn0077:1502650:1502710 [3] NCCL INFO Channel 04 : 3[c8000] -> 2[8f000] via P2P/IPC/read
lrdn0077:1502649:1502717 [2] NCCL INFO Channel 00 : 2[8f000] -> 1[56000] via P2P/IPC/read
lrdn0077:1502648:1502714 [1] NCCL INFO Channel 00 : 1[56000] -> 0[1d000] via P2P/IPC/read
lrdn0078:1780245:1780310 [3] NCCL INFO Channel 04 : 7[c8000] -> 6[8f000] via P2P/IPC/read
lrdn0077:1502649:1502717 [2] NCCL INFO Channel 04 : 2[8f000] -> 1[56000] via P2P/IPC/read
lrdn0077:1502648:1502714 [1] NCCL INFO Channel 04 : 1[56000] -> 0[1d000] via P2P/IPC/read
lrdn0078:1780243:1780305 [1] NCCL INFO Channel 00 : 5[56000] -> 4[1d000] via P2P/IPC/read
lrdn0078:1780244:1780315 [2] NCCL INFO Channel 00 : 6[8f000] -> 5[56000] via P2P/IPC/read
lrdn0078:1780243:1780305 [1] NCCL INFO Channel 04 : 5[56000] -> 4[1d000] via P2P/IPC/read
lrdn0078:1780244:1780315 [2] NCCL INFO Channel 04 : 6[8f000] -> 5[56000] via P2P/IPC/read
lrdn0077:1502650:1502710 [3] NCCL INFO Connected all trees
lrdn0077:1502650:1502710 [3] NCCL INFO MSCCL_XML_FILES set by environment to test.xml
lrdn0077:1502650:1502710 [3] NCCL INFO MSCCL: Parsing algorithm test.xml
lrdn0077:1502647:1502702 [0] NCCL INFO Connected all trees
lrdn0077:1502647:1502702 [0] NCCL INFO MSCCL_XML_FILES set by environment to test.xml
lrdn0077:1502647:1502702 [0] NCCL INFO MSCCL: Parsing algorithm test.xml
lrdn0078:1780242:1780302 [0] NCCL INFO Connected all trees
lrdn0078:1780242:1780302 [0] NCCL INFO MSCCL_XML_FILES set by environment to test.xml
lrdn0078:1780242:1780302 [0] NCCL INFO MSCCL: Parsing algorithm test.xml
lrdn0077:1502649:1502717 [2] NCCL INFO Connected all trees
lrdn0077:1502649:1502717 [2] NCCL INFO MSCCL_XML_FILES set by environment to test.xml
lrdn0077:1502649:1502717 [2] NCCL INFO MSCCL: Parsing algorithm test.xml
lrdn0078:1780245:1780310 [3] NCCL INFO Connected all trees
lrdn0077:1502648:1502714 [1] NCCL INFO Connected all trees
lrdn0078:1780245:1780310 [3] NCCL INFO MSCCL_XML_FILES set by environment to test.xml
lrdn0077:1502648:1502714 [1] NCCL INFO MSCCL_XML_FILES set by environment to test.xml
lrdn0078:1780245:1780310 [3] NCCL INFO MSCCL: Parsing algorithm test.xml
lrdn0077:1502648:1502714 [1] NCCL INFO MSCCL: Parsing algorithm test.xml
lrdn0078:1780243:1780305 [1] NCCL INFO Connected all trees
lrdn0078:1780243:1780305 [1] NCCL INFO MSCCL_XML_FILES set by environment to test.xml
lrdn0078:1780243:1780305 [1] NCCL INFO MSCCL: Parsing algorithm test.xml
lrdn0078:1780244:1780315 [2] NCCL INFO Connected all trees
lrdn0078:1780244:1780315 [2] NCCL INFO MSCCL_XML_FILES set by environment to test.xml
lrdn0078:1780244:1780315 [2] NCCL INFO MSCCL: Parsing algorithm test.xml

lrdn0077:1502650:1502710 [3] graph/topo.cc:777 NCCL WARN MSCCL: ngpus set in the MSCCL algo (4) doesn't match the communicator ngpus (8)

lrdn0077:1502650:1502710 [3] graph/topo.cc:1211 NCCL WARN MSCCL: algorithm test.xml failed to initialize. Will be ignored.

lrdn0077:1502647:1502702 [0] graph/topo.cc:777 NCCL WARN MSCCL: ngpus set in the MSCCL algo (4) doesn't match the communicator ngpus (8)

lrdn0077:1502647:1502702 [0] graph/topo.cc:1211 NCCL WARN MSCCL: algorithm test.xml failed to initialize. Will be ignored.

lrdn0077:1502649:1502717 [2] graph/topo.cc:777 NCCL WARN MSCCL: ngpus set in the MSCCL algo (4) doesn't match the communicator ngpus (8)

lrdn0077:1502649:1502717 [2] graph/topo.cc:1211 NCCL WARN MSCCL: algorithm test.xml failed to initialize. Will be ignored.
lrdn0077:1502650:1502710 [3] NCCL INFO NCCL_ALGO set by environment to MSCCL,RING,TREE
lrdn0077:1502650:1502710 [3] NCCL INFO threadThresholds 8/8/64 | 64/8/64 | 8/8/64 | 8/8/512
lrdn0077:1502647:1502702 [0] NCCL INFO NCCL_ALGO set by environment to MSCCL,RING,TREE
lrdn0077:1502649:1502717 [2] NCCL INFO NCCL_ALGO set by environment to MSCCL,RING,TREE
lrdn0077:1502649:1502717 [2] NCCL INFO threadThresholds 8/8/64 | 64/8/64 | 8/8/64 | 8/8/512
lrdn0077:1502649:1502717 [2] NCCL INFO 8 coll channels, 8 p2p channels, 2 p2p channels per peer
lrdn0077:1502650:1502710 [3] NCCL INFO 8 coll channels, 8 p2p channels, 2 p2p channels per peer
lrdn0077:1502647:1502702 [0] NCCL INFO threadThresholds 8/8/64 | 64/8/64 | 8/8/64 | 8/8/512
lrdn0077:1502647:1502702 [0] NCCL INFO 8 coll channels, 8 p2p channels, 2 p2p channels per peer

lrdn0077:1502648:1502714 [1] graph/topo.cc:777 NCCL WARN MSCCL: ngpus set in the MSCCL algo (4) doesn't match the communicator ngpus (8)

lrdn0077:1502648:1502714 [1] graph/topo.cc:1211 NCCL WARN MSCCL: algorithm test.xml failed to initialize. Will be ignored.

lrdn0078:1780243:1780305 [1] graph/topo.cc:777 NCCL WARN MSCCL: ngpus set in the MSCCL algo (4) doesn't match the communicator ngpus (8)
lrdn0077:1502648:1502714 [1] NCCL INFO NCCL_ALGO set by environment to MSCCL,RING,TREE
lrdn0077:1502648:1502714 [1] NCCL INFO threadThresholds 8/8/64 | 64/8/64 | 8/8/64 | 8/8/512
lrdn0077:1502648:1502714 [1] NCCL INFO 8 coll channels, 8 p2p channels, 2 p2p channels per peer

lrdn0078:1780245:1780310 [3] graph/topo.cc:777 NCCL WARN MSCCL: ngpus set in the MSCCL algo (4) doesn't match the communicator ngpus (8)

lrdn0078:1780245:1780310 [3] graph/topo.cc:1211 NCCL WARN MSCCL: algorithm test.xml failed to initialize. Will be ignored.

lrdn0078:1780243:1780305 [1] graph/topo.cc:1211 NCCL WARN MSCCL: algorithm test.xml failed to initialize. Will be ignored.

lrdn0078:1780244:1780315 [2] graph/topo.cc:777 NCCL WARN MSCCL: ngpus set in the MSCCL algo (4) doesn't match the communicator ngpus (8)

lrdn0078:1780244:1780315 [2] graph/topo.cc:1211 NCCL WARN MSCCL: algorithm test.xml failed to initialize. Will be ignored.
lrdn0078:1780245:1780310 [3] NCCL INFO NCCL_ALGO set by environment to MSCCL,RING,TREE
lrdn0078:1780245:1780310 [3] NCCL INFO threadThresholds 8/8/64 | 64/8/64 | 8/8/64 | 8/8/512
lrdn0078:1780245:1780310 [3] NCCL INFO 8 coll channels, 8 p2p channels, 2 p2p channels per peer
lrdn0078:1780243:1780305 [1] NCCL INFO NCCL_ALGO set by environment to MSCCL,RING,TREE
lrdn0078:1780243:1780305 [1] NCCL INFO threadThresholds 8/8/64 | 64/8/64 | 8/8/64 | 8/8/512
lrdn0078:1780243:1780305 [1] NCCL INFO 8 coll channels, 8 p2p channels, 2 p2p channels per peer
lrdn0078:1780244:1780315 [2] NCCL INFO NCCL_ALGO set by environment to MSCCL,RING,TREE
lrdn0078:1780244:1780315 [2] NCCL INFO threadThresholds 8/8/64 | 64/8/64 | 8/8/64 | 8/8/512
lrdn0078:1780244:1780315 [2] NCCL INFO 8 coll channels, 8 p2p channels, 2 p2p channels per peer

lrdn0078:1780242:1780302 [0] graph/topo.cc:777 NCCL WARN MSCCL: ngpus set in the MSCCL algo (4) doesn't match the communicator ngpus (8)

lrdn0078:1780242:1780302 [0] graph/topo.cc:1211 NCCL WARN MSCCL: algorithm test.xml failed to initialize. Will be ignored.
lrdn0078:1780242:1780302 [0] NCCL INFO NCCL_ALGO set by environment to MSCCL,RING,TREE
lrdn0078:1780242:1780302 [0] NCCL INFO threadThresholds 8/8/64 | 64/8/64 | 8/8/64 | 8/8/512
lrdn0078:1780242:1780302 [0] NCCL INFO 8 coll channels, 8 p2p channels, 2 p2p channels per peer
lrdn0078:1780242:1780302 [0] NCCL INFO comm 0x15324845a010 rank 4 nranks 8 cudaDev 0 busId 1d000 - Init COMPLETE
lrdn0077:1502648:1502714 [1] NCCL INFO comm 0x1527d245a010 rank 1 nranks 8 cudaDev 1 busId 56000 - Init COMPLETE
lrdn0078:1780243:1780305 [1] NCCL INFO comm 0x149bae45a010 rank 5 nranks 8 cudaDev 1 busId 56000 - Init COMPLETE
lrdn0078:1780245:1780310 [3] NCCL INFO comm 0x14ad46259010 rank 7 nranks 8 cudaDev 3 busId c8000 - Init COMPLETE
lrdn0077:1502647:1502702 [0] NCCL INFO comm 0x14d5ac45a010 rank 0 nranks 8 cudaDev 0 busId 1d000 - Init COMPLETE
lrdn0077:1502649:1502717 [2] NCCL INFO comm 0x15043245a010 rank 2 nranks 8 cudaDev 2 busId 8f000 - Init COMPLETE
#
#                                                              out-of-place                       in-place          
#       size         count      type   redop    root     time   algbw   busbw #wrong     time   algbw   busbw #wrong
#        (B)    (elements)                               (us)  (GB/s)  (GB/s)            (us)  (GB/s)  (GB/s)       
lrdn0077:1502650:1502710 [3] NCCL INFO comm 0x148cf6259010 rank 3 nranks 8 cudaDev 3 busId c8000 - Init COMPLETE
lrdn0078:1780244:1780315 [2] NCCL INFO comm 0x145e8045a010 rank 6 nranks 8 cudaDev 2 busId 8f000 - Init COMPLETE
lrdn0077:1502647:1502647 [0] NCCL INFO Launch mode Parallel
         128            32     float     sum      -1    15.31    0.01    0.01      0    14.63    0.01    0.02      0
         256            64     float     sum      -1    14.73    0.02    0.03      0    14.81    0.02    0.03      0
         512           128     float     sum      -1    15.99    0.03    0.06      0    16.02    0.03    0.06      0
        1024           256     float     sum      -1    16.87    0.06    0.11      0    16.87    0.06    0.11      0
        2048           512     float     sum      -1    18.61    0.11    0.19      0    18.51    0.11    0.19      0
        4096          1024     float     sum      -1    20.46    0.20    0.35      0    20.45    0.20    0.35      0
        8192          2048     float     sum      -1    22.64    0.36    0.63      0    22.54    0.36    0.64      0
       16384          4096     float     sum      -1    24.30    0.67    1.18      0    24.16    0.68    1.19      0
       32768          8192     float     sum      -1    27.09    1.21    2.12      0    27.10    1.21    2.12      0
       65536         16384     float     sum      -1    33.13    1.98    3.46      0    33.07    1.98    3.47      0
      131072         32768     float     sum      -1    37.30    3.51    6.15      0    36.78    3.56    6.24      0
      262144         65536     float     sum      -1    50.84    5.16    9.02      0    50.81    5.16    9.03      0
      524288        131072     float     sum      -1    77.49    6.77   11.84      0    77.46    6.77   11.85      0
     1048576        262144     float     sum      -1    130.1    8.06   14.10      0    130.4    8.04   14.07      0
     2097152        524288     float     sum      -1    228.6    9.17   16.05      0    227.7    9.21   16.12      0
     4194304       1048576     float     sum      -1    425.6    9.85   17.25      0    425.2    9.86   17.26      0
^Csrun: interrupt (one more within 1 sec to abort)
srun: StepId=8037004.4 tasks 0-7: running
^[[A^[[A^Csrun: interrupt (one more within 1 sec to abort)
srun: StepId=8037004.4 tasks 0-7: running
^[[A     8388608       2097152     float     sum      -1    328.0   25.57   44.76      0    327.2   25.64   44.86      0
^Csrun: interrupt (one more within 1 sec to abort)
srun: StepId=8037004.4 tasks 0-7: running
^Csrun: interrupt (one more within 1 sec to abort)
srun: StepId=8037004.4 tasks 0-7: running
^Csrun: sending Ctrl-C to StepId=8037004.4
srun: forcing job termination
srun: Job step aborted: Waiting up to 92 seconds for job step to finish.
slurmstepd: error: *** STEP 8037004.4 ON lrdn0077 CANCELLED AT 2024-10-05T19:54:22 ***
(my_venv) [aolivie1@login02 ~]$ srun -n 4 -N 1 nccl-tests/build/all_reduce_perf --minbytes 128 --maxbytes 32MB --stepfactor 2 --ngpus 1 --check 1 --iters 100 --warmup_iters 100 --cudagraph 100 
# nThread 1 nGpus 1 minBytes 128 maxBytes 33554432 step: 2(factor) warmup iters: 100 iters: 100 agg iters: 1 validation: 1 graph: 100
#
# Using devices
#  Rank  0 Group  0 Pid 1502752 on   lrdn0077 device  0 [0x1d] NVIDIA A100-SXM-64GB
#  Rank  1 Group  0 Pid 1502753 on   lrdn0077 device  1 [0x56] NVIDIA A100-SXM-64GB
#  Rank  2 Group  0 Pid 1502754 on   lrdn0077 device  2 [0x8f] NVIDIA A100-SXM-64GB
#  Rank  3 Group  0 Pid 1502755 on   lrdn0077 device  3 [0xc8] NVIDIA A100-SXM-64GB
lrdn0077:1502752:1502752 [0] NCCL INFO Bootstrap : Using ib0:10.128.7.85<0>
lrdn0077:1502752:1502752 [0] NCCL INFO NET/Plugin : No plugin found (libnccl-net.so), using internal implementation
lrdn0077:1502752:1502752 [0] NCCL INFO NET/IB : Using [0]mlx5_0:1/IB [1]mlx5_1:1/IB [2]mlx5_2:1/IB [3]mlx5_3:1/IB [RO]; OOB ib0:10.128.7.85<0>
lrdn0077:1502752:1502752 [0] NCCL INFO Using network IB
NCCL version 2.12.12.MSCCL.0.7.4+cuda12.1
lrdn0077:1502755:1502755 [3] NCCL INFO Bootstrap : Using ib0:10.128.7.85<0>
lrdn0077:1502755:1502755 [3] NCCL INFO NET/Plugin : No plugin found (libnccl-net.so), using internal implementation
lrdn0077:1502755:1502755 [3] NCCL INFO NET/IB : Using [0]mlx5_0:1/IB [1]mlx5_1:1/IB [2]mlx5_2:1/IB [3]mlx5_3:1/IB [RO]; OOB ib0:10.128.7.85<0>
lrdn0077:1502755:1502755 [3] NCCL INFO Using network IB
lrdn0077:1502754:1502754 [2] NCCL INFO Bootstrap : Using ib0:10.128.7.85<0>
lrdn0077:1502754:1502754 [2] NCCL INFO NET/Plugin : No plugin found (libnccl-net.so), using internal implementation
lrdn0077:1502754:1502754 [2] NCCL INFO NET/IB : Using [0]mlx5_0:1/IB [1]mlx5_1:1/IB [2]mlx5_2:1/IB [3]mlx5_3:1/IB [RO]; OOB ib0:10.128.7.85<0>
lrdn0077:1502754:1502754 [2] NCCL INFO Using network IB
lrdn0077:1502753:1502753 [1] NCCL INFO Bootstrap : Using ib0:10.128.7.85<0>
lrdn0077:1502753:1502753 [1] NCCL INFO NET/Plugin : No plugin found (libnccl-net.so), using internal implementation
