lrdn0077:1502753:1502753 [1] NCCL INFO NET/IB : Using [0]mlx5_0:1/IB [1]mlx5_1:1/IB [2]mlx5_2:1/IB [3]mlx5_3:1/IB [RO]; OOB ib0:10.128.7.85<0>
lrdn0077:1502753:1502753 [1] NCCL INFO Using network IB
lrdn0077:1502752:1502807 [0] NCCL INFO Setting affinity for GPU 0 to ffff
lrdn0077:1502755:1502812 [3] NCCL INFO Setting affinity for GPU 3 to ffff
lrdn0077:1502754:1502817 [2] NCCL INFO Setting affinity for GPU 2 to ffff
lrdn0077:1502753:1502822 [1] NCCL INFO Setting affinity for GPU 1 to ffff
lrdn0077:1502752:1502807 [0] NCCL INFO Channel 00/24 :    0   1   2   3
lrdn0077:1502752:1502807 [0] NCCL INFO Channel 01/24 :    0   1   3   2
lrdn0077:1502752:1502807 [0] NCCL INFO Channel 02/24 :    0   2   3   1
lrdn0077:1502752:1502807 [0] NCCL INFO Channel 03/24 :    0   2   1   3
lrdn0077:1502752:1502807 [0] NCCL INFO Channel 04/24 :    0   3   1   2
lrdn0077:1502752:1502807 [0] NCCL INFO Channel 05/24 :    0   3   2   1
lrdn0077:1502752:1502807 [0] NCCL INFO Channel 06/24 :    0   1   2   3
lrdn0077:1502752:1502807 [0] NCCL INFO Channel 07/24 :    0   1   3   2
lrdn0077:1502752:1502807 [0] NCCL INFO Channel 08/24 :    0   2   3   1
lrdn0077:1502752:1502807 [0] NCCL INFO Channel 09/24 :    0   2   1   3
lrdn0077:1502752:1502807 [0] NCCL INFO Channel 10/24 :    0   3   1   2
lrdn0077:1502752:1502807 [0] NCCL INFO Channel 11/24 :    0   3   2   1
lrdn0077:1502752:1502807 [0] NCCL INFO Channel 12/24 :    0   1   2   3
lrdn0077:1502752:1502807 [0] NCCL INFO Channel 13/24 :    0   1   3   2
lrdn0077:1502752:1502807 [0] NCCL INFO Channel 14/24 :    0   2   3   1
lrdn0077:1502752:1502807 [0] NCCL INFO Channel 15/24 :    0   2   1   3
lrdn0077:1502752:1502807 [0] NCCL INFO Channel 16/24 :    0   3   1   2
lrdn0077:1502752:1502807 [0] NCCL INFO Channel 17/24 :    0   3   2   1
lrdn0077:1502752:1502807 [0] NCCL INFO Channel 18/24 :    0   1   2   3
lrdn0077:1502752:1502807 [0] NCCL INFO Channel 19/24 :    0   1   3   2
lrdn0077:1502752:1502807 [0] NCCL INFO Channel 20/24 :    0   2   3   1
lrdn0077:1502752:1502807 [0] NCCL INFO Channel 21/24 :    0   2   1   3
lrdn0077:1502752:1502807 [0] NCCL INFO Channel 22/24 :    0   3   1   2
lrdn0077:1502752:1502807 [0] NCCL INFO Channel 23/24 :    0   3   2   1
lrdn0077:1502752:1502807 [0] NCCL INFO Trees [0] 1/-1/-1->0->-1 [1] 1/-1/-1->0->-1 [2] 2/-1/-1->0->3 [3] 2/-1/-1->0->3 [4] 3/-1/-1->0->2 [5] 3/-1/-1->0->2 [6] -1/-1/-1->0->1 [7] -1/-1/-1->0->1 [8] 1/-1/-1->0->-1 [9] 1/-1/-1->0->-1 [10] 2/-1/-1->0->3 [11] 2/-1/-1->0->3 [12] 1/-1/-1->0->-1 [13] 1/-1/-1->0->-1 [14] 2/-1/-1->0->3 [15] 2/-1/-1->0->3 [16] 3/-1/-1->0->2 [17] 3/-1/-1->0->2 [18] -1/-1/-1->0->1 [19] -1/-1/-1->0->1 [20] 1/-1/-1->0->-1 [21] 1/-1/-1->0->-1 [22] 2/-1/-1->0->3 [23] 2/-1/-1->0->3
lrdn0077:1502753:1502822 [1] NCCL INFO Trees [0] 2/-1/-1->1->0 [1] 2/-1/-1->1->0 [2] 3/-1/-1->1->-1 [3] 3/-1/-1->1->-1 [4] -1/-1/-1->1->3 [5] -1/-1/-1->1->3 [6] 0/-1/-1->1->2 [7] 0/-1/-1->1->2 [8] 2/-1/-1->1->0 [9] 2/-1/-1->1->0 [10] 3/-1/-1->1->-1 [11] 3/-1/-1->1->-1 [12] 2/-1/-1->1->0 [13] 2/-1/-1->1->0 [14] 3/-1/-1->1->-1 [15] 3/-1/-1->1->-1 [16] -1/-1/-1->1->3 [17] -1/-1/-1->1->3 [18] 0/-1/-1->1->2 [19] 0/-1/-1->1->2 [20] 2/-1/-1->1->0 [21] 2/-1/-1->1->0 [22] 3/-1/-1->1->-1 [23] 3/-1/-1->1->-1
lrdn0077:1502754:1502817 [2] NCCL INFO Trees [0] 3/-1/-1->2->1 [1] 3/-1/-1->2->1 [2] -1/-1/-1->2->0 [3] -1/-1/-1->2->0 [4] 0/-1/-1->2->-1 [5] 0/-1/-1->2->-1 [6] 1/-1/-1->2->3 [7] 1/-1/-1->2->3 [8] 3/-1/-1->2->1 [9] 3/-1/-1->2->1 [10] -1/-1/-1->2->0 [11] -1/-1/-1->2->0 [12] 3/-1/-1->2->1 [13] 3/-1/-1->2->1 [14] -1/-1/-1->2->0 [15] -1/-1/-1->2->0 [16] 0/-1/-1->2->-1 [17] 0/-1/-1->2->-1 [18] 1/-1/-1->2->3 [19] 1/-1/-1->2->3 [20] 3/-1/-1->2->1 [21] 3/-1/-1->2->1 [22] -1/-1/-1->2->0 [23] -1/-1/-1->2->0
lrdn0077:1502755:1502812 [3] NCCL INFO Trees [0] -1/-1/-1->3->2 [1] -1/-1/-1->3->2 [2] 0/-1/-1->3->1 [3] 0/-1/-1->3->1 [4] 1/-1/-1->3->0 [5] 1/-1/-1->3->0 [6] 2/-1/-1->3->-1 [7] 2/-1/-1->3->-1 [8] -1/-1/-1->3->2 [9] -1/-1/-1->3->2 [10] 0/-1/-1->3->1 [11] 0/-1/-1->3->1 [12] -1/-1/-1->3->2 [13] -1/-1/-1->3->2 [14] 0/-1/-1->3->1 [15] 0/-1/-1->3->1 [16] 1/-1/-1->3->0 [17] 1/-1/-1->3->0 [18] 2/-1/-1->3->-1 [19] 2/-1/-1->3->-1 [20] -1/-1/-1->3->2 [21] -1/-1/-1->3->2 [22] 0/-1/-1->3->1 [23] 0/-1/-1->3->1
lrdn0077:1502753:1502822 [1] NCCL INFO Channel 00 : 1[56000] -> 2[8f000] via P2P/IPC/read
lrdn0077:1502753:1502822 [1] NCCL INFO Channel 04 : 1[56000] -> 2[8f000] via P2P/IPC/read
lrdn0077:1502753:1502822 [1] NCCL INFO Channel 06 : 1[56000] -> 2[8f000] via P2P/IPC/read
lrdn0077:1502755:1502812 [3] NCCL INFO Channel 00 : 3[c8000] -> 0[1d000] via P2P/IPC/read
lrdn0077:1502753:1502822 [1] NCCL INFO Channel 10 : 1[56000] -> 2[8f000] via P2P/IPC/read
lrdn0077:1502755:1502812 [3] NCCL INFO Channel 03 : 3[c8000] -> 0[1d000] via P2P/IPC/read
lrdn0077:1502753:1502822 [1] NCCL INFO Channel 12 : 1[56000] -> 2[8f000] via P2P/IPC/read
lrdn0077:1502754:1502817 [2] NCCL INFO Channel 00 : 2[8f000] -> 3[c8000] via P2P/IPC/read
lrdn0077:1502755:1502812 [3] NCCL INFO Channel 06 : 3[c8000] -> 0[1d000] via P2P/IPC/read
lrdn0077:1502753:1502822 [1] NCCL INFO Channel 16 : 1[56000] -> 2[8f000] via P2P/IPC/read
lrdn0077:1502752:1502807 [0] NCCL INFO Channel 00 : 0[1d000] -> 1[56000] via P2P/IPC/read
lrdn0077:1502754:1502817 [2] NCCL INFO Channel 02 : 2[8f000] -> 3[c8000] via P2P/IPC/read
lrdn0077:1502755:1502812 [3] NCCL INFO Channel 09 : 3[c8000] -> 0[1d000] via P2P/IPC/read
lrdn0077:1502752:1502807 [0] NCCL INFO Channel 01 : 0[1d000] -> 1[56000] via P2P/IPC/read
lrdn0077:1502753:1502822 [1] NCCL INFO Channel 18 : 1[56000] -> 2[8f000] via P2P/IPC/read
lrdn0077:1502754:1502817 [2] NCCL INFO Channel 06 : 2[8f000] -> 3[c8000] via P2P/IPC/read
lrdn0077:1502755:1502812 [3] NCCL INFO Channel 12 : 3[c8000] -> 0[1d000] via P2P/IPC/read
lrdn0077:1502752:1502807 [0] NCCL INFO Channel 06 : 0[1d000] -> 1[56000] via P2P/IPC/read
lrdn0077:1502753:1502822 [1] NCCL INFO Channel 22 : 1[56000] -> 2[8f000] via P2P/IPC/read
lrdn0077:1502754:1502817 [2] NCCL INFO Channel 08 : 2[8f000] -> 3[c8000] via P2P/IPC/read
lrdn0077:1502755:1502812 [3] NCCL INFO Channel 15 : 3[c8000] -> 0[1d000] via P2P/IPC/read
lrdn0077:1502752:1502807 [0] NCCL INFO Channel 07 : 0[1d000] -> 1[56000] via P2P/IPC/read
lrdn0077:1502754:1502817 [2] NCCL INFO Channel 12 : 2[8f000] -> 3[c8000] via P2P/IPC/read
lrdn0077:1502755:1502812 [3] NCCL INFO Channel 18 : 3[c8000] -> 0[1d000] via P2P/IPC/read
lrdn0077:1502752:1502807 [0] NCCL INFO Channel 12 : 0[1d000] -> 1[56000] via P2P/IPC/read
lrdn0077:1502754:1502817 [2] NCCL INFO Channel 14 : 2[8f000] -> 3[c8000] via P2P/IPC/read
lrdn0077:1502755:1502812 [3] NCCL INFO Channel 21 : 3[c8000] -> 0[1d000] via P2P/IPC/read
lrdn0077:1502752:1502807 [0] NCCL INFO Channel 13 : 0[1d000] -> 1[56000] via P2P/IPC/read
lrdn0077:1502754:1502817 [2] NCCL INFO Channel 18 : 2[8f000] -> 3[c8000] via P2P/IPC/read
lrdn0077:1502752:1502807 [0] NCCL INFO Channel 18 : 0[1d000] -> 1[56000] via P2P/IPC/read
lrdn0077:1502754:1502817 [2] NCCL INFO Channel 20 : 2[8f000] -> 3[c8000] via P2P/IPC/read
lrdn0077:1502752:1502807 [0] NCCL INFO Channel 19 : 0[1d000] -> 1[56000] via P2P/IPC/read
lrdn0077:1502755:1502812 [3] NCCL INFO Channel 02 : 3[c8000] -> 1[56000] via P2P/IPC/read
lrdn0077:1502754:1502817 [2] NCCL INFO Channel 01 : 2[8f000] -> 0[1d000] via P2P/IPC/read
lrdn0077:1502753:1502822 [1] NCCL INFO Channel 01 : 1[56000] -> 3[c8000] via P2P/IPC/read
lrdn0077:1502752:1502807 [0] NCCL INFO Channel 02 : 0[1d000] -> 2[8f000] via P2P/IPC/read
lrdn0077:1502755:1502812 [3] NCCL INFO Channel 04 : 3[c8000] -> 1[56000] via P2P/IPC/read
lrdn0077:1502754:1502817 [2] NCCL INFO Channel 04 : 2[8f000] -> 0[1d000] via P2P/IPC/read
lrdn0077:1502753:1502822 [1] NCCL INFO Channel 03 : 1[56000] -> 3[c8000] via P2P/IPC/read
lrdn0077:1502752:1502807 [0] NCCL INFO Channel 03 : 0[1d000] -> 2[8f000] via P2P/IPC/read
lrdn0077:1502755:1502812 [3] NCCL INFO Channel 08 : 3[c8000] -> 1[56000] via P2P/IPC/read
lrdn0077:1502754:1502817 [2] NCCL INFO Channel 07 : 2[8f000] -> 0[1d000] via P2P/IPC/read
lrdn0077:1502752:1502807 [0] NCCL INFO Channel 08 : 0[1d000] -> 2[8f000] via P2P/IPC/read
lrdn0077:1502753:1502822 [1] NCCL INFO Channel 07 : 1[56000] -> 3[c8000] via P2P/IPC/read
lrdn0077:1502755:1502812 [3] NCCL INFO Channel 10 : 3[c8000] -> 1[56000] via P2P/IPC/read
lrdn0077:1502754:1502817 [2] NCCL INFO Channel 10 : 2[8f000] -> 0[1d000] via P2P/IPC/read
lrdn0077:1502752:1502807 [0] NCCL INFO Channel 09 : 0[1d000] -> 2[8f000] via P2P/IPC/read
lrdn0077:1502753:1502822 [1] NCCL INFO Channel 09 : 1[56000] -> 3[c8000] via P2P/IPC/read
lrdn0077:1502755:1502812 [3] NCCL INFO Channel 14 : 3[c8000] -> 1[56000] via P2P/IPC/read
lrdn0077:1502754:1502817 [2] NCCL INFO Channel 13 : 2[8f000] -> 0[1d000] via P2P/IPC/read
lrdn0077:1502752:1502807 [0] NCCL INFO Channel 14 : 0[1d000] -> 2[8f000] via P2P/IPC/read
lrdn0077:1502753:1502822 [1] NCCL INFO Channel 13 : 1[56000] -> 3[c8000] via P2P/IPC/read
lrdn0077:1502755:1502812 [3] NCCL INFO Channel 16 : 3[c8000] -> 1[56000] via P2P/IPC/read
lrdn0077:1502754:1502817 [2] NCCL INFO Channel 16 : 2[8f000] -> 0[1d000] via P2P/IPC/read
lrdn0077:1502752:1502807 [0] NCCL INFO Channel 15 : 0[1d000] -> 2[8f000] via P2P/IPC/read
lrdn0077:1502753:1502822 [1] NCCL INFO Channel 15 : 1[56000] -> 3[c8000] via P2P/IPC/read
lrdn0077:1502755:1502812 [3] NCCL INFO Channel 20 : 3[c8000] -> 1[56000] via P2P/IPC/read
lrdn0077:1502754:1502817 [2] NCCL INFO Channel 19 : 2[8f000] -> 0[1d000] via P2P/IPC/read
lrdn0077:1502752:1502807 [0] NCCL INFO Channel 20 : 0[1d000] -> 2[8f000] via P2P/IPC/read
lrdn0077:1502753:1502822 [1] NCCL INFO Channel 19 : 1[56000] -> 3[c8000] via P2P/IPC/read
lrdn0077:1502755:1502812 [3] NCCL INFO Channel 22 : 3[c8000] -> 1[56000] via P2P/IPC/read
lrdn0077:1502754:1502817 [2] NCCL INFO Channel 22 : 2[8f000] -> 0[1d000] via P2P/IPC/read
lrdn0077:1502752:1502807 [0] NCCL INFO Channel 21 : 0[1d000] -> 2[8f000] via P2P/IPC/read
lrdn0077:1502753:1502822 [1] NCCL INFO Channel 21 : 1[56000] -> 3[c8000] via P2P/IPC/read
lrdn0077:1502752:1502807 [0] NCCL INFO Channel 04 : 0[1d000] -> 3[c8000] via P2P/IPC/read
lrdn0077:1502754:1502817 [2] NCCL INFO Channel 03 : 2[8f000] -> 1[56000] via P2P/IPC/read
lrdn0077:1502755:1502812 [3] NCCL INFO Channel 01 : 3[c8000] -> 2[8f000] via P2P/IPC/read
lrdn0077:1502753:1502822 [1] NCCL INFO Channel 02 : 1[56000] -> 0[1d000] via P2P/IPC/read
lrdn0077:1502752:1502807 [0] NCCL INFO Channel 05 : 0[1d000] -> 3[c8000] via P2P/IPC/read
lrdn0077:1502754:1502817 [2] NCCL INFO Channel 05 : 2[8f000] -> 1[56000] via P2P/IPC/read
lrdn0077:1502755:1502812 [3] NCCL INFO Channel 05 : 3[c8000] -> 2[8f000] via P2P/IPC/read
lrdn0077:1502753:1502822 [1] NCCL INFO Channel 05 : 1[56000] -> 0[1d000] via P2P/IPC/read
lrdn0077:1502752:1502807 [0] NCCL INFO Channel 10 : 0[1d000] -> 3[c8000] via P2P/IPC/read
lrdn0077:1502754:1502817 [2] NCCL INFO Channel 09 : 2[8f000] -> 1[56000] via P2P/IPC/read
lrdn0077:1502755:1502812 [3] NCCL INFO Channel 07 : 3[c8000] -> 2[8f000] via P2P/IPC/read
lrdn0077:1502753:1502822 [1] NCCL INFO Channel 08 : 1[56000] -> 0[1d000] via P2P/IPC/read
lrdn0077:1502752:1502807 [0] NCCL INFO Channel 11 : 0[1d000] -> 3[c8000] via P2P/IPC/read
lrdn0077:1502754:1502817 [2] NCCL INFO Channel 11 : 2[8f000] -> 1[56000] via P2P/IPC/read
lrdn0077:1502755:1502812 [3] NCCL INFO Channel 11 : 3[c8000] -> 2[8f000] via P2P/IPC/read
lrdn0077:1502753:1502822 [1] NCCL INFO Channel 11 : 1[56000] -> 0[1d000] via P2P/IPC/read
lrdn0077:1502752:1502807 [0] NCCL INFO Channel 16 : 0[1d000] -> 3[c8000] via P2P/IPC/read
lrdn0077:1502754:1502817 [2] NCCL INFO Channel 15 : 2[8f000] -> 1[56000] via P2P/IPC/read
lrdn0077:1502755:1502812 [3] NCCL INFO Channel 13 : 3[c8000] -> 2[8f000] via P2P/IPC/read
lrdn0077:1502753:1502822 [1] NCCL INFO Channel 14 : 1[56000] -> 0[1d000] via P2P/IPC/read
lrdn0077:1502752:1502807 [0] NCCL INFO Channel 17 : 0[1d000] -> 3[c8000] via P2P/IPC/read
lrdn0077:1502754:1502817 [2] NCCL INFO Channel 17 : 2[8f000] -> 1[56000] via P2P/IPC/read
lrdn0077:1502755:1502812 [3] NCCL INFO Channel 17 : 3[c8000] -> 2[8f000] via P2P/IPC/read
lrdn0077:1502753:1502822 [1] NCCL INFO Channel 17 : 1[56000] -> 0[1d000] via P2P/IPC/read
lrdn0077:1502752:1502807 [0] NCCL INFO Channel 22 : 0[1d000] -> 3[c8000] via P2P/IPC/read
lrdn0077:1502754:1502817 [2] NCCL INFO Channel 21 : 2[8f000] -> 1[56000] via P2P/IPC/read
lrdn0077:1502753:1502822 [1] NCCL INFO Channel 20 : 1[56000] -> 0[1d000] via P2P/IPC/read
lrdn0077:1502755:1502812 [3] NCCL INFO Channel 19 : 3[c8000] -> 2[8f000] via P2P/IPC/read
lrdn0077:1502752:1502807 [0] NCCL INFO Channel 23 : 0[1d000] -> 3[c8000] via P2P/IPC/read
lrdn0077:1502754:1502817 [2] NCCL INFO Channel 23 : 2[8f000] -> 1[56000] via P2P/IPC/read
lrdn0077:1502755:1502812 [3] NCCL INFO Channel 23 : 3[c8000] -> 2[8f000] via P2P/IPC/read
lrdn0077:1502753:1502822 [1] NCCL INFO Channel 23 : 1[56000] -> 0[1d000] via P2P/IPC/read
lrdn0077:1502754:1502817 [2] NCCL INFO Connected all rings
lrdn0077:1502752:1502807 [0] NCCL INFO Connected all rings
lrdn0077:1502753:1502822 [1] NCCL INFO Connected all rings
lrdn0077:1502753:1502822 [1] NCCL INFO Channel 01 : 1[56000] -> 2[8f000] via P2P/IPC/read
lrdn0077:1502753:1502822 [1] NCCL INFO Channel 07 : 1[56000] -> 2[8f000] via P2P/IPC/read
lrdn0077:1502753:1502822 [1] NCCL INFO Channel 08 : 1[56000] -> 2[8f000] via P2P/IPC/read
lrdn0077:1502754:1502817 [2] NCCL INFO Channel 01 : 2[8f000] -> 3[c8000] via P2P/IPC/read
lrdn0077:1502753:1502822 [1] NCCL INFO Channel 09 : 1[56000] -> 2[8f000] via P2P/IPC/read
lrdn0077:1502754:1502817 [2] NCCL INFO Channel 07 : 2[8f000] -> 3[c8000] via P2P/IPC/read
lrdn0077:1502755:1502812 [3] NCCL INFO Connected all rings
lrdn0077:1502753:1502822 [1] NCCL INFO Channel 13 : 1[56000] -> 2[8f000] via P2P/IPC/read
lrdn0077:1502754:1502817 [2] NCCL INFO Channel 09 : 2[8f000] -> 3[c8000] via P2P/IPC/read
lrdn0077:1502753:1502822 [1] NCCL INFO Channel 19 : 1[56000] -> 2[8f000] via P2P/IPC/read
lrdn0077:1502754:1502817 [2] NCCL INFO Channel 13 : 2[8f000] -> 3[c8000] via P2P/IPC/read
lrdn0077:1502753:1502822 [1] NCCL INFO Channel 20 : 1[56000] -> 2[8f000] via P2P/IPC/read
lrdn0077:1502754:1502817 [2] NCCL INFO Channel 19 : 2[8f000] -> 3[c8000] via P2P/IPC/read
lrdn0077:1502752:1502807 [0] NCCL INFO Channel 08 : 0[1d000] -> 1[56000] via P2P/IPC/read
lrdn0077:1502753:1502822 [1] NCCL INFO Channel 21 : 1[56000] -> 2[8f000] via P2P/IPC/read
lrdn0077:1502754:1502817 [2] NCCL INFO Channel 21 : 2[8f000] -> 3[c8000] via P2P/IPC/read
lrdn0077:1502752:1502807 [0] NCCL INFO Channel 09 : 0[1d000] -> 1[56000] via P2P/IPC/read
lrdn0077:1502752:1502807 [0] NCCL INFO Channel 20 : 0[1d000] -> 1[56000] via P2P/IPC/read
lrdn0077:1502752:1502807 [0] NCCL INFO Channel 21 : 0[1d000] -> 1[56000] via P2P/IPC/read
lrdn0077:1502755:1502812 [3] NCCL INFO Channel 02 : 3[c8000] -> 0[1d000] via P2P/IPC/read
lrdn0077:1502755:1502812 [3] NCCL INFO Channel 04 : 3[c8000] -> 0[1d000] via P2P/IPC/read
lrdn0077:1502755:1502812 [3] NCCL INFO Channel 05 : 3[c8000] -> 0[1d000] via P2P/IPC/read
lrdn0077:1502755:1502812 [3] NCCL INFO Channel 10 : 3[c8000] -> 0[1d000] via P2P/IPC/read
lrdn0077:1502755:1502812 [3] NCCL INFO Channel 11 : 3[c8000] -> 0[1d000] via P2P/IPC/read
lrdn0077:1502755:1502812 [3] NCCL INFO Channel 14 : 3[c8000] -> 0[1d000] via P2P/IPC/read
lrdn0077:1502755:1502812 [3] NCCL INFO Channel 16 : 3[c8000] -> 0[1d000] via P2P/IPC/read
lrdn0077:1502755:1502812 [3] NCCL INFO Channel 17 : 3[c8000] -> 0[1d000] via P2P/IPC/read
lrdn0077:1502755:1502812 [3] NCCL INFO Channel 22 : 3[c8000] -> 0[1d000] via P2P/IPC/read
lrdn0077:1502755:1502812 [3] NCCL INFO Channel 23 : 3[c8000] -> 0[1d000] via P2P/IPC/read
lrdn0077:1502753:1502822 [1] NCCL INFO Channel 02 : 1[56000] -> 3[c8000] via P2P/IPC/read
lrdn0077:1502753:1502822 [1] NCCL INFO Channel 04 : 1[56000] -> 3[c8000] via P2P/IPC/read
lrdn0077:1502753:1502822 [1] NCCL INFO Channel 05 : 1[56000] -> 3[c8000] via P2P/IPC/read
lrdn0077:1502753:1502822 [1] NCCL INFO Channel 10 : 1[56000] -> 3[c8000] via P2P/IPC/read
lrdn0077:1502753:1502822 [1] NCCL INFO Channel 11 : 1[56000] -> 3[c8000] via P2P/IPC/read
lrdn0077:1502753:1502822 [1] NCCL INFO Channel 14 : 1[56000] -> 3[c8000] via P2P/IPC/read
lrdn0077:1502753:1502822 [1] NCCL INFO Channel 16 : 1[56000] -> 3[c8000] via P2P/IPC/read
lrdn0077:1502753:1502822 [1] NCCL INFO Channel 17 : 1[56000] -> 3[c8000] via P2P/IPC/read
lrdn0077:1502753:1502822 [1] NCCL INFO Channel 22 : 1[56000] -> 3[c8000] via P2P/IPC/read
lrdn0077:1502753:1502822 [1] NCCL INFO Channel 23 : 1[56000] -> 3[c8000] via P2P/IPC/read
lrdn0077:1502752:1502807 [0] NCCL INFO Channel 04 : 0[1d000] -> 2[8f000] via P2P/IPC/read
lrdn0077:1502754:1502817 [2] NCCL INFO Channel 02 : 2[8f000] -> 0[1d000] via P2P/IPC/read
lrdn0077:1502752:1502807 [0] NCCL INFO Channel 05 : 0[1d000] -> 2[8f000] via P2P/IPC/read
lrdn0077:1502754:1502817 [2] NCCL INFO Channel 03 : 2[8f000] -> 0[1d000] via P2P/IPC/read
lrdn0077:1502752:1502807 [0] NCCL INFO Channel 10 : 0[1d000] -> 2[8f000] via P2P/IPC/read
lrdn0077:1502754:1502817 [2] NCCL INFO Channel 05 : 2[8f000] -> 0[1d000] via P2P/IPC/read
lrdn0077:1502752:1502807 [0] NCCL INFO Channel 11 : 0[1d000] -> 2[8f000] via P2P/IPC/read
lrdn0077:1502755:1502812 [3] NCCL INFO Channel 03 : 3[c8000] -> 1[56000] via P2P/IPC/read
lrdn0077:1502754:1502817 [2] NCCL INFO Channel 11 : 2[8f000] -> 0[1d000] via P2P/IPC/read
lrdn0077:1502752:1502807 [0] NCCL INFO Channel 16 : 0[1d000] -> 2[8f000] via P2P/IPC/read
lrdn0077:1502755:1502812 [3] NCCL INFO Channel 05 : 3[c8000] -> 1[56000] via P2P/IPC/read
lrdn0077:1502754:1502817 [2] NCCL INFO Channel 14 : 2[8f000] -> 0[1d000] via P2P/IPC/read
lrdn0077:1502752:1502807 [0] NCCL INFO Channel 17 : 0[1d000] -> 2[8f000] via P2P/IPC/read
lrdn0077:1502755:1502812 [3] NCCL INFO Channel 11 : 3[c8000] -> 1[56000] via P2P/IPC/read
lrdn0077:1502754:1502817 [2] NCCL INFO Channel 15 : 2[8f000] -> 0[1d000] via P2P/IPC/read
lrdn0077:1502752:1502807 [0] NCCL INFO Channel 22 : 0[1d000] -> 2[8f000] via P2P/IPC/read
lrdn0077:1502755:1502812 [3] NCCL INFO Channel 15 : 3[c8000] -> 1[56000] via P2P/IPC/read
lrdn0077:1502754:1502817 [2] NCCL INFO Channel 17 : 2[8f000] -> 0[1d000] via P2P/IPC/read
lrdn0077:1502752:1502807 [0] NCCL INFO Channel 23 : 0[1d000] -> 2[8f000] via P2P/IPC/read
lrdn0077:1502755:1502812 [3] NCCL INFO Channel 17 : 3[c8000] -> 1[56000] via P2P/IPC/read
lrdn0077:1502754:1502817 [2] NCCL INFO Channel 23 : 2[8f000] -> 0[1d000] via P2P/IPC/read
lrdn0077:1502755:1502812 [3] NCCL INFO Channel 23 : 3[c8000] -> 1[56000] via P2P/IPC/read
lrdn0077:1502755:1502812 [3] NCCL INFO Channel 00 : 3[c8000] -> 2[8f000] via P2P/IPC/read
lrdn0077:1502755:1502812 [3] NCCL INFO Channel 06 : 3[c8000] -> 2[8f000] via P2P/IPC/read
lrdn0077:1502755:1502812 [3] NCCL INFO Channel 08 : 3[c8000] -> 2[8f000] via P2P/IPC/read
lrdn0077:1502755:1502812 [3] NCCL INFO Channel 09 : 3[c8000] -> 2[8f000] via P2P/IPC/read
lrdn0077:1502755:1502812 [3] NCCL INFO Channel 12 : 3[c8000] -> 2[8f000] via P2P/IPC/read
lrdn0077:1502755:1502812 [3] NCCL INFO Channel 18 : 3[c8000] -> 2[8f000] via P2P/IPC/read
lrdn0077:1502755:1502812 [3] NCCL INFO Channel 20 : 3[c8000] -> 2[8f000] via P2P/IPC/read
lrdn0077:1502755:1502812 [3] NCCL INFO Channel 21 : 3[c8000] -> 2[8f000] via P2P/IPC/read
lrdn0077:1502753:1502822 [1] NCCL INFO Channel 00 : 1[56000] -> 0[1d000] via P2P/IPC/read
lrdn0077:1502753:1502822 [1] NCCL INFO Channel 01 : 1[56000] -> 0[1d000] via P2P/IPC/read
lrdn0077:1502753:1502822 [1] NCCL INFO Channel 06 : 1[56000] -> 0[1d000] via P2P/IPC/read
lrdn0077:1502753:1502822 [1] NCCL INFO Channel 07 : 1[56000] -> 0[1d000] via P2P/IPC/read
lrdn0077:1502754:1502817 [2] NCCL INFO Channel 00 : 2[8f000] -> 1[56000] via P2P/IPC/read
lrdn0077:1502753:1502822 [1] NCCL INFO Channel 09 : 1[56000] -> 0[1d000] via P2P/IPC/read
lrdn0077:1502754:1502817 [2] NCCL INFO Channel 01 : 2[8f000] -> 1[56000] via P2P/IPC/read
lrdn0077:1502753:1502822 [1] NCCL INFO Channel 12 : 1[56000] -> 0[1d000] via P2P/IPC/read
lrdn0077:1502754:1502817 [2] NCCL INFO Channel 06 : 2[8f000] -> 1[56000] via P2P/IPC/read
lrdn0077:1502753:1502822 [1] NCCL INFO Channel 13 : 1[56000] -> 0[1d000] via P2P/IPC/read
lrdn0077:1502754:1502817 [2] NCCL INFO Channel 07 : 2[8f000] -> 1[56000] via P2P/IPC/read
lrdn0077:1502753:1502822 [1] NCCL INFO Channel 18 : 1[56000] -> 0[1d000] via P2P/IPC/read
lrdn0077:1502752:1502807 [0] NCCL INFO Channel 02 : 0[1d000] -> 3[c8000] via P2P/IPC/read
lrdn0077:1502754:1502817 [2] NCCL INFO Channel 08 : 2[8f000] -> 1[56000] via P2P/IPC/read
lrdn0077:1502753:1502822 [1] NCCL INFO Channel 19 : 1[56000] -> 0[1d000] via P2P/IPC/read
lrdn0077:1502752:1502807 [0] NCCL INFO Channel 03 : 0[1d000] -> 3[c8000] via P2P/IPC/read
lrdn0077:1502754:1502817 [2] NCCL INFO Channel 12 : 2[8f000] -> 1[56000] via P2P/IPC/read
lrdn0077:1502752:1502807 [0] NCCL INFO Channel 14 : 0[1d000] -> 3[c8000] via P2P/IPC/read
lrdn0077:1502753:1502822 [1] NCCL INFO Channel 21 : 1[56000] -> 0[1d000] via P2P/IPC/read
lrdn0077:1502754:1502817 [2] NCCL INFO Channel 13 : 2[8f000] -> 1[56000] via P2P/IPC/read
lrdn0077:1502752:1502807 [0] NCCL INFO Channel 15 : 0[1d000] -> 3[c8000] via P2P/IPC/read
lrdn0077:1502754:1502817 [2] NCCL INFO Channel 18 : 2[8f000] -> 1[56000] via P2P/IPC/read
lrdn0077:1502754:1502817 [2] NCCL INFO Channel 19 : 2[8f000] -> 1[56000] via P2P/IPC/read
lrdn0077:1502754:1502817 [2] NCCL INFO Channel 20 : 2[8f000] -> 1[56000] via P2P/IPC/read
lrdn0077:1502752:1502807 [0] NCCL INFO Connected all trees
lrdn0077:1502752:1502807 [0] NCCL INFO MSCCL_XML_FILES set by environment to test.xml
lrdn0077:1502752:1502807 [0] NCCL INFO MSCCL: Parsing algorithm test.xml
lrdn0077:1502755:1502812 [3] NCCL INFO Connected all trees
lrdn0077:1502755:1502812 [3] NCCL INFO MSCCL_XML_FILES set by environment to test.xml
lrdn0077:1502755:1502812 [3] NCCL INFO MSCCL: Parsing algorithm test.xml
lrdn0077:1502754:1502817 [2] NCCL INFO Connected all trees
lrdn0077:1502754:1502817 [2] NCCL INFO MSCCL_XML_FILES set by environment to test.xml
lrdn0077:1502754:1502817 [2] NCCL INFO MSCCL: Parsing algorithm test.xml
lrdn0077:1502753:1502822 [1] NCCL INFO Connected all trees
lrdn0077:1502753:1502822 [1] NCCL INFO MSCCL_XML_FILES set by environment to test.xml
lrdn0077:1502753:1502822 [1] NCCL INFO MSCCL: Parsing algorithm test.xml
lrdn0077:1502752:1502807 [0] NCCL INFO Parsed MSCCL Algorithm test.xml successfully.
lrdn0077:1502755:1502812 [3] NCCL INFO Parsed MSCCL Algorithm test.xml successfully.
lrdn0077:1502752:1502807 [0] NCCL INFO Channel 00 : 0[1d000] -> 3[c8000] via P2P/IPC/read
lrdn0077:1502754:1502817 [2] NCCL INFO Parsed MSCCL Algorithm test.xml successfully.
lrdn0077:1502752:1502807 [0] NCCL INFO Connected 1 MSCCL algorithms
lrdn0077:1502752:1502807 [0] NCCL INFO NCCL_ALGO set by environment to MSCCL,RING,TREE
lrdn0077:1502755:1502812 [3] NCCL INFO Connected 1 MSCCL algorithms
lrdn0077:1502752:1502807 [0] NCCL INFO threadThresholds 8/8/64 | 32/8/64 | 8/8/64 | 8/8/512
lrdn0077:1502755:1502812 [3] NCCL INFO NCCL_ALGO set by environment to MSCCL,RING,TREE
lrdn0077:1502755:1502812 [3] NCCL INFO threadThresholds 8/8/64 | 32/8/64 | 8/8/64 | 8/8/512
lrdn0077:1502754:1502817 [2] NCCL INFO Connected 1 MSCCL algorithms
lrdn0077:1502754:1502817 [2] NCCL INFO NCCL_ALGO set by environment to MSCCL,RING,TREE
lrdn0077:1502754:1502817 [2] NCCL INFO threadThresholds 8/8/64 | 32/8/64 | 8/8/64 | 8/8/512
lrdn0077:1502753:1502822 [1] NCCL INFO Parsed MSCCL Algorithm test.xml successfully.
lrdn0077:1502753:1502822 [1] NCCL INFO Connected 1 MSCCL algorithms
lrdn0077:1502753:1502822 [1] NCCL INFO NCCL_ALGO set by environment to MSCCL,RING,TREE
lrdn0077:1502753:1502822 [1] NCCL INFO threadThresholds 8/8/64 | 32/8/64 | 8/8/64 | 8/8/512
lrdn0077:1502752:1502807 [0] NCCL INFO 24 coll channels, 32 p2p channels, 8 p2p channels per peer
lrdn0077:1502755:1502812 [3] NCCL INFO 24 coll channels, 32 p2p channels, 8 p2p channels per peer
lrdn0077:1502754:1502817 [2] NCCL INFO 24 coll channels, 32 p2p channels, 8 p2p channels per peer
lrdn0077:1502753:1502822 [1] NCCL INFO 24 coll channels, 32 p2p channels, 8 p2p channels per peer
lrdn0077:1502753:1502822 [1] NCCL INFO comm 0x1477b045a010 rank 1 nranks 4 cudaDev 1 busId 56000 - Init COMPLETE
lrdn0077:1502754:1502817 [2] NCCL INFO comm 0x14a99a259010 rank 2 nranks 4 cudaDev 2 busId 8f000 - Init COMPLETE
lrdn0077:1502752:1502807 [0] NCCL INFO comm 0x151bfc450010 rank 0 nranks 4 cudaDev 0 busId 1d000 - Init COMPLETE
lrdn0077:1502755:1502812 [3] NCCL INFO comm 0x14616845a010 rank 3 nranks 4 cudaDev 3 busId c8000 - Init COMPLETE
#
#                                                              out-of-place                       in-place          
#       size         count      type   redop    root     time   algbw   busbw #wrong     time   algbw   busbw #wrong
#        (B)    (elements)                               (us)  (GB/s)  (GB/s)            (us)  (GB/s)  (GB/s)       
lrdn0077:1502752:1502752 [0] NCCL INFO Launch mode Parallel
         128            32     float     sum      -1     8.79    0.01    0.02      0    33.41    0.00    0.01      0
         256            64     float     sum      -1     8.09    0.03    0.05      0    32.56    0.01    0.01      0
         512           128     float     sum      -1     8.22    0.06    0.09      0    32.49    0.02    0.02      0
        1024           256     float     sum      -1     8.75    0.12    0.18      0    32.62    0.03    0.05      0
        2048           512     float     sum      -1     9.44    0.22    0.33      0    32.91    0.06    0.09      0
        4096          1024     float     sum      -1     9.77    0.42    0.63      0    34.60    0.12    0.18      0
        8192          2048     float     sum      -1    10.52    0.78    1.17      0    35.13    0.23    0.35      0
       16384          4096     float     sum      -1    12.44    1.32    1.98      0    36.36    0.45    0.68      0
       32768          8192     float     sum      -1    14.67    2.23    3.35      0    39.59    0.83    1.24      0
       65536         16384     float     sum      -1    16.14    4.06    6.09      0    46.74    1.40    2.10      0
^Csrun: interrupt (one more within 1 sec to abort)
srun: StepId=8037004.5 tasks 0-3: running
      131072         32768     float     sum      -1    19.81    6.61    9.92      0    59.21    2.21    3.32      0
      262144         65536     float     sum      -1    26.84    9.77   14.65      0    81.93    3.20    4.80      0
^Csrun: interrupt (one more within 1 sec to abort)
srun: StepId=8037004.5 tasks 0-3: running
^Csrun: sending Ctrl-C to StepId=8037004.5
srun: forcing job termination
srun: Job step aborted: Waiting up to 92 seconds for job step to finish.
slurmstepd: error: *** STEP 8037004.5 ON lrdn0077 CANCELLED AT 2024-10-05T19:54:42 ***
^Csrun: sending Ctrl-C to StepId=8037004.5
srun: job abort in progress
(my_venv) [aolivie1@login02 ~]$ ^C
(my_venv) [aolivie1@login02 ~]$ ^C
(my_venv) [aolivie1@login02 ~]$ ^C
(my_venv) [aolivie1@login02 ~]$ ^C
(my_venv) [aolivie1@login02 ~]$ python msccl-tools/examples/mscclang/allreduce_swing_latency_sync.py 8 1 > test.xml
2024-10-05 19:54:51,881 - DEBUG - Starting step 0
2024-10-05 19:54:51,881 - DEBUG - copying input buffer of 0 into scratch of 0
2024-10-05 19:54:51,881 - DEBUG - copying input buffer of 1 into scratch of 1
2024-10-05 19:54:51,881 - DEBUG - reducing scratch buffer of 0 into the input buffer of 0
2024-10-05 19:54:51,881 - DEBUG - reducing scratch buffer of 1 into the input buffer of 1
2024-10-05 19:54:51,881 - DEBUG - copying input buffer of 2 into scratch of 2
2024-10-05 19:54:51,881 - DEBUG - copying input buffer of 3 into scratch of 3
2024-10-05 19:54:51,881 - DEBUG - reducing scratch buffer of 2 into the input buffer of 2
2024-10-05 19:54:51,881 - DEBUG - reducing scratch buffer of 3 into the input buffer of 3
2024-10-05 19:54:51,881 - DEBUG - copying input buffer of 4 into scratch of 4
2024-10-05 19:54:51,881 - DEBUG - copying input buffer of 5 into scratch of 5
2024-10-05 19:54:51,881 - DEBUG - reducing scratch buffer of 4 into the input buffer of 4
2024-10-05 19:54:51,881 - DEBUG - reducing scratch buffer of 5 into the input buffer of 5
2024-10-05 19:54:51,881 - DEBUG - copying input buffer of 6 into scratch of 6
2024-10-05 19:54:51,882 - DEBUG - copying input buffer of 7 into scratch of 7
2024-10-05 19:54:51,882 - DEBUG - reducing scratch buffer of 6 into the input buffer of 6
2024-10-05 19:54:51,882 - DEBUG - reducing scratch buffer of 7 into the input buffer of 7
2024-10-05 19:54:51,882 - DEBUG - Starting step 1
2024-10-05 19:54:51,882 - DEBUG - copying input buffer of 0 into scratch of 0
2024-10-05 19:54:51,882 - DEBUG - copying input buffer of 1 into scratch of 1
2024-10-05 19:54:51,882 - DEBUG - copying input buffer of 2 into scratch of 2
2024-10-05 19:54:51,882 - DEBUG - reducing scratch buffer of 1 into the input buffer of 1
2024-10-05 19:54:51,882 - DEBUG - reducing scratch buffer of 2 into the input buffer of 2
2024-10-05 19:54:51,882 - DEBUG - copying input buffer of 3 into scratch of 3
2024-10-05 19:54:51,882 - DEBUG - copying input buffer of 4 into scratch of 4
2024-10-05 19:54:51,882 - DEBUG - reducing scratch buffer of 3 into the input buffer of 3
2024-10-05 19:54:51,882 - DEBUG - reducing scratch buffer of 4 into the input buffer of 4
2024-10-05 19:54:51,882 - DEBUG - copying input buffer of 5 into scratch of 5
2024-10-05 19:54:51,882 - DEBUG - copying input buffer of 6 into scratch of 6
2024-10-05 19:54:51,882 - DEBUG - reducing scratch buffer of 5 into the input buffer of 5
2024-10-05 19:54:51,882 - DEBUG - reducing scratch buffer of 6 into the input buffer of 6
2024-10-05 19:54:51,882 - DEBUG - copying input buffer of 7 into scratch of 7
2024-10-05 19:54:51,882 - DEBUG - reducing scratch buffer of 0 into the input buffer of 0
2024-10-05 19:54:51,882 - DEBUG - reducing scratch buffer of 7 into the input buffer of 7
2024-10-05 19:54:51,882 - DEBUG - Starting step 2
2024-10-05 19:54:51,882 - DEBUG - copying input buffer of 0 into scratch of 0
2024-10-05 19:54:51,883 - DEBUG - copying input buffer of 1 into scratch of 1
2024-10-05 19:54:51,883 - DEBUG - copying input buffer of 2 into scratch of 2
2024-10-05 19:54:51,883 - DEBUG - copying input buffer of 3 into scratch of 3
2024-10-05 19:54:51,883 - DEBUG - reducing scratch buffer of 0 into the input buffer of 0
2024-10-05 19:54:51,883 - DEBUG - reducing scratch buffer of 3 into the input buffer of 3
2024-10-05 19:54:51,883 - DEBUG - copying input buffer of 4 into scratch of 4
2024-10-05 19:54:51,883 - DEBUG - copying input buffer of 5 into scratch of 5
2024-10-05 19:54:51,883 - DEBUG - reducing scratch buffer of 2 into the input buffer of 2
2024-10-05 19:54:51,883 - DEBUG - reducing scratch buffer of 5 into the input buffer of 5
2024-10-05 19:54:51,883 - DEBUG - copying input buffer of 6 into scratch of 6
2024-10-05 19:54:51,883 - DEBUG - reducing scratch buffer of 1 into the input buffer of 1
2024-10-05 19:54:51,883 - DEBUG - reducing scratch buffer of 6 into the input buffer of 6
2024-10-05 19:54:51,883 - DEBUG - copying input buffer of 7 into scratch of 7
2024-10-05 19:54:51,883 - DEBUG - reducing scratch buffer of 4 into the input buffer of 4
2024-10-05 19:54:51,883 - DEBUG - reducing scratch buffer of 7 into the input buffer of 7
(my_venv) [aolivie1@login02 ~]$ srun -n 8 -N 2 nccl-tests/build/all_reduce_perf --minbytes 128 --maxbytes 32MB --stepfactor 2 --ngpus 1 --check 1 --iters 100 --warmup_iters 100 --cudagraph 100 
# nThread 1 nGpus 1 minBytes 128 maxBytes 33554432 step: 2(factor) warmup iters: 100 iters: 100 agg iters: 1 validation: 1 graph: 100
#
# Using devices
#  Rank  0 Group  0 Pid 1502863 on   lrdn0077 device  0 [0x1d] NVIDIA A100-SXM-64GB
#  Rank  1 Group  0 Pid 1502864 on   lrdn0077 device  1 [0x56] NVIDIA A100-SXM-64GB
#  Rank  2 Group  0 Pid 1502865 on   lrdn0077 device  2 [0x8f] NVIDIA A100-SXM-64GB
#  Rank  3 Group  0 Pid 1502866 on   lrdn0077 device  3 [0xc8] NVIDIA A100-SXM-64GB
#  Rank  4 Group  0 Pid 1780354 on   lrdn0078 device  0 [0x1d] NVIDIA A100-SXM-64GB
#  Rank  5 Group  0 Pid 1780355 on   lrdn0078 device  1 [0x56] NVIDIA A100-SXM-64GB
#  Rank  6 Group  0 Pid 1780356 on   lrdn0078 device  2 [0x8f] NVIDIA A100-SXM-64GB
#  Rank  7 Group  0 Pid 1780357 on   lrdn0078 device  3 [0xc8] NVIDIA A100-SXM-64GB
lrdn0077:1502863:1502863 [0] NCCL INFO Bootstrap : Using ib0:10.128.7.85<0>
lrdn0077:1502863:1502863 [0] NCCL INFO NET/Plugin : No plugin found (libnccl-net.so), using internal implementation
lrdn0077:1502863:1502863 [0] NCCL INFO NET/IB : Using [0]mlx5_0:1/IB [1]mlx5_1:1/IB [2]mlx5_2:1/IB [3]mlx5_3:1/IB [RO]; OOB ib0:10.128.7.85<0>
lrdn0077:1502863:1502863 [0] NCCL INFO Using network IB
NCCL version 2.12.12.MSCCL.0.7.4+cuda12.1
lrdn0077:1502866:1502866 [3] NCCL INFO Bootstrap : Using ib0:10.128.7.85<0>
lrdn0077:1502866:1502866 [3] NCCL INFO NET/Plugin : No plugin found (libnccl-net.so), using internal implementation
lrdn0077:1502866:1502866 [3] NCCL INFO NET/IB : Using [0]mlx5_0:1/IB [1]mlx5_1:1/IB [2]mlx5_2:1/IB [3]mlx5_3:1/IB [RO]; OOB ib0:10.128.7.85<0>
lrdn0077:1502866:1502866 [3] NCCL INFO Using network IB
lrdn0077:1502864:1502864 [1] NCCL INFO Bootstrap : Using ib0:10.128.7.85<0>
lrdn0077:1502864:1502864 [1] NCCL INFO NET/Plugin : No plugin found (libnccl-net.so), using internal implementation
lrdn0078:1780355:1780355 [1] NCCL INFO Bootstrap : Using ib0:10.128.7.89<0>
lrdn0078:1780355:1780355 [1] NCCL INFO NET/Plugin : No plugin found (libnccl-net.so), using internal implementation
lrdn0078:1780356:1780356 [2] NCCL INFO Bootstrap : Using ib0:10.128.7.89<0>
lrdn0078:1780356:1780356 [2] NCCL INFO NET/Plugin : No plugin found (libnccl-net.so), using internal implementation
lrdn0077:1502864:1502864 [1] NCCL INFO NET/IB : Using [0]mlx5_0:1/IB [1]mlx5_1:1/IB [2]mlx5_2:1/IB [3]mlx5_3:1/IB [RO]; OOB ib0:10.128.7.85<0>
lrdn0077:1502864:1502864 [1] NCCL INFO Using network IB
lrdn0077:1502865:1502865 [2] NCCL INFO Bootstrap : Using ib0:10.128.7.85<0>
lrdn0077:1502865:1502865 [2] NCCL INFO NET/Plugin : No plugin found (libnccl-net.so), using internal implementation
lrdn0078:1780355:1780355 [1] NCCL INFO NET/IB : Using [0]mlx5_0:1/IB [1]mlx5_1:1/IB [2]mlx5_2:1/IB [3]mlx5_3:1/IB [RO]; OOB ib0:10.128.7.89<0>
lrdn0078:1780355:1780355 [1] NCCL INFO Using network IB
lrdn0078:1780356:1780356 [2] NCCL INFO NET/IB : Using [0]mlx5_0:1/IB [1]mlx5_1:1/IB [2]mlx5_2:1/IB [3]mlx5_3:1/IB [RO]; OOB ib0:10.128.7.89<0>
lrdn0078:1780356:1780356 [2] NCCL INFO Using network IB
lrdn0078:1780354:1780354 [0] NCCL INFO Bootstrap : Using ib0:10.128.7.89<0>
lrdn0078:1780354:1780354 [0] NCCL INFO NET/Plugin : No plugin found (libnccl-net.so), using internal implementation
lrdn0077:1502865:1502865 [2] NCCL INFO NET/IB : Using [0]mlx5_0:1/IB [1]mlx5_1:1/IB [2]mlx5_2:1/IB [3]mlx5_3:1/IB [RO]; OOB ib0:10.128.7.85<0>
lrdn0077:1502865:1502865 [2] NCCL INFO Using network IB
lrdn0078:1780354:1780354 [0] NCCL INFO NET/IB : Using [0]mlx5_0:1/IB [1]mlx5_1:1/IB [2]mlx5_2:1/IB [3]mlx5_3:1/IB [RO]; OOB ib0:10.128.7.89<0>
lrdn0078:1780354:1780354 [0] NCCL INFO Using network IB
lrdn0078:1780357:1780357 [3] NCCL INFO Bootstrap : Using ib0:10.128.7.89<0>
lrdn0078:1780357:1780357 [3] NCCL INFO NET/Plugin : No plugin found (libnccl-net.so), using internal implementation
lrdn0078:1780357:1780357 [3] NCCL INFO NET/IB : Using [0]mlx5_0:1/IB [1]mlx5_1:1/IB [2]mlx5_2:1/IB [3]mlx5_3:1/IB [RO]; OOB ib0:10.128.7.89<0>
lrdn0078:1780357:1780357 [3] NCCL INFO Using network IB
lrdn0077:1502865:1503167 [2] NCCL INFO Setting affinity for GPU 2 to ffff
lrdn0077:1502866:1503148 [3] NCCL INFO Setting affinity for GPU 3 to ffff
lrdn0077:1502864:1503153 [1] NCCL INFO Setting affinity for GPU 1 to ffff
lrdn0078:1780354:1780654 [0] NCCL INFO Setting affinity for GPU 0 to ffff
lrdn0078:1780357:1780659 [3] NCCL INFO Setting affinity for GPU 3 to ffff
lrdn0078:1780355:1780648 [1] NCCL INFO Setting affinity for GPU 1 to ffff
lrdn0077:1502863:1502995 [0] NCCL INFO Setting affinity for GPU 0 to ffff
lrdn0078:1780356:1780649 [2] NCCL INFO Setting affinity for GPU 2 to ffff
lrdn0078:1780356:1780649 [2] NCCL INFO Trees [0] 7/-1/-1->6->5 [1] -1/-1/-1->6->4 [2] 4/-1/-1->6->2 [3] 5/-1/-1->6->7 [4] 7/-1/-1->6->5 [5] -1/-1/-1->6->4 [6] 4/2/-1->6->-1 [7] 5/-1/-1->6->7
lrdn0078:1780357:1780659 [3] NCCL INFO Trees [0] -1/-1/-1->7->6 [1] 4/-1/-1->7->5 [2] 5/-1/-1->7->4 [3] 6/-1/-1->7->3 [4] -1/-1/-1->7->6 [5] 4/-1/-1->7->5 [6] 5/-1/-1->7->4 [7] 6/3/-1->7->-1
lrdn0078:1780354:1780654 [0] NCCL INFO Trees [0] 5/-1/-1->4->0 [1] 6/-1/-1->4->7 [2] 7/-1/-1->4->6 [3] -1/-1/-1->4->5 [4] 5/0/-1->4->-1 [5] 6/-1/-1->4->7 [6] 7/-1/-1->4->6 [7] -1/-1/-1->4->5
lrdn0078:1780355:1780648 [1] NCCL INFO Trees [0] 6/-1/-1->5->4 [1] 7/-1/-1->5->1 [2] -1/-1/-1->5->7 [3] 4/-1/-1->5->6 [4] 6/-1/-1->5->4 [5] 7/1/-1->5->-1 [6] -1/-1/-1->5->7 [7] 4/-1/-1->5->6
lrdn0077:1502863:1502995 [0] NCCL INFO Channel 00/08 :    0   1   2   3   4   5   6   7
lrdn0077:1502863:1502995 [0] NCCL INFO Channel 01/08 :    0   3   2   5   4   7   6   1
lrdn0077:1502863:1502995 [0] NCCL INFO Channel 02/08 :    0   3   6   5   4   7   2   1
lrdn0077:1502863:1502995 [0] NCCL INFO Channel 03/08 :    0   7   6   5   4   3   2   1
lrdn0077:1502863:1502995 [0] NCCL INFO Channel 04/08 :    0   1   2   3   4   5   6   7
lrdn0077:1502863:1502995 [0] NCCL INFO Channel 05/08 :    0   3   2   5   4   7   6   1
lrdn0077:1502863:1502995 [0] NCCL INFO Channel 06/08 :    0   3   6   5   4   7   2   1
lrdn0077:1502863:1502995 [0] NCCL INFO Channel 07/08 :    0   7   6   5   4   3   2   1
lrdn0077:1502863:1502995 [0] NCCL INFO Trees [0] 1/4/-1->0->-1 [1] 2/-1/-1->0->3 [2] 3/-1/-1->0->2 [3] -1/-1/-1->0->1 [4] 1/-1/-1->0->4 [5] 2/-1/-1->0->3 [6] 3/-1/-1->0->2 [7] -1/-1/-1->0->1
lrdn0077:1502864:1503153 [1] NCCL INFO Trees [0] 2/-1/-1->1->0 [1] 3/5/-1->1->-1 [2] -1/-1/-1->1->3 [3] 0/-1/-1->1->2 [4] 2/-1/-1->1->0 [5] 3/-1/-1->1->5 [6] -1/-1/-1->1->3 [7] 0/-1/-1->1->2
lrdn0077:1502865:1503167 [2] NCCL INFO Trees [0] 3/-1/-1->2->1 [1] -1/-1/-1->2->0 [2] 0/6/-1->2->-1 [3] 1/-1/-1->2->3 [4] 3/-1/-1->2->1 [5] -1/-1/-1->2->0 [6] 0/-1/-1->2->6 [7] 1/-1/-1->2->3
lrdn0077:1502866:1503148 [3] NCCL INFO Trees [0] -1/-1/-1->3->2 [1] 0/-1/-1->3->1 [2] 1/-1/-1->3->0 [3] 2/7/-1->3->-1 [4] -1/-1/-1->3->2 [5] 0/-1/-1->3->1 [6] 1/-1/-1->3->0 [7] 2/-1/-1->3->7
lrdn0077:1502865:1503167 [2] NCCL INFO Channel 00 : 2[8f000] -> 3[c8000] via P2P/IPC/read
lrdn0077:1502865:1503167 [2] NCCL INFO Channel 04 : 2[8f000] -> 3[c8000] via P2P/IPC/read
lrdn0078:1780356:1780649 [2] NCCL INFO Channel 00 : 6[8f000] -> 7[c8000] via P2P/IPC/read
lrdn0077:1502864:1503153 [1] NCCL INFO Channel 00 : 1[56000] -> 2[8f000] via P2P/IPC/read
lrdn0078:1780355:1780648 [1] NCCL INFO Channel 00 : 5[56000] -> 6[8f000] via P2P/IPC/read
lrdn0077:1502864:1503153 [1] NCCL INFO Channel 04 : 1[56000] -> 2[8f000] via P2P/IPC/read
lrdn0078:1780355:1780648 [1] NCCL INFO Channel 04 : 5[56000] -> 6[8f000] via P2P/IPC/read
lrdn0078:1780356:1780649 [2] NCCL INFO Channel 04 : 6[8f000] -> 7[c8000] via P2P/IPC/read
lrdn0077:1502866:1503148 [3] NCCL INFO Channel 00/0 : 3[c8000] -> 4[1d000] [send] via NET/IB/0(0)/GDRDMA
lrdn0077:1502863:1502995 [0] NCCL INFO Channel 00/0 : 7[c8000] -> 0[1d000] [receive] via NET/IB/0/GDRDMA
lrdn0078:1780357:1780659 [3] NCCL INFO Channel 00/0 : 7[c8000] -> 0[1d000] [send] via NET/IB/0(4)/GDRDMA
lrdn0078:1780354:1780654 [0] NCCL INFO Channel 00/0 : 3[c8000] -> 4[1d000] [receive] via NET/IB/0/GDRDMA
lrdn0078:1780357:1780659 [3] NCCL INFO Channel 04/0 : 7[c8000] -> 0[1d000] [send] via NET/IB/0(4)/GDRDMA
lrdn0077:1502863:1502995 [0] NCCL INFO Channel 04/0 : 7[c8000] -> 0[1d000] [receive] via NET/IB/0/GDRDMA
lrdn0077:1502863:1502995 [0] NCCL INFO Channel 00 : 0[1d000] -> 1[56000] via P2P/IPC/read
lrdn0078:1780354:1780654 [0] NCCL INFO Channel 04/0 : 3[c8000] -> 4[1d000] [receive] via NET/IB/0/GDRDMA
lrdn0078:1780354:1780654 [0] NCCL INFO Channel 00 : 4[1d000] -> 5[56000] via P2P/IPC/read
lrdn0077:1502866:1503148 [3] NCCL INFO Channel 04/0 : 3[c8000] -> 4[1d000] [send] via NET/IB/0(0)/GDRDMA
lrdn0077:1502863:1502995 [0] NCCL INFO Channel 04 : 0[1d000] -> 1[56000] via P2P/IPC/read
lrdn0078:1780354:1780654 [0] NCCL INFO Channel 04 : 4[1d000] -> 5[56000] via P2P/IPC/read
lrdn0077:1502865:1503167 [2] NCCL INFO Channel 02/0 : 7[c8000] -> 2[8f000] [receive] via NET/IB/2/GDRDMA
lrdn0078:1780356:1780649 [2] NCCL INFO Channel 02/0 : 3[c8000] -> 6[8f000] [receive] via NET/IB/2/GDRDMA
lrdn0077:1502864:1503153 [1] NCCL INFO Channel 01/0 : 6[8f000] -> 1[56000] [receive] via NET/IB/1/GDRDMA
lrdn0078:1780355:1780648 [1] NCCL INFO Channel 01/0 : 2[8f000] -> 5[56000] [receive] via NET/IB/1/GDRDMA
lrdn0078:1780357:1780659 [3] NCCL INFO Channel 02/0 : 7[c8000] -> 2[8f000] [send] via NET/IB/2(6)/GDRDMA
lrdn0077:1502866:1503148 [3] NCCL INFO Channel 02/0 : 3[c8000] -> 6[8f000] [send] via NET/IB/2(2)/GDRDMA
lrdn0078:1780354:1780654 [0] NCCL INFO Channel 01 : 4[1d000] -> 7[c8000] via P2P/IPC/read
lrdn0078:1780354:1780654 [0] NCCL INFO Channel 02 : 4[1d000] -> 7[c8000] via P2P/IPC/read
lrdn0078:1780354:1780654 [0] NCCL INFO Channel 05 : 4[1d000] -> 7[c8000] via P2P/IPC/read
lrdn0077:1502863:1502995 [0] NCCL INFO Channel 01 : 0[1d000] -> 3[c8000] via P2P/IPC/read
lrdn0078:1780354:1780654 [0] NCCL INFO Channel 06 : 4[1d000] -> 7[c8000] via P2P/IPC/read
lrdn0077:1502863:1502995 [0] NCCL INFO Channel 02 : 0[1d000] -> 3[c8000] via P2P/IPC/read
lrdn0077:1502863:1502995 [0] NCCL INFO Channel 05 : 0[1d000] -> 3[c8000] via P2P/IPC/read
lrdn0077:1502863:1502995 [0] NCCL INFO Channel 06 : 0[1d000] -> 3[c8000] via P2P/IPC/read
lrdn0077:1502865:1503167 [2] NCCL INFO Channel 06/0 : 7[c8000] -> 2[8f000] [receive] via NET/IB/2/GDRDMA
lrdn0077:1502865:1503167 [2] NCCL INFO Channel 01/0 : 2[8f000] -> 5[56000] [send] via NET/IB/1(1)/GDRDMA
lrdn0077:1502864:1503153 [1] NCCL INFO Channel 05/0 : 6[8f000] -> 1[56000] [receive] via NET/IB/1/GDRDMA
lrdn0078:1780355:1780648 [1] NCCL INFO Channel 05/0 : 2[8f000] -> 5[56000] [receive] via NET/IB/1/GDRDMA
lrdn0078:1780356:1780649 [2] NCCL INFO Channel 06/0 : 3[c8000] -> 6[8f000] [receive] via NET/IB/2/GDRDMA
lrdn0078:1780356:1780649 [2] NCCL INFO Channel 01/0 : 6[8f000] -> 1[56000] [send] via NET/IB/1(5)/GDRDMA
lrdn0077:1502866:1503148 [3] NCCL INFO Channel 06/0 : 3[c8000] -> 6[8f000] [send] via NET/IB/2(2)/GDRDMA
lrdn0078:1780357:1780659 [3] NCCL INFO Channel 06/0 : 7[c8000] -> 2[8f000] [send] via NET/IB/2(6)/GDRDMA
lrdn0077:1502863:1502995 [0] NCCL INFO Channel 03/0 : 0[1d000] -> 7[c8000] [send] via NET/IB/3(3)/GDRDMA
lrdn0078:1780354:1780654 [0] NCCL INFO Channel 03/0 : 4[1d000] -> 3[c8000] [send] via NET/IB/3(7)/GDRDMA
lrdn0077:1502865:1503167 [2] NCCL INFO Channel 05/0 : 2[8f000] -> 5[56000] [send] via NET/IB/1(1)/GDRDMA
lrdn0078:1780356:1780649 [2] NCCL INFO Channel 05/0 : 6[8f000] -> 1[56000] [send] via NET/IB/1(5)/GDRDMA
lrdn0077:1502866:1503148 [3] NCCL INFO Channel 03/0 : 4[1d000] -> 3[c8000] [receive] via NET/IB/3/GDRDMA
lrdn0077:1502863:1502995 [0] NCCL INFO Channel 07/0 : 0[1d000] -> 7[c8000] [send] via NET/IB/3(3)/GDRDMA
lrdn0078:1780354:1780654 [0] NCCL INFO Channel 07/0 : 4[1d000] -> 3[c8000] [send] via NET/IB/3(7)/GDRDMA
lrdn0078:1780357:1780659 [3] NCCL INFO Channel 03/0 : 0[1d000] -> 7[c8000] [receive] via NET/IB/3/GDRDMA
lrdn0077:1502865:1503167 [2] NCCL INFO Channel 02 : 2[8f000] -> 1[56000] via P2P/IPC/read
lrdn0077:1502865:1503167 [2] NCCL INFO Channel 03 : 2[8f000] -> 1[56000] via P2P/IPC/read
lrdn0077:1502865:1503167 [2] NCCL INFO Channel 06 : 2[8f000] -> 1[56000] via P2P/IPC/read
lrdn0077:1502865:1503167 [2] NCCL INFO Channel 07 : 2[8f000] -> 1[56000] via P2P/IPC/read
lrdn0078:1780355:1780648 [1] NCCL INFO Channel 01 : 5[56000] -> 4[1d000] via P2P/IPC/read
lrdn0078:1780355:1780648 [1] NCCL INFO Channel 02 : 5[56000] -> 4[1d000] via P2P/IPC/read
lrdn0078:1780355:1780648 [1] NCCL INFO Channel 03 : 5[56000] -> 4[1d000] via P2P/IPC/read
lrdn0078:1780355:1780648 [1] NCCL INFO Channel 05 : 5[56000] -> 4[1d000] via P2P/IPC/read
lrdn0078:1780355:1780648 [1] NCCL INFO Channel 06 : 5[56000] -> 4[1d000] via P2P/IPC/read
lrdn0078:1780355:1780648 [1] NCCL INFO Channel 07 : 5[56000] -> 4[1d000] via P2P/IPC/read
lrdn0077:1502864:1503153 [1] NCCL INFO Channel 01 : 1[56000] -> 0[1d000] via P2P/IPC/read
lrdn0077:1502864:1503153 [1] NCCL INFO Channel 02 : 1[56000] -> 0[1d000] via P2P/IPC/read
lrdn0077:1502864:1503153 [1] NCCL INFO Channel 03 : 1[56000] -> 0[1d000] via P2P/IPC/read
lrdn0077:1502864:1503153 [1] NCCL INFO Channel 05 : 1[56000] -> 0[1d000] via P2P/IPC/read
lrdn0077:1502864:1503153 [1] NCCL INFO Channel 06 : 1[56000] -> 0[1d000] via P2P/IPC/read
lrdn0077:1502864:1503153 [1] NCCL INFO Channel 07 : 1[56000] -> 0[1d000] via P2P/IPC/read
lrdn0077:1502864:1503153 [1] NCCL INFO Connected all rings
lrdn0077:1502864:1503153 [1] NCCL INFO Channel 03 : 1[56000] -> 2[8f000] via P2P/IPC/read
lrdn0077:1502864:1503153 [1] NCCL INFO Channel 07 : 1[56000] -> 2[8f000] via P2P/IPC/read
lrdn0078:1780356:1780649 [2] NCCL INFO Channel 02 : 6[8f000] -> 5[56000] via P2P/IPC/read
lrdn0078:1780356:1780649 [2] NCCL INFO Channel 03 : 6[8f000] -> 5[56000] via P2P/IPC/read
lrdn0078:1780356:1780649 [2] NCCL INFO Channel 06 : 6[8f000] -> 5[56000] via P2P/IPC/read
lrdn0078:1780356:1780649 [2] NCCL INFO Channel 07 : 6[8f000] -> 5[56000] via P2P/IPC/read
lrdn0078:1780355:1780648 [1] NCCL INFO Connected all rings
lrdn0078:1780355:1780648 [1] NCCL INFO Channel 03 : 5[56000] -> 6[8f000] via P2P/IPC/read
lrdn0078:1780355:1780648 [1] NCCL INFO Channel 07 : 5[56000] -> 6[8f000] via P2P/IPC/read
lrdn0077:1502866:1503148 [3] NCCL INFO Channel 07/0 : 4[1d000] -> 3[c8000] [receive] via NET/IB/3/GDRDMA
lrdn0077:1502866:1503148 [3] NCCL INFO Channel 01 : 3[c8000] -> 2[8f000] via P2P/IPC/read
lrdn0077:1502866:1503148 [3] NCCL INFO Channel 03 : 3[c8000] -> 2[8f000] via P2P/IPC/read
lrdn0077:1502866:1503148 [3] NCCL INFO Channel 05 : 3[c8000] -> 2[8f000] via P2P/IPC/read
lrdn0077:1502866:1503148 [3] NCCL INFO Channel 07 : 3[c8000] -> 2[8f000] via P2P/IPC/read
lrdn0077:1502865:1503167 [2] NCCL INFO Connected all rings
lrdn0077:1502865:1503167 [2] NCCL INFO Channel 03 : 2[8f000] -> 3[c8000] via P2P/IPC/read
lrdn0077:1502865:1503167 [2] NCCL INFO Channel 07 : 2[8f000] -> 3[c8000] via P2P/IPC/read
lrdn0078:1780357:1780659 [3] NCCL INFO Channel 07/0 : 0[1d000] -> 7[c8000] [receive] via NET/IB/3/GDRDMA
lrdn0078:1780357:1780659 [3] NCCL INFO Channel 01 : 7[c8000] -> 6[8f000] via P2P/IPC/read
lrdn0078:1780357:1780659 [3] NCCL INFO Channel 03 : 7[c8000] -> 6[8f000] via P2P/IPC/read
lrdn0078:1780357:1780659 [3] NCCL INFO Channel 05 : 7[c8000] -> 6[8f000] via P2P/IPC/read
lrdn0078:1780357:1780659 [3] NCCL INFO Channel 07 : 7[c8000] -> 6[8f000] via P2P/IPC/read
lrdn0078:1780354:1780654 [0] NCCL INFO Connected all rings
lrdn0078:1780354:1780654 [0] NCCL INFO Channel 03 : 4[1d000] -> 5[56000] via P2P/IPC/read
lrdn0078:1780354:1780654 [0] NCCL INFO Channel 07 : 4[1d000] -> 5[56000] via P2P/IPC/read
lrdn0078:1780354:1780654 [0] NCCL INFO Channel 01 : 4[1d000] -> 6[8f000] via P2P/IPC/read
lrdn0077:1502866:1503148 [3] NCCL INFO Connected all rings
lrdn0078:1780354:1780654 [0] NCCL INFO Channel 02 : 4[1d000] -> 6[8f000] via P2P/IPC/read
lrdn0078:1780354:1780654 [0] NCCL INFO Channel 05 : 4[1d000] -> 6[8f000] via P2P/IPC/read
lrdn0078:1780354:1780654 [0] NCCL INFO Channel 06 : 4[1d000] -> 6[8f000] via P2P/IPC/read
lrdn0078:1780356:1780649 [2] NCCL INFO Connected all rings
lrdn0078:1780356:1780649 [2] NCCL INFO Channel 03 : 6[8f000] -> 7[c8000] via P2P/IPC/read
lrdn0078:1780356:1780649 [2] NCCL INFO Channel 07 : 6[8f000] -> 7[c8000] via P2P/IPC/read
lrdn0078:1780355:1780648 [1] NCCL INFO Channel 01 : 5[56000] -> 7[c8000] via P2P/IPC/read
lrdn0078:1780355:1780648 [1] NCCL INFO Channel 02 : 5[56000] -> 7[c8000] via P2P/IPC/read
lrdn0078:1780355:1780648 [1] NCCL INFO Channel 05 : 5[56000] -> 7[c8000] via P2P/IPC/read
lrdn0078:1780355:1780648 [1] NCCL INFO Channel 06 : 5[56000] -> 7[c8000] via P2P/IPC/read
lrdn0077:1502863:1502995 [0] NCCL INFO Connected all rings
lrdn0077:1502863:1502995 [0] NCCL INFO Channel 03 : 0[1d000] -> 1[56000] via P2P/IPC/read
lrdn0077:1502863:1502995 [0] NCCL INFO Channel 07 : 0[1d000] -> 1[56000] via P2P/IPC/read
lrdn0078:1780357:1780659 [3] NCCL INFO Connected all rings
lrdn0077:1502863:1502995 [0] NCCL INFO Channel 01 : 0[1d000] -> 2[8f000] via P2P/IPC/read
lrdn0077:1502864:1503153 [1] NCCL INFO Channel 01 : 1[56000] -> 3[c8000] via P2P/IPC/read
lrdn0077:1502863:1502995 [0] NCCL INFO Channel 02 : 0[1d000] -> 2[8f000] via P2P/IPC/read
lrdn0077:1502864:1503153 [1] NCCL INFO Channel 02 : 1[56000] -> 3[c8000] via P2P/IPC/read
lrdn0077:1502864:1503153 [1] NCCL INFO Channel 05 : 1[56000] -> 3[c8000] via P2P/IPC/read
lrdn0077:1502864:1503153 [1] NCCL INFO Channel 06 : 1[56000] -> 3[c8000] via P2P/IPC/read
lrdn0077:1502863:1502995 [0] NCCL INFO Channel 05 : 0[1d000] -> 2[8f000] via P2P/IPC/read
lrdn0077:1502863:1502995 [0] NCCL INFO Channel 06 : 0[1d000] -> 2[8f000] via P2P/IPC/read
lrdn0077:1502864:1503153 [1] NCCL INFO Channel 01/0 : 5[56000] -> 1[56000] [receive] via NET/IB/1/GDRDMA
lrdn0077:1502866:1503148 [3] NCCL INFO Channel 03/0 : 7[c8000] -> 3[c8000] [receive] via NET/IB/3/GDRDMA
lrdn0077:1502863:1502995 [0] NCCL INFO Channel 00/0 : 4[1d000] -> 0[1d000] [receive] via NET/IB/0/GDRDMA
lrdn0077:1502865:1503167 [2] NCCL INFO Channel 02/0 : 6[8f000] -> 2[8f000] [receive] via NET/IB/2/GDRDMA
lrdn0078:1780354:1780654 [0] NCCL INFO Channel 00/0 : 0[1d000] -> 4[1d000] [receive] via NET/IB/0/GDRDMA
lrdn0078:1780356:1780649 [2] NCCL INFO Channel 02/0 : 2[8f000] -> 6[8f000] [receive] via NET/IB/2/GDRDMA
lrdn0078:1780357:1780659 [3] NCCL INFO Channel 03/0 : 3[c8000] -> 7[c8000] [receive] via NET/IB/3/GDRDMA
lrdn0078:1780355:1780648 [1] NCCL INFO Channel 01/0 : 1[56000] -> 5[56000] [receive] via NET/IB/1/GDRDMA
lrdn0077:1502865:1503167 [2] NCCL INFO Channel 06/0 : 6[8f000] -> 2[8f000] [receive] via NET/IB/2/GDRDMA
